Component: Arm Compiler for Embedded 6.24 Tool: armlink [5f371500]

==============================================================================

Section Cross References

    startup_stm32g474xx.o(STACK) refers (Special) to heapauxi.o(.text) for __use_two_region_memory
    startup_stm32g474xx.o(HEAP) refers (Special) to heapauxi.o(.text) for __use_two_region_memory
    startup_stm32g474xx.o(RESET) refers (Special) to heapauxi.o(.text) for __use_two_region_memory
    startup_stm32g474xx.o(RESET) refers to startup_stm32g474xx.o(STACK) for __initial_sp
    startup_stm32g474xx.o(RESET) refers to startup_stm32g474xx.o(.text) for Reset_Handler
    startup_stm32g474xx.o(RESET) refers to stm32g4xx_it.o(.text.NMI_Handler) for NMI_Handler
    startup_stm32g474xx.o(RESET) refers to stm32g4xx_it.o(.text.HardFault_Handler) for HardFault_Handler
    startup_stm32g474xx.o(RESET) refers to stm32g4xx_it.o(.text.MemManage_Handler) for MemManage_Handler
    startup_stm32g474xx.o(RESET) refers to stm32g4xx_it.o(.text.BusFault_Handler) for BusFault_Handler
    startup_stm32g474xx.o(RESET) refers to stm32g4xx_it.o(.text.UsageFault_Handler) for UsageFault_Handler
    startup_stm32g474xx.o(RESET) refers to stm32g4xx_it.o(.text.SVC_Handler) for SVC_Handler
    startup_stm32g474xx.o(RESET) refers to stm32g4xx_it.o(.text.DebugMon_Handler) for DebugMon_Handler
    startup_stm32g474xx.o(RESET) refers to stm32g4xx_it.o(.text.PendSV_Handler) for PendSV_Handler
    startup_stm32g474xx.o(RESET) refers to stm32g4xx_it.o(.text.SysTick_Handler) for SysTick_Handler
    startup_stm32g474xx.o(RESET) refers to stm32g4xx_it.o(.text.DMA1_Channel1_IRQHandler) for DMA1_Channel1_IRQHandler
    startup_stm32g474xx.o(RESET) refers to stm32g4xx_it.o(.text.DMA1_Channel2_IRQHandler) for DMA1_Channel2_IRQHandler
    startup_stm32g474xx.o(RESET) refers to stm32g4xx_it.o(.text.DMA1_Channel3_IRQHandler) for DMA1_Channel3_IRQHandler
    startup_stm32g474xx.o(RESET) refers to stm32g4xx_it.o(.text.DMA1_Channel4_IRQHandler) for DMA1_Channel4_IRQHandler
    startup_stm32g474xx.o(RESET) refers to stm32g4xx_it.o(.text.DMA1_Channel5_IRQHandler) for DMA1_Channel5_IRQHandler
    startup_stm32g474xx.o(RESET) refers to stm32g4xx_it.o(.text.TIM2_IRQHandler) for TIM2_IRQHandler
    startup_stm32g474xx.o(RESET) refers to stm32g4xx_it.o(.text.TIM3_IRQHandler) for TIM3_IRQHandler
    startup_stm32g474xx.o(RESET) refers to stm32g4xx_it.o(.text.TIM4_IRQHandler) for TIM4_IRQHandler
    startup_stm32g474xx.o(RESET) refers to stm32g4xx_it.o(.text.USART1_IRQHandler) for USART1_IRQHandler
    startup_stm32g474xx.o(RESET) refers to stm32g4xx_it.o(.text.DMA2_Channel1_IRQHandler) for DMA2_Channel1_IRQHandler
    startup_stm32g474xx.o(RESET) refers to stm32g4xx_it.o(.text.DMA2_Channel2_IRQHandler) for DMA2_Channel2_IRQHandler
    startup_stm32g474xx.o(RESET) refers to stm32g4xx_it.o(.text.FDCAN2_IT0_IRQHandler) for FDCAN2_IT0_IRQHandler
    startup_stm32g474xx.o(.text) refers (Special) to heapauxi.o(.text) for __use_two_region_memory
    startup_stm32g474xx.o(.text) refers to system_stm32g4xx.o(.text.SystemInit) for SystemInit
    startup_stm32g474xx.o(.text) refers to __main.o(!!!main) for __main
    startup_stm32g474xx.o(.text) refers to startup_stm32g474xx.o(HEAP) for Heap_Mem
    startup_stm32g474xx.o(.text) refers to startup_stm32g474xx.o(STACK) for Stack_Mem
    main.o(.text.main) refers to stm32g4xx_hal.o(.text.HAL_Init) for HAL_Init
    main.o(.text.main) refers to stm32g4xx_hal_pwr_ex.o(.text.HAL_PWREx_ControlVoltageScaling) for HAL_PWREx_ControlVoltageScaling
    main.o(.text.main) refers to stm32g4xx_hal_rcc.o(.text.HAL_RCC_OscConfig) for HAL_RCC_OscConfig
    main.o(.text.main) refers to stm32g4xx_hal_rcc.o(.text.HAL_RCC_ClockConfig) for HAL_RCC_ClockConfig
    main.o(.text.main) refers to gpio.o(.text.MX_GPIO_Init) for MX_GPIO_Init
    main.o(.text.main) refers to dma.o(.text.MX_DMA_Init) for MX_DMA_Init
    main.o(.text.main) refers to adc.o(.text.MX_ADC1_Init) for MX_ADC1_Init
    main.o(.text.main) refers to adc.o(.text.MX_ADC2_Init) for MX_ADC2_Init
    main.o(.text.main) refers to adc.o(.text.MX_ADC3_Init) for MX_ADC3_Init
    main.o(.text.main) refers to adc.o(.text.MX_ADC4_Init) for MX_ADC4_Init
    main.o(.text.main) refers to adc.o(.text.MX_ADC5_Init) for MX_ADC5_Init
    main.o(.text.main) refers to fdcan.o(.text.MX_FDCAN2_Init) for MX_FDCAN2_Init
    main.o(.text.main) refers to hrtim.o(.text.MX_HRTIM1_Init) for MX_HRTIM1_Init
    main.o(.text.main) refers to usart.o(.text.MX_UART4_Init) for MX_UART4_Init
    main.o(.text.main) refers to usart.o(.text.MX_USART1_UART_Init) for MX_USART1_UART_Init
    main.o(.text.main) refers to tim.o(.text.MX_TIM2_Init) for MX_TIM2_Init
    main.o(.text.main) refers to tim.o(.text.MX_TIM3_Init) for MX_TIM3_Init
    main.o(.text.main) refers to tim.o(.text.MX_TIM4_Init) for MX_TIM4_Init
    main.o(.text.main) refers to adc.o(.bss.hadc1) for hadc1
[...]
    [Anonymous Symbol]                       0x08004ee4   Section        0  stm32g4xx_hal_uart_ex.o(.text.HAL_UARTEx_SetTxFifoThreshold)
    [Anonymous Symbol]                       0x08004f70   Section        0  stm32g4xx_hal_uart_ex.o(.text.HAL_UARTEx_TxFifoEmptyCallback)
    [Anonymous Symbol]                       0x08004f74   Section        0  stm32g4xx_hal_uart_ex.o(.text.HAL_UARTEx_WakeupCallback)
    [Anonymous Symbol]                       0x08004f78   Section        0  stm32g4xx_hal_uart.o(.text.HAL_UART_ErrorCallback)
    [Anonymous Symbol]                       0x08004f7c   Section        0  stm32g4xx_hal_uart.o(.text.HAL_UART_IRQHandler)
    [Anonymous Symbol]                       0x080055cc   Section        0  stm32g4xx_hal_uart.o(.text.HAL_UART_Init)
    [Anonymous Symbol]                       0x08005630   Section        0  usart.o(.text.HAL_UART_MspInit)
    [Anonymous Symbol]                       0x080057b4   Section        0  stm32g4xx_hal_uart.o(.text.HAL_UART_Transmit_DMA)
    [Anonymous Symbol]                       0x0800589c   Section        0  stm32g4xx_hal_uart.o(.text.HAL_UART_TxCpltCallback)
    [Anonymous Symbol]                       0x080058a0   Section        0  stm32g4xx_hal_uart.o(.text.HAL_UART_TxHalfCpltCallback)
    HRTIM_OutputConfig                       0x080058a5   Thumb Code   234  stm32g4xx_hal_hrtim.o(.text.HRTIM_OutputConfig)
    [Anonymous Symbol]                       0x080058a4   Section        0  stm32g4xx_hal_hrtim.o(.text.HRTIM_OutputConfig)
    [Anonymous Symbol]                       0x08005990   Section        0  stm32g4xx_it.o(.text.HardFault_Handler)
    [Anonymous Symbol]                       0x08005994   Section        0  adc.o(.text.MX_ADC1_Init)
    [Anonymous Symbol]                       0x08005a54   Section        0  adc.o(.text.MX_ADC2_Init)
    [Anonymous Symbol]                       0x08005af8   Section        0  adc.o(.text.MX_ADC3_Init)
    [Anonymous Symbol]                       0x08005bc0   Section        0  adc.o(.text.MX_ADC4_Init)
    [Anonymous Symbol]                       0x08005c64   Section        0  adc.o(.text.MX_ADC5_Init)
    [Anonymous Symbol]                       0x08005d08   Section        0  dma.o(.text.MX_DMA_Init)
    [Anonymous Symbol]                       0x08005dc0   Section        0  fdcan.o(.text.MX_FDCAN2_Init)
    [Anonymous Symbol]                       0x08005e18   Section        0  gpio.o(.text.MX_GPIO_Init)
    [Anonymous Symbol]                       0x08005e70   Section        0  hrtim.o(.text.MX_HRTIM1_Init)
    [Anonymous Symbol]                       0x08006230   Section        0  tim.o(.text.MX_TIM2_Init)
    [Anonymous Symbol]                       0x080062a4   Section        0  tim.o(.text.MX_TIM3_Init)
    [Anonymous Symbol]                       0x0800631c   Section        0  tim.o(.text.MX_TIM4_Init)
    [Anonymous Symbol]                       0x08006394   Section        0  usart.o(.text.MX_UART4_Init)
    [Anonymous Symbol]                       0x08006418   Section        0  usart.o(.text.MX_USART1_UART_Init)
    [Anonymous Symbol]                       0x0800649c   Section        0  stm32g4xx_it.o(.text.MemManage_Handler)
    [Anonymous Symbol]                       0x080064a0   Section        0  stm32g4xx_it.o(.text.NMI_Handler)
    [Anonymous Symbol]                       0x080064a4   Section        0  tim_task.o(.text.PI_init)
    [Anonymous Symbol]                       0x080064c8   Section        0  stm32g4xx_it.o(.text.PendSV_Handler)
    [Anonymous Symbol]                       0x080064cc   Section        0  stm32g4xx_it.o(.text.SVC_Handler)
    [Anonymous Symbol]                       0x080064d0   Section        0  can.o(.text.SuperCapCommInit)
    [Anonymous Symbol]                       0x08006518   Section        0  stm32g4xx_it.o(.text.SysTick_Handler)
    [Anonymous Symbol]                       0x0800651c   Section        0  system_stm32g4xx.o(.text.SystemInit)
    [Anonymous Symbol]                       0x08006530   Section        0  stm32g4xx_it.o(.text.TIM2_IRQHandler)
    [Anonymous Symbol]                       0x0800653c   Section        0  stm32g4xx_it.o(.text.TIM3_IRQHandler)
    [Anonymous Symbol]                       0x08006548   Section        0  stm32g4xx_it.o(.text.TIM4_IRQHandler)
    [Anonymous Symbol]                       0x08006554   Section        0  stm32g4xx_hal_tim.o(.text.TIM_Base_SetConfig)
    [Anonymous Symbol]                       0x080066a8   Section        0  stm32g4xx_hal_uart.o(.text.UART_AdvFeatureConfig)
    [Anonymous Symbol]                       0x08006790   Section        0  stm32g4xx_hal_uart.o(.text.UART_CheckIdleState)
    UART_DMAAbortOnError                     0x080068fd   Thumb Code    12  stm32g4xx_hal_uart.o(.text.UART_DMAAbortOnError)
    [Anonymous Symbol]                       0x080068fc   Section        0  stm32g4xx_hal_uart.o(.text.UART_DMAAbortOnError)
    UART_DMAError                            0x08006909   Thumb Code   474  stm32g4xx_hal_uart.o(.text.UART_DMAError)
    [Anonymous Symbol]                       0x08006908   Section        0  stm32g4xx_hal_uart.o(.text.UART_DMAError)
    UART_DMATransmitCplt                     0x08006ae5   Thumb Code   176  stm32g4xx_hal_uart.o(.text.UART_DMATransmitCplt)
    [Anonymous Symbol]                       0x08006ae4   Section        0  stm32g4xx_hal_uart.o(.text.UART_DMATransmitCplt)
    UART_DMATxHalfCplt                       0x08006b95   Thumb Code     6  stm32g4xx_hal_uart.o(.text.UART_DMATxHalfCplt)
    [Anonymous Symbol]                       0x08006b94   Section        0  stm32g4xx_hal_uart.o(.text.UART_DMATxHalfCplt)
    [Anonymous Symbol]                       0x08006b9c   Section        0  stm32g4xx_hal_uart.o(.text.UART_SetConfig)
    [Anonymous Symbol]                       0x08006e50   Section        0  stm32g4xx_hal_uart.o(.text.UART_WaitOnFlagUntilTimeout)
    [Anonymous Symbol]                       0x08007188   Section        0  stm32g4xx_it.o(.text.USART1_IRQHandler)
    UpdateTxMsg                              0x08007195   Thumb Code    12  can.o(.text.UpdateTxMsg)
    [Anonymous Symbol]                       0x08007194   Section        0  can.o(.text.UpdateTxMsg)
    [Anonymous Symbol]                       0x080071a0   Section        0  stm32g4xx_it.o(.text.UsageFault_Handler)
    [Anonymous Symbol]                       0x080071a4   Section        0  can.o(.text.can_filter_init)
    [Anonymous Symbol]                       0x08007200   Section        0  main.o(.text.main)
    $v0                                      0x080073f4   Number         0  fpinit.o(x$fpl$fpinit)
    x$fpl$fpinit                             0x080073f4   Section       26  fpinit.o(x$fpl$fpinit)
    DLCtoBytes                               0x0800743e   Data          16  stm32g4xx_hal_fdcan.o(.rodata.cst16)
    [Anonymous Symbol]                       0x0800743e   Section        0  stm32g4xx_hal_fdcan.o(.rodata.cst16)
    .Lswitch.table.UART_SetConfig.5          0x08007450   Data          16  stm32g4xx_hal_uart.o(.rodata.cst16)
    UARTEx_SetNbDataToProcess.numerator      0x08007460   Data           8  stm32g4xx_hal_uart_ex.o(.rodata.cst8)
    [Anonymous Symbol]                       0x08007460   Section        0  stm32g4xx_hal_uart_ex.o(.rodata.cst8)
    UARTEx_SetNbDataToProcess.denominator    0x08007468   Data           8  stm32g4xx_hal_uart_ex.o(.rodata.cst8)
    .L_MergedGlobals                         0x20000000   Data           8  stm32g4xx_hal.o(.data..L_MergedGlobals)
    [Anonymous Symbol]                       0x20000000   Section        0  stm32g4xx_hal.o(.data..L_MergedGlobals)
    .bss                                     0x20000048   Section       96  libspace.o(.bss)
    .L_MergedGlobals                         0x200000a8   Data         104  adc.o(.bss..L_MergedGlobals)
    HAL_RCC_ADC12_CLK_ENABLED                0x200000a8   Data           4  adc.o(.bss..L_MergedGlobals)
    [Anonymous Symbol]                       0x200000a8   Section        0  adc.o(.bss..L_MergedGlobals)
    HAL_RCC_ADC345_CLK_ENABLED               0x200000ac   Data           4  adc.o(.bss..L_MergedGlobals)
    .L_MergedGlobals                         0x20000110   Data         104  tim_task.o(.bss..L_MergedGlobals)
    [Anonymous Symbol]                       0x20000110   Section        0  tim_task.o(.bss..L_MergedGlobals)
    .L_MergedGlobals                         0x20000178   Data         104  can.o(.bss..L_MergedGlobals)
    [Anonymous Symbol]                       0x20000178   Section        0  can.o(.bss..L_MergedGlobals)
    .L_MergedGlobals.1                       0x200001e0   Data         100  tim_task.o(.bss..L_MergedGlobals.1)
    [Anonymous Symbol]                       0x200001e0   Section        0  tim_task.o(.bss..L_MergedGlobals.1)
    Heap_Mem                                 0x20000a68   Data         512  startup_stm32g474xx.o(HEAP)
    HEAP                                     0x20000a68   Section      512  startup_stm32g474xx.o(HEAP)
    Stack_Mem                                0x20000c68   Data        1024  startup_stm32g474xx.o(STACK)
    STACK                                    0x20000c68   Section     1024  startup_stm32g474xx.o(STACK)
    __initial_sp                             0x20001068   Data           0  startup_stm32g474xx.o(STACK)

    Global Symbols

    Symbol Name                              Value     Ov Type        Size  Object(Section)

    BuildAttributes$$THM_ISAv4$E$P$D$K$B$S$7EM$VFPi3$EXTD16$VFPS$VFMA$PE$A:L22UL41UL21$X:L11$S22US41US21$IEEE1$IW$~IW$USESV6$~STKCKD$USESV7$~SHL$OTIME$ROPI$EBA8$UX$STANDARDLIB$REQ8$PRES8$EABIv2 0x00000000   Number         0  anon$$obj.o ABSOLUTE
    __ARM_exceptions_init                     - Undefined Weak Reference
    __alloca_initialize                       - Undefined Weak Reference
    __arm_preinit_                            - Undefined Weak Reference
    __arm_relocate_pie_                       - Undefined Weak Reference
    __cpp_initialize__aeabi_                  - Undefined Weak Reference
    __cxa_finalize                            - Undefined Weak Reference
    __rt_locale                               - Undefined Weak Reference
    __sigvec_lookup                           - Undefined Weak Reference
    _atexit_init                              - Undefined Weak Reference
    _call_atexit_fns                          - Undefined Weak Reference
    _clock_init                               - Undefined Weak Reference
    _fp_trap_init                             - Undefined Weak Reference
    _fp_trap_shutdown                         - Undefined Weak Reference
    _get_lc_collate                           - Undefined Weak Reference
    _get_lc_ctype                             - Undefined Weak Reference
    _get_lc_monetary                          - Undefined Weak Reference
    _get_lc_numeric                           - Undefined Weak Reference
    _get_lc_time                              - Undefined Weak Reference
    _getenv_init                              - Undefined Weak Reference
    _handle_redirection                       - Undefined Weak Reference
    _init_alloc                               - Undefined Weak Reference
    _init_user_alloc                          - Undefined Weak Reference
    _initio                                   - Undefined Weak Reference
    _rand_init                                - Undefined Weak Reference
    _signal_finish                            - Undefined Weak Reference
    _signal_init                              - Undefined Weak Reference
    _terminate_alloc                          - Undefined Weak Reference
    _terminate_user_alloc                     - Undefined Weak Reference
    _terminateio                              - Undefined Weak Reference
    __Vectors_Size                           0x000001d8   Number         0  startup_stm32g474xx.o ABSOLUTE
    __Vectors                                0x08000000   Data           4  startup_stm32g474xx.o(RESET)
    __Vectors_End                            0x080001d8   Data           0  startup_stm32g474xx.o(RESET)
    __main                                   0x080001d9   Thumb Code     8  __main.o(!!!main)
    __scatterload                            0x080001e1   Thumb Code     0  __scatter.o(!!!scatter)
    __scatterload_rt2                        0x080001e1   Thumb Code    84  __scatter.o(!!!scatter)
    __scatterload_rt2_thumb_only             0x080001e1   Thumb Code     0  __scatter.o(!!!scatter)
    __scatterload_loop                       0x080001eb   Thumb Code     0  __scatter.o(!!!scatter)
    __scatterload_copy                       0x0800023d   Thumb Code    26  __scatter_copy.o(!!handler_copy)
    __scatterload_null                       0x08000259   Thumb Code     2  __scatter.o(!!handler_null)
    __scatterload_zeroinit                   0x0800025d   Thumb Code    28  __scatter_zi.o(!!handler_zi)
    __rt_lib_init                            0x08000279   Thumb Code     0  libinit.o(.ARM.Collect$$libinit$$00000000)
    __rt_lib_init_fp_1                       0x0800027b   Thumb Code     0  libinit2.o(.ARM.Collect$$libinit$$00000001)
    __rt_lib_init_alloca_1                   0x0800027f   Thumb Code     0  libinit2.o(.ARM.Collect$$libinit$$00000030)
    __rt_lib_init_argv_1                     0x0800027f   Thumb Code     0  libinit2.o(.ARM.Collect$$libinit$$0000002E)
    __rt_lib_init_atexit_1                   0x0800027f   Thumb Code     0  libinit2.o(.ARM.Collect$$libinit$$0000001D)
    __rt_lib_init_clock_1                    0x0800027f   Thumb Code     0  libinit2.o(.ARM.Collect$$libinit$$00000023)
    __rt_lib_init_cpp_1                      0x0800027f   Thumb Code     0  libinit2.o(.ARM.Collect$$libinit$$00000034)
    __rt_lib_init_exceptions_1               0x0800027f   Thumb Code     0  libinit2.o(.ARM.Collect$$libinit$$00000032)
    __rt_lib_init_fp_trap_1                  0x0800027f   Thumb Code     0  libinit2.o(.ARM.Collect$$libinit$$00000021)
    __rt_lib_init_getenv_1                   0x0800027f   Thumb Code     0  libinit2.o(.ARM.Collect$$libinit$$00000025)
    __rt_lib_init_heap_1                     0x0800027f   Thumb Code     0  libinit2.o(.ARM.Collect$$libinit$$0000000C)
    __rt_lib_init_lc_collate_1               0x0800027f   Thumb Code     0  libinit2.o(.ARM.Collect$$libinit$$00000013)
    __rt_lib_init_lc_ctype_1                 0x0800027f   Thumb Code     0  libinit2.o(.ARM.Collect$$libinit$$00000015)
    __rt_lib_init_lc_monetary_1              0x0800027f   Thumb Code     0  libinit2.o(.ARM.Collect$$libinit$$00000017)
    __rt_lib_init_lc_numeric_1               0x0800027f   Thumb Code     0  libinit2.o(.ARM.Collect$$libinit$$00000019)
    __rt_lib_init_lc_time_1                  0x0800027f   Thumb Code     0  libinit2.o(.ARM.Collect$$libinit$$0000001B)
    __rt_lib_init_preinit_1                  0x0800027f   Thumb Code     0  libinit2.o(.ARM.Collect$$libinit$$00000006)
    __rt_lib_init_rand_1                     0x0800027f   Thumb Code     0  libinit2.o(.ARM.Collect$$libinit$$00000010)
    __rt_lib_init_relocate_pie_1             0x0800027f   Thumb Code     0  libinit2.o(.ARM.Collect$$libinit$$00000004)
    __rt_lib_init_return                     0x0800027f   Thumb Code     0  libinit2.o(.ARM.Collect$$libinit$$00000035)
    __rt_lib_init_signal_1                   0x0800027f   Thumb Code     0  libinit2.o(.ARM.Collect$$libinit$$0000001F)
    __rt_lib_init_stdio_1                    0x0800027f   Thumb Code     0  libinit2.o(.ARM.Collect$$libinit$$00000027)
    __rt_lib_init_user_alloc_1               0x0800027f   Thumb Code     0  libinit2.o(.ARM.Collect$$libinit$$0000000E)
    __rt_lib_shutdown                        0x08000281   Thumb Code     0  libshutdown.o(.ARM.Collect$$libshutdown$$00000000)
    __rt_lib_shutdown_cpp_1                  0x08000283   Thumb Code     0  libshutdown2.o(.ARM.Collect$$libshutdown$$00000002)
    __rt_lib_shutdown_fp_trap_1              0x08000283   Thumb Code     0  libshutdown2.o(.ARM.Collect$$libshutdown$$00000007)
    __rt_lib_shutdown_heap_1                 0x08000283   Thumb Code     0  libshutdown2.o(.ARM.Collect$$libshutdown$$0000000F)
    __rt_lib_shutdown_return                 0x08000283   Thumb Code     0  libshutdown2.o(.ARM.Collect$$libshutdown$$00000010)
    __rt_lib_shutdown_signal_1               0x08000283   Thumb Code     0  libshutdown2.o(.ARM.Collect$$libshutdown$$0000000A)
    __rt_lib_shutdown_stdio_1                0x08000283   Thumb Code     0  libshutdown2.o(.ARM.Collect$$libshutdown$$00000004)
    __rt_lib_shutdown_user_alloc_1           0x08000283   Thumb Code     0  libshutdown2.o(.ARM.Collect$$libshutdown$$0000000C)
    __rt_entry                               0x08000285   Thumb Code     0  __rtentry.o(.ARM.Collect$$rtentry$$00000000)
    __rt_entry_presh_1                       0x08000285   Thumb Code     0  __rtentry2.o(.ARM.Collect$$rtentry$$00000002)
    __rt_entry_sh                            0x08000285   Thumb Code     0  __rtentry4.o(.ARM.Collect$$rtentry$$00000004)
    __rt_entry_li                            0x0800028b   Thumb Code     0  __rtentry2.o(.ARM.Collect$$rtentry$$0000000A)
    __rt_entry_postsh_1                      0x0800028b   Thumb Code     0  __rtentry2.o(.ARM.Collect$$rtentry$$00000009)
    __rt_entry_main                          0x0800028f   Thumb Code     0  __rtentry2.o(.ARM.Collect$$rtentry$$0000000D)
    __rt_entry_postli_1                      0x0800028f   Thumb Code     0  __rtentry2.o(.ARM.Collect$$rtentry$$0000000C)
    __rt_exit                                0x08000297   Thumb Code     0  rtexit.o(.ARM.Collect$$rtexit$$00000000)
    __rt_exit_ls                             0x08000299   Thumb Code     0  rtexit2.o(.ARM.Collect$$rtexit$$00000003)
    __rt_exit_prels_1                        0x08000299   Thumb Code     0  rtexit2.o(.ARM.Collect$$rtexit$$00000002)
    __rt_exit_exit                           0x0800029d   Thumb Code     0  rtexit2.o(.ARM.Collect$$rtexit$$00000004)
    Reset_Handler                            0x080002a5   Thumb Code     8  startup_stm32g474xx.o(.text)
    ADC1_2_IRQHandler                        0x080002bf   Thumb Code     0  startup_stm32g474xx.o(.text)
    ADC3_IRQHandler                          0x080002bf   Thumb Code     0  startup_stm32g474xx.o(.text)
    ADC4_IRQHandler                          0x080002bf   Thumb Code     0  startup_stm32g474xx.o(.text)
    ADC5_IRQHandler                          0x080002bf   Thumb Code     0  startup_stm32g474xx.o(.text)
    COMP1_2_3_IRQHandler                     0x080002bf   Thumb Code     0  startup_stm32g474xx.o(.text)
    COMP4_5_6_IRQHandler                     0x080002bf   Thumb Code     0  startup_stm32g474xx.o(.text)
    COMP7_IRQHandler                         0x080002bf   Thumb Code     0  startup_stm32g474xx.o(.text)
    CORDIC_IRQHandler                        0x080002bf   Thumb Code     0  startup_stm32g474xx.o(.text)
    CRS_IRQHandler                           0x080002bf   Thumb Code     0  startup_stm32g474xx.o(.text)
    DMA1_Channel6_IRQHandler                 0x080002bf   Thumb Code     0  startup_stm32g474xx.o(.text)
    DMA1_Channel7_IRQHandler                 0x080002bf   Thumb Code     0  startup_stm32g474xx.o(.text)
    DMA1_Channel8_IRQHandler                 0x080002bf   Thumb Code     0  startup_stm32g474xx.o(.text)
    DMA2_Channel3_IRQHandler                 0x080002bf   Thumb Code     0  startup_stm32g474xx.o(.text)
    DMA2_Channel4_IRQHandler                 0x080002bf   Thumb Code     0  startup_stm32g474xx.o(.text)
    DMA2_Channel5_IRQHandler                 0x080002bf   Thumb Code     0  startup_stm32g474xx.o(.text)
    DMA2_Channel6_IRQHandler                 0x080002bf   Thumb Code     0  startup_stm32g474xx.o(.text)
    DMA2_Channel7_IRQHandler                 0x080002bf   Thumb Code     0  startup_stm32g474xx.o(.text)
    DMA2_Channel8_IRQHandler                 0x080002bf   Thumb Code     0  startup_stm32g474xx.o(.text)
    DMAMUX_OVR_IRQHandler                    0x080002bf   Thumb Code     0  startup_stm32g474xx.o(.text)
    EXTI0_IRQHandler                         0x080002bf   Thumb Code     0  startup_stm32g474xx.o(.text)
    EXTI15_10_IRQHandler                     0x080002bf   Thumb Code     0  startup_stm32g474xx.o(.text)
    EXTI1_IRQHandler                         0x080002bf   Thumb Code     0  startup_stm32g474xx.o(.text)
    EXTI2_IRQHandler                         0x080002bf   Thumb Code     0  startup_stm32g474xx.o(.text)
    EXTI3_IRQHandler                         0x080002bf   Thumb Code     0  startup_stm32g474xx.o(.text)
    EXTI4_IRQHandler                         0x080002bf   Thumb Code     0  startup_stm32g474xx.o(.text)
    EXTI9_5_IRQHandler                       0x080002bf   Thumb Code     0  startup_stm32g474xx.o(.text)
    FDCAN1_IT0_IRQHandler                    0x080002bf   Thumb Code     0  startup_stm32g474xx.o(.text)
    FDCAN1_IT1_IRQHandler                    0x080002bf   Thumb Code     0  startup_stm32g474xx.o(.text)
    FDCAN2_IT1_IRQHandler                    0x080002bf   Thumb Code     0  startup_stm32g474xx.o(.text)
    FDCAN3_IT0_IRQHandler                    0x080002bf   Thumb Code     0  startup_stm32g474xx.o(.text)
    FDCAN3_IT1_IRQHandler                    0x080002bf   Thumb Code     0  startup_stm32g474xx.o(.text)
    FLASH_IRQHandler                         0x080002bf   Thumb Code     0  startup_stm32g474xx.o(.text)
    FMAC_IRQHandler                          0x080002bf   Thumb Code     0  startup_stm32g474xx.o(.text)
    FMC_IRQHandler                           0x080002bf   Thumb Code     0  startup_stm32g474xx.o(.text)
    FPU_IRQHandler                           0x080002bf   Thumb Code     0  startup_stm32g474xx.o(.text)
    HRTIM1_FLT_IRQHandler                    0x080002bf   Thumb Code     0  startup_stm32g474xx.o(.text)
    HRTIM1_Master_IRQHandler                 0x080002bf   Thumb Code     0  startup_stm32g474xx.o(.text)
    HRTIM1_TIMA_IRQHandler                   0x080002bf   Thumb Code     0  startup_stm32g474xx.o(.text)
    HRTIM1_TIMB_IRQHandler                   0x080002bf   Thumb Code     0  startup_stm32g474xx.o(.text)
    HRTIM1_TIMC_IRQHandler                   0x080002bf   Thumb Code     0  startup_stm32g474xx.o(.text)
    HRTIM1_TIMD_IRQHandler                   0x080002bf   Thumb Code     0  startup_stm32g474xx.o(.text)
    HRTIM1_TIME_IRQHandler                   0x080002bf   Thumb Code     0  startup_stm32g474xx.o(.text)
    HRTIM1_TIMF_IRQHandler                   0x080002bf   Thumb Code     0  startup_stm32g474xx.o(.text)
    I2C1_ER_IRQHandler                       0x080002bf   Thumb Code     0  startup_stm32g474xx.o(.text)
    I2C1_EV_IRQHandler                       0x080002bf   Thumb Code     0  startup_stm32g474xx.o(.text)
    I2C2_ER_IRQHandler                       0x080002bf   Thumb Code     0  startup_stm32g474xx.o(.text)
    I2C2_EV_IRQHandler                       0x080002bf   Thumb Code     0  startup_stm32g474xx.o(.text)
    I2C3_ER_IRQHandler                       0x080002bf   Thumb Code     0  startup_stm32g474xx.o(.text)
    I2C3_EV_IRQHandler                       0x080002bf   Thumb Code     0  startup_stm32g474xx.o(.text)
    I2C4_ER_IRQHandler                       0x080002bf   Thumb Code     0  startup_stm32g474xx.o(.text)
    I2C4_EV_IRQHandler                       0x080002bf   Thumb Code     0  startup_stm32g474xx.o(.text)
    LPTIM1_IRQHandler                        0x080002bf   Thumb Code     0  startup_stm32g474xx.o(.text)
    LPUART1_IRQHandler                       0x080002bf   Thumb Code     0  startup_stm32g474xx.o(.text)
    PVD_PVM_IRQHandler                       0x080002bf   Thumb Code     0  startup_stm32g474xx.o(.text)
    QUADSPI_IRQHandler                       0x080002bf   Thumb Code     0  startup_stm32g474xx.o(.text)
    RCC_IRQHandler                           0x080002bf   Thumb Code     0  startup_stm32g474xx.o(.text)
    RNG_IRQHandler                           0x080002bf   Thumb Code     0  startup_stm32g474xx.o(.text)
    RTC_Alarm_IRQHandler                     0x080002bf   Thumb Code     0  startup_stm32g474xx.o(.text)
    RTC_TAMP_LSECSS_IRQHandler               0x080002bf   Thumb Code     0  startup_stm32g474xx.o(.text)
    RTC_WKUP_IRQHandler                      0x080002bf   Thumb Code     0  startup_stm32g474xx.o(.text)
    SAI1_IRQHandler                          0x080002bf   Thumb Code     0  startup_stm32g474xx.o(.text)
    SPI1_IRQHandler                          0x080002bf   Thumb Code     0  startup_stm32g474xx.o(.text)
    SPI2_IRQHandler                          0x080002bf   Thumb Code     0  startup_stm32g474xx.o(.text)
    SPI3_IRQHandler                          0x080002bf   Thumb Code     0  startup_stm32g474xx.o(.text)
    SPI4_IRQHandler                          0x080002bf   Thumb Code     0  startup_stm32g474xx.o(.text)
    TIM1_BRK_TIM15_IRQHandler                0x080002bf   Thumb Code     0  startup_stm32g474xx.o(.text)
    TIM1_CC_IRQHandler                       0x080002bf   Thumb Code     0  startup_stm32g474xx.o(.text)
    TIM1_TRG_COM_TIM17_IRQHandler            0x080002bf   Thumb Code     0  startup_stm32g474xx.o(.text)
    TIM1_UP_TIM16_IRQHandler                 0x080002bf   Thumb Code     0  startup_stm32g474xx.o(.text)
    TIM20_BRK_IRQHandler                     0x080002bf   Thumb Code     0  startup_stm32g474xx.o(.text)
    TIM20_CC_IRQHandler                      0x080002bf   Thumb Code     0  startup_stm32g474xx.o(.text)
    TIM20_TRG_COM_IRQHandler                 0x080002bf   Thumb Code     0  startup_stm32g474xx.o(.text)
    TIM20_UP_IRQHandler                      0x080002bf   Thumb Code     0  startup_stm32g474xx.o(.text)
    TIM5_IRQHandler                          0x080002bf   Thumb Code     0  startup_stm32g474xx.o(.text)
    TIM6_DAC_IRQHandler                      0x080002bf   Thumb Code     0  startup_stm32g474xx.o(.text)
    TIM7_DAC_IRQHandler                      0x080002bf   Thumb Code     0  startup_stm32g474xx.o(.text)
    TIM8_BRK_IRQHandler                      0x080002bf   Thumb Code     0  startup_stm32g474xx.o(.text)
    TIM8_CC_IRQHandler                       0x080002bf   Thumb Code     0  startup_stm32g474xx.o(.text)
    TIM8_TRG_COM_IRQHandler                  0x080002bf   Thumb Code     0  startup_stm32g474xx.o(.text)
    TIM8_UP_IRQHandler                       0x080002bf   Thumb Code     0  startup_stm32g474xx.o(.text)
    UART4_IRQHandler                         0x080002bf   Thumb Code     0  startup_stm32g474xx.o(.text)
    UART5_IRQHandler                         0x080002bf   Thumb Code     0  startup_stm32g474xx.o(.text)
    UCPD1_IRQHandler                         0x080002bf   Thumb Code     0  startup_stm32g474xx.o(.text)
    USART2_IRQHandler                        0x080002bf   Thumb Code     0  startup_stm32g474xx.o(.text)
    USART3_IRQHandler                        0x080002bf   Thumb Code     0  startup_stm32g474xx.o(.text)
    USBWakeUp_IRQHandler                     0x080002bf   Thumb Code     0  startup_stm32g474xx.o(.text)
    USB_HP_IRQHandler                        0x080002bf   Thumb Code     0  startup_stm32g474xx.o(.text)
    USB_LP_IRQHandler                        0x080002bf   Thumb Code     0  startup_stm32g474xx.o(.text)
    WWDG_IRQHandler                          0x080002bf   Thumb Code     0  startup_stm32g474xx.o(.text)
    __user_initial_stackheap                 0x080002c1   Thumb Code     0  startup_stm32g474xx.o(.text)
    __aeabi_uldivmod                         0x080002e5   Thumb Code     0  lludivv7m.o(.text)
    _ll_udiv                                 0x080002e5   Thumb Code   240  lludivv7m.o(.text)
    __aeabi_memclr4                          0x080003d5   Thumb Code     0  rt_memclr_w.o(.text)
    __aeabi_memclr8                          0x080003d5   Thumb Code     0  rt_memclr_w.o(.text)
    __rt_memclr_w                            0x080003d5   Thumb Code     0  rt_memclr_w.o(.text)
    _memset_w                                0x080003d9   Thumb Code    74  rt_memclr_w.o(.text)
    __use_two_region_memory                  0x08000423   Thumb Code     2  heapauxi.o(.text)
    __rt_heap_escrow$2region                 0x08000425   Thumb Code     2  heapauxi.o(.text)
    __rt_heap_expand$2region                 0x08000427   Thumb Code     2  heapauxi.o(.text)
    __user_setup_stackheap                   0x08000429   Thumb Code    74  sys_stackheap_outer.o(.text)
    exit                                     0x08000473   Thumb Code    18  exit.o(.text)
    __user_libspace                          0x08000485   Thumb Code     8  libspace.o(.text)
    __user_perproc_libspace                  0x08000485   Thumb Code     0  libspace.o(.text)
    __user_perthread_libspace                0x08000485   Thumb Code     0  libspace.o(.text)
    _sys_exit                                0x0800048d   Thumb Code     8  sys_exit.o(.text)
    __I$use$semihosting                      0x08000499   Thumb Code     0  use_no_semi.o(.text)
    __use_no_semihosting_swi                 0x08000499   Thumb Code     2  use_no_semi.o(.text)
    __semihosting_library_function           0x0800049b   Thumb Code     0  indicate_semi.o(.text)
    ADC_DMAConvCplt                          0x0800049d   Thumb Code    98  stm32g4xx_hal_adc.o(.text.ADC_DMAConvCplt)
    ADC_DMAError                             0x08000501   Thumb Code    22  stm32g4xx_hal_adc.o(.text.ADC_DMAError)
    ADC_DMAHalfConvCplt                      0x08000519   Thumb Code     6  stm32g4xx_hal_adc.o(.text.ADC_DMAHalfConvCplt)
    ADC_Disable                              0x08000521   Thumb Code   124  stm32g4xx_hal_adc.o(.text.ADC_Disable)
    ADC_Enable                               0x0800059d   Thumb Code   270  stm32g4xx_hal_adc.o(.text.ADC_Enable)
    BusFault_Handler                         0x080006ad   Thumb Code     2  stm32g4xx_it.o(.text.BusFault_Handler)
    CAN_Send                                 0x080006b1   Thumb Code    68  can.o(.text.CAN_Send)
    DMA1_Channel1_IRQHandler                 0x080006f5   Thumb Code    12  stm32g4xx_it.o(.text.DMA1_Channel1_IRQHandler)
    DMA1_Channel2_IRQHandler                 0x08000701   Thumb Code    12  stm32g4xx_it.o(.text.DMA1_Channel2_IRQHandler)
    DMA1_Channel3_IRQHandler                 0x0800070d   Thumb Code    12  stm32g4xx_it.o(.text.DMA1_Channel3_IRQHandler)
    DMA1_Channel4_IRQHandler                 0x08000719   Thumb Code    12  stm32g4xx_it.o(.text.DMA1_Channel4_IRQHandler)
    DMA1_Channel5_IRQHandler                 0x08000725   Thumb Code    12  stm32g4xx_it.o(.text.DMA1_Channel5_IRQHandler)
    DMA2_Channel1_IRQHandler                 0x08000731   Thumb Code    12  stm32g4xx_it.o(.text.DMA2_Channel1_IRQHandler)
    DMA2_Channel2_IRQHandler                 0x0800073d   Thumb Code    12  stm32g4xx_it.o(.text.DMA2_Channel2_IRQHandler)
    DebugMon_Handler                         0x08000749   Thumb Code     2  stm32g4xx_it.o(.text.DebugMon_Handler)
    Error_Handler                            0x080007e5   Thumb Code    10  main.o(.text.Error_Handler)
    FDCAN2_IT0_IRQHandler                    0x080007f1   Thumb Code    12  stm32g4xx_it.o(.text.FDCAN2_IT0_IRQHandler)
    HAL_ADCEx_Calibration_Start              0x0800080d   Thumb Code   212  stm32g4xx_hal_adc_ex.o(.text.HAL_ADCEx_Calibration_Start)
    HAL_ADCEx_MultiModeConfigChannel         0x080008e1   Thumb Code   308  stm32g4xx_hal_adc_ex.o(.text.HAL_ADCEx_MultiModeConfigChannel)
    HAL_ADC_ConfigChannel                    0x08000a15   Thumb Code   950  stm32g4xx_hal_adc.o(.text.HAL_ADC_ConfigChannel)
    HAL_ADC_ConvCpltCallback                 0x08000dcd   Thumb Code     2  stm32g4xx_hal_adc.o(.text.HAL_ADC_ConvCpltCallback)
    HAL_ADC_ConvHalfCpltCallback             0x08000dd1   Thumb Code     2  stm32g4xx_hal_adc.o(.text.HAL_ADC_ConvHalfCpltCallback)
    HAL_ADC_ErrorCallback                    0x08000dd5   Thumb Code     2  stm32g4xx_hal_adc.o(.text.HAL_ADC_ErrorCallback)
    HAL_ADC_Init                             0x08000dd9   Thumb Code   598  stm32g4xx_hal_adc.o(.text.HAL_ADC_Init)
    HAL_ADC_MspInit                          0x08001031   Thumb Code   830  adc.o(.text.HAL_ADC_MspInit)
    HAL_ADC_Start_DMA                        0x08001371   Thumb Code   298  stm32g4xx_hal_adc.o(.text.HAL_ADC_Start_DMA)
    HAL_DMA_Abort                            0x0800149d   Thumb Code   112  stm32g4xx_hal_dma.o(.text.HAL_DMA_Abort)
    HAL_DMA_Abort_IT                         0x0800150d   Thumb Code   128  stm32g4xx_hal_dma.o(.text.HAL_DMA_Abort_IT)
    HAL_DMA_IRQHandler                       0x0800158d   Thumb Code   170  stm32g4xx_hal_dma.o(.text.HAL_DMA_IRQHandler)
    HAL_DMA_Init                             0x08001639   Thumb Code   280  stm32g4xx_hal_dma.o(.text.HAL_DMA_Init)
    HAL_DMA_Start_IT                         0x08001751   Thumb Code   232  stm32g4xx_hal_dma.o(.text.HAL_DMA_Start_IT)
    HAL_FDCAN_ActivateNotification           0x08001839   Thumb Code   268  stm32g4xx_hal_fdcan.o(.text.HAL_FDCAN_ActivateNotification)
    HAL_FDCAN_AddMessageToTxFifoQ            0x08001945   Thumb Code   184  stm32g4xx_hal_fdcan.o(.text.HAL_FDCAN_AddMessageToTxFifoQ)
    HAL_FDCAN_ConfigFilter                   0x080019fd   Thumb Code    96  stm32g4xx_hal_fdcan.o(.text.HAL_FDCAN_ConfigFilter)
    HAL_FDCAN_ConfigGlobalFilter             0x08001a5d   Thumb Code    64  stm32g4xx_hal_fdcan.o(.text.HAL_FDCAN_ConfigGlobalFilter)
    HAL_FDCAN_ConfigInterruptLines           0x08001a9d   Thumb Code    44  stm32g4xx_hal_fdcan.o(.text.HAL_FDCAN_ConfigInterruptLines)
    HAL_FDCAN_ErrorCallback                  0x08001ac9   Thumb Code     2  stm32g4xx_hal_fdcan.o(.text.HAL_FDCAN_ErrorCallback)
    HAL_FDCAN_ErrorStatusCallback            0x08001acd   Thumb Code   138  can.o(.text.HAL_FDCAN_ErrorStatusCallback)
    HAL_FDCAN_GetProtocolStatus              0x08001b59   Thumb Code    70  stm32g4xx_hal_fdcan.o(.text.HAL_FDCAN_GetProtocolStatus)
    HAL_FDCAN_GetRxMessage                   0x08001ba1   Thumb Code   342  stm32g4xx_hal_fdcan.o(.text.HAL_FDCAN_GetRxMessage)
    HAL_FDCAN_HighPriorityMessageCallback    0x08001cf9   Thumb Code     2  stm32g4xx_hal_fdcan.o(.text.HAL_FDCAN_HighPriorityMessageCallback)
    HAL_FDCAN_IRQHandler                     0x08001cfd   Thumb Code   378  stm32g4xx_hal_fdcan.o(.text.HAL_FDCAN_IRQHandler)
    HAL_FDCAN_Init                           0x08001e79   Thumb Code   614  stm32g4xx_hal_fdcan.o(.text.HAL_FDCAN_Init)
    HAL_FDCAN_MspInit                        0x080020e1   Thumb Code   170  fdcan.o(.text.HAL_FDCAN_MspInit)
    HAL_FDCAN_RxFifo0Callback                0x0800218d   Thumb Code   100  can.o(.text.HAL_FDCAN_RxFifo0Callback)
    HAL_FDCAN_RxFifo1Callback                0x080021f1   Thumb Code     2  stm32g4xx_hal_fdcan.o(.text.HAL_FDCAN_RxFifo1Callback)
    HAL_FDCAN_Start                          0x080021f5   Thumb Code    44  stm32g4xx_hal_fdcan.o(.text.HAL_FDCAN_Start)
    HAL_FDCAN_TimeoutOccurredCallback        0x08002221   Thumb Code     2  stm32g4xx_hal_fdcan.o(.text.HAL_FDCAN_TimeoutOccurredCallback)
    HAL_FDCAN_TimestampWraparoundCallback    0x08002225   Thumb Code     2  stm32g4xx_hal_fdcan.o(.text.HAL_FDCAN_TimestampWraparoundCallback)
    HAL_FDCAN_TxBufferAbortCallback          0x08002229   Thumb Code     2  stm32g4xx_hal_fdcan.o(.text.HAL_FDCAN_TxBufferAbortCallback)
    HAL_FDCAN_TxBufferCompleteCallback       0x0800222d   Thumb Code     2  stm32g4xx_hal_fdcan.o(.text.HAL_FDCAN_TxBufferCompleteCallback)
    HAL_FDCAN_TxEventFifoCallback            0x08002231   Thumb Code     2  stm32g4xx_hal_fdcan.o(.text.HAL_FDCAN_TxEventFifoCallback)
    HAL_FDCAN_TxFifoEmptyCallback            0x08002235   Thumb Code     2  stm32g4xx_hal_fdcan.o(.text.HAL_FDCAN_TxFifoEmptyCallback)
    HAL_GPIO_Init                            0x08002239   Thumb Code   434  stm32g4xx_hal_gpio.o(.text.HAL_GPIO_Init)
    HAL_GetTick                              0x080023ed   Thumb Code    12  stm32g4xx_hal.o(.text.HAL_GetTick)
    HAL_HRTIM_ADCPostScalerConfig            0x080023f9   Thumb Code   340  stm32g4xx_hal_hrtim.o(.text.HAL_HRTIM_ADCPostScalerConfig)
    HAL_HRTIM_ADCTriggerConfig               0x0800254d   Thumb Code   672  stm32g4xx_hal_hrtim.o(.text.HAL_HRTIM_ADCTriggerConfig)
    HAL_HRTIM_DLLCalibrationStart            0x080027ed   Thumb Code    84  stm32g4xx_hal_hrtim.o(.text.HAL_HRTIM_DLLCalibrationStart)
    HAL_HRTIM_DeadTimeConfig                 0x08002841   Thumb Code   152  stm32g4xx_hal_hrtim.o(.text.HAL_HRTIM_DeadTimeConfig)
    HAL_HRTIM_Init                           0x080028d9   Thumb Code   238  stm32g4xx_hal_hrtim.o(.text.HAL_HRTIM_Init)
    HAL_HRTIM_MspInit                        0x080029c9   Thumb Code    48  hrtim.o(.text.HAL_HRTIM_MspInit)
    HAL_HRTIM_PollForDLLCalibration          0x080029f9   Thumb Code   122  stm32g4xx_hal_hrtim.o(.text.HAL_HRTIM_PollForDLLCalibration)
    HAL_HRTIM_TimeBaseConfig                 0x08002a75   Thumb Code   116  stm32g4xx_hal_hrtim.o(.text.HAL_HRTIM_TimeBaseConfig)
    HAL_HRTIM_WaveformCompareConfig          0x08002ae9   Thumb Code   460  stm32g4xx_hal_hrtim.o(.text.HAL_HRTIM_WaveformCompareConfig)
    HAL_HRTIM_WaveformCountStart             0x08002cb5   Thumb Code    40  stm32g4xx_hal_hrtim.o(.text.HAL_HRTIM_WaveformCountStart)
    HAL_HRTIM_WaveformOutputConfig           0x08002cdd   Thumb Code    58  stm32g4xx_hal_hrtim.o(.text.HAL_HRTIM_WaveformOutputConfig)
    HAL_HRTIM_WaveformOutputStart            0x08002d19   Thumb Code    44  stm32g4xx_hal_hrtim.o(.text.HAL_HRTIM_WaveformOutputStart)
    HAL_HRTIM_WaveformOutputStop             0x08002d45   Thumb Code    44  stm32g4xx_hal_hrtim.o(.text.HAL_HRTIM_WaveformOutputStop)
    HAL_HRTIM_WaveformTimerConfig            0x08002d71   Thumb Code   720  stm32g4xx_hal_hrtim.o(.text.HAL_HRTIM_WaveformTimerConfig)
    HAL_HRTIM_WaveformTimerControl           0x08003071   Thumb Code   156  stm32g4xx_hal_hrtim.o(.text.HAL_HRTIM_WaveformTimerControl)
    HAL_IncTick                              0x08003129   Thumb Code    26  stm32g4xx_hal.o(.text.HAL_IncTick)
    HAL_Init                                 0x08003145   Thumb Code    30  stm32g4xx_hal.o(.text.HAL_Init)
    HAL_InitTick                             0x08003165   Thumb Code    80  stm32g4xx_hal.o(.text.HAL_InitTick)
    HAL_MspInit                              0x080031b5   Thumb Code    68  stm32g4xx_hal_msp.o(.text.HAL_MspInit)
    HAL_NVIC_EnableIRQ                       0x080031f9   Thumb Code    34  stm32g4xx_hal_cortex.o(.text.HAL_NVIC_EnableIRQ)
    HAL_NVIC_SetPriority                     0x0800321d   Thumb Code    86  stm32g4xx_hal_cortex.o(.text.HAL_NVIC_SetPriority)
    HAL_NVIC_SetPriorityGrouping             0x08003275   Thumb Code    32  stm32g4xx_hal_cortex.o(.text.HAL_NVIC_SetPriorityGrouping)
    HAL_PWREx_ControlVoltageScaling          0x08003295   Thumb Code   270  stm32g4xx_hal_pwr_ex.o(.text.HAL_PWREx_ControlVoltageScaling)
    HAL_PWREx_DisableUCPDDeadBattery         0x080033a5   Thumb Code    18  stm32g4xx_hal_pwr_ex.o(.text.HAL_PWREx_DisableUCPDDeadBattery)
    HAL_RCCEx_PeriphCLKConfig                0x080033b9   Thumb Code   726  stm32g4xx_hal_rcc_ex.o(.text.HAL_RCCEx_PeriphCLKConfig)
    HAL_RCC_ClockConfig                      0x08003691   Thumb Code   772  stm32g4xx_hal_rcc.o(.text.HAL_RCC_ClockConfig)
    HAL_RCC_GetPCLK1Freq                     0x08003995   Thumb Code    42  stm32g4xx_hal_rcc.o(.text.HAL_RCC_GetPCLK1Freq)
    HAL_RCC_GetPCLK2Freq                     0x080039c1   Thumb Code    42  stm32g4xx_hal_rcc.o(.text.HAL_RCC_GetPCLK2Freq)
    HAL_RCC_GetSysClockFreq                  0x080039ed   Thumb Code   130  stm32g4xx_hal_rcc.o(.text.HAL_RCC_GetSysClockFreq)
    HAL_RCC_OscConfig                        0x08003a71   Thumb Code  1230  stm32g4xx_hal_rcc.o(.text.HAL_RCC_OscConfig)
    HAL_SYSCFG_DisableVREFBUF                0x08003f41   Thumb Code    16  stm32g4xx_hal.o(.text.HAL_SYSCFG_DisableVREFBUF)
    HAL_SYSCFG_VREFBUF_HighImpedanceConfig   0x08003f51   Thumb Code    18  stm32g4xx_hal.o(.text.HAL_SYSCFG_VREFBUF_HighImpedanceConfig)
    HAL_SYSTICK_Config                       0x08003f65   Thumb Code    44  stm32g4xx_hal_cortex.o(.text.HAL_SYSTICK_Config)
    HAL_TIMEx_Break2Callback                 0x08003f91   Thumb Code     2  stm32g4xx_hal_tim_ex.o(.text.HAL_TIMEx_Break2Callback)
    HAL_TIMEx_BreakCallback                  0x08003f95   Thumb Code     2  stm32g4xx_hal_tim_ex.o(.text.HAL_TIMEx_BreakCallback)
    HAL_TIMEx_CommutCallback                 0x08003f99   Thumb Code     2  stm32g4xx_hal_tim_ex.o(.text.HAL_TIMEx_CommutCallback)
    HAL_TIMEx_DirectionChangeCallback        0x08003f9d   Thumb Code     2  stm32g4xx_hal_tim_ex.o(.text.HAL_TIMEx_DirectionChangeCallback)
    HAL_TIMEx_EncoderIndexCallback           0x08003fa1   Thumb Code     2  stm32g4xx_hal_tim_ex.o(.text.HAL_TIMEx_EncoderIndexCallback)
    HAL_TIMEx_IndexErrorCallback             0x08003fa5   Thumb Code     2  stm32g4xx_hal_tim_ex.o(.text.HAL_TIMEx_IndexErrorCallback)
    HAL_TIMEx_MasterConfigSynchronization    0x08003fa9   Thumb Code   222  stm32g4xx_hal_tim_ex.o(.text.HAL_TIMEx_MasterConfigSynchronization)
    HAL_TIMEx_TransitionErrorCallback        0x08004089   Thumb Code     2  stm32g4xx_hal_tim_ex.o(.text.HAL_TIMEx_TransitionErrorCallback)
    HAL_TIM_Base_Init                        0x0800408d   Thumb Code    98  stm32g4xx_hal_tim.o(.text.HAL_TIM_Base_Init)
    HAL_TIM_Base_MspInit                     0x080040f1   Thumb Code   154  tim.o(.text.HAL_TIM_Base_MspInit)
    HAL_TIM_Base_Start_IT                    0x0800418d   Thumb Code   186  stm32g4xx_hal_tim.o(.text.HAL_TIM_Base_Start_IT)
    HAL_TIM_ConfigClockSource                0x08004249   Thumb Code   544  stm32g4xx_hal_tim.o(.text.HAL_TIM_ConfigClockSource)
    HAL_TIM_IC_CaptureCallback               0x08004469   Thumb Code     2  stm32g4xx_hal_tim.o(.text.HAL_TIM_IC_CaptureCallback)
    HAL_TIM_IRQHandler                       0x0800446d   Thumb Code   460  stm32g4xx_hal_tim.o(.text.HAL_TIM_IRQHandler)
    HAL_TIM_OC_DelayElapsedCallback          0x08004639   Thumb Code     2  stm32g4xx_hal_tim.o(.text.HAL_TIM_OC_DelayElapsedCallback)
    HAL_TIM_PWM_PulseFinishedCallback        0x0800463d   Thumb Code     2  stm32g4xx_hal_tim.o(.text.HAL_TIM_PWM_PulseFinishedCallback)
    HAL_TIM_PeriodElapsedCallback            0x08004641   Thumb Code  1960  tim_task.o(.text.HAL_TIM_PeriodElapsedCallback)
    HAL_TIM_TriggerCallback                  0x08004e15   Thumb Code     2  stm32g4xx_hal_tim.o(.text.HAL_TIM_TriggerCallback)
    HAL_UARTEx_DisableFifoMode               0x08004e19   Thumb Code    54  stm32g4xx_hal_uart_ex.o(.text.HAL_UARTEx_DisableFifoMode)
    HAL_UARTEx_RxEventCallback               0x08004e51   Thumb Code     2  stm32g4xx_hal_uart.o(.text.HAL_UARTEx_RxEventCallback)
    HAL_UARTEx_RxFifoFullCallback            0x08004e55   Thumb Code     2  stm32g4xx_hal_uart_ex.o(.text.HAL_UARTEx_RxFifoFullCallback)
    HAL_UARTEx_SetRxFifoThreshold            0x08004e59   Thumb Code   140  stm32g4xx_hal_uart_ex.o(.text.HAL_UARTEx_SetRxFifoThreshold)
    HAL_UARTEx_SetTxFifoThreshold            0x08004ee5   Thumb Code   140  stm32g4xx_hal_uart_ex.o(.text.HAL_UARTEx_SetTxFifoThreshold)
    HAL_UARTEx_TxFifoEmptyCallback           0x08004f71   Thumb Code     2  stm32g4xx_hal_uart_ex.o(.text.HAL_UARTEx_TxFifoEmptyCallback)
    HAL_UARTEx_WakeupCallback                0x08004f75   Thumb Code     2  stm32g4xx_hal_uart_ex.o(.text.HAL_UARTEx_WakeupCallback)
    HAL_UART_ErrorCallback                   0x08004f79   Thumb Code     2  stm32g4xx_hal_uart.o(.text.HAL_UART_ErrorCallback)
    HAL_UART_IRQHandler                      0x08004f7d   Thumb Code  1614  stm32g4xx_hal_uart.o(.text.HAL_UART_IRQHandler)
    HAL_UART_Init                            0x080055cd   Thumb Code   100  stm32g4xx_hal_uart.o(.text.HAL_UART_Init)
    HAL_UART_MspInit                         0x08005631   Thumb Code   386  usart.o(.text.HAL_UART_MspInit)
    HAL_UART_Transmit_DMA                    0x080057b5   Thumb Code   232  stm32g4xx_hal_uart.o(.text.HAL_UART_Transmit_DMA)
    HAL_UART_TxCpltCallback                  0x0800589d   Thumb Code     2  stm32g4xx_hal_uart.o(.text.HAL_UART_TxCpltCallback)
    HAL_UART_TxHalfCpltCallback              0x080058a1   Thumb Code     2  stm32g4xx_hal_uart.o(.text.HAL_UART_TxHalfCpltCallback)
    HardFault_Handler                        0x08005991   Thumb Code     2  stm32g4xx_it.o(.text.HardFault_Handler)
    MX_ADC1_Init                             0x08005995   Thumb Code   192  adc.o(.text.MX_ADC1_Init)
    MX_ADC2_Init                             0x08005a55   Thumb Code   164  adc.o(.text.MX_ADC2_Init)
    MX_ADC3_Init                             0x08005af9   Thumb Code   198  adc.o(.text.MX_ADC3_Init)
    MX_ADC4_Init                             0x08005bc1   Thumb Code   164  adc.o(.text.MX_ADC4_Init)
    MX_ADC5_Init                             0x08005c65   Thumb Code   164  adc.o(.text.MX_ADC5_Init)
    MX_DMA_Init                              0x08005d09   Thumb Code   184  dma.o(.text.MX_DMA_Init)
    MX_FDCAN2_Init                           0x08005dc1   Thumb Code    88  fdcan.o(.text.MX_FDCAN2_Init)
    MX_GPIO_Init                             0x08005e19   Thumb Code    86  gpio.o(.text.MX_GPIO_Init)
    MX_HRTIM1_Init                           0x08005e71   Thumb Code   960  hrtim.o(.text.MX_HRTIM1_Init)
    MX_TIM2_Init                             0x08006231   Thumb Code   116  tim.o(.text.MX_TIM2_Init)
    MX_TIM3_Init                             0x080062a5   Thumb Code   118  tim.o(.text.MX_TIM3_Init)
    MX_TIM4_Init                             0x0800631d   Thumb Code   118  tim.o(.text.MX_TIM4_Init)
    MX_UART4_Init                            0x08006395   Thumb Code   130  usart.o(.text.MX_UART4_Init)
    MX_USART1_UART_Init                      0x08006419   Thumb Code   130  usart.o(.text.MX_USART1_UART_Init)
    MemManage_Handler                        0x0800649d   Thumb Code     2  stm32g4xx_it.o(.text.MemManage_Handler)
    NMI_Handler                              0x080064a1   Thumb Code     2  stm32g4xx_it.o(.text.NMI_Handler)
    PI_init                                  0x080064a5   Thumb Code    34  tim_task.o(.text.PI_init)
    PendSV_Handler                           0x080064c9   Thumb Code     2  stm32g4xx_it.o(.text.PendSV_Handler)
    SVC_Handler                              0x080064cd   Thumb Code     2  stm32g4xx_it.o(.text.SVC_Handler)
    SuperCapCommInit                         0x080064d1   Thumb Code    70  can.o(.text.SuperCapCommInit)
    SysTick_Handler                          0x08006519   Thumb Code     4  stm32g4xx_it.o(.text.SysTick_Handler)
    SystemInit                               0x0800651d   Thumb Code    18  system_stm32g4xx.o(.text.SystemInit)
    TIM2_IRQHandler                          0x08006531   Thumb Code    12  stm32g4xx_it.o(.text.TIM2_IRQHandler)
    TIM3_IRQHandler                          0x0800653d   Thumb Code    12  stm32g4xx_it.o(.text.TIM3_IRQHandler)
    TIM4_IRQHandler                          0x08006549   Thumb Code    12  stm32g4xx_it.o(.text.TIM4_IRQHandler)
    TIM_Base_SetConfig                       0x08006555   Thumb Code   338  stm32g4xx_hal_tim.o(.text.TIM_Base_SetConfig)
    UART_AdvFeatureConfig                    0x080066a9   Thumb Code   230  stm32g4xx_hal_uart.o(.text.UART_AdvFeatureConfig)
    UART_CheckIdleState                      0x08006791   Thumb Code   362  stm32g4xx_hal_uart.o(.text.UART_CheckIdleState)
    UART_SetConfig                           0x08006b9d   Thumb Code   676  stm32g4xx_hal_uart.o(.text.UART_SetConfig)
    UART_WaitOnFlagUntilTimeout              0x08006e51   Thumb Code   822  stm32g4xx_hal_uart.o(.text.UART_WaitOnFlagUntilTimeout)
    USART1_IRQHandler                        0x08007189   Thumb Code    12  stm32g4xx_it.o(.text.USART1_IRQHandler)
    UsageFault_Handler                       0x080071a1   Thumb Code     2  stm32g4xx_it.o(.text.UsageFault_Handler)
    can_filter_init                          0x080071a5   Thumb Code    90  can.o(.text.can_filter_init)
    main                                     0x08007201   Thumb Code   472  main.o(.text.main)
    _fp_init                                 0x080073f5   Thumb Code    26  fpinit.o(x$fpl$fpinit)
    __fplib_config_fpu_vfp                   0x0800740d   Thumb Code     0  fpinit.o(x$fpl$fpinit)
    __fplib_config_pureend_doubles           0x0800740d   Thumb Code     0  fpinit.o(x$fpl$fpinit)
    AHBPrescTable                            0x0800740e   Data          16  system_stm32g4xx.o(.rodata.AHBPrescTable)
    APBPrescTable                            0x0800741e   Data           8  system_stm32g4xx.o(.rodata.APBPrescTable)
    UARTPrescTable                           0x08007426   Data          24  stm32g4xx_hal_uart.o(.rodata.UARTPrescTable)
    Region$$Table$$Base                      0x08007470   Number         0  anon$$obj.o(Region$$Table)
    Region$$Table$$Limit                     0x08007490   Number         0  anon$$obj.o(Region$$Table)
    uwTickPrio                               0x20000000   Data           4  stm32g4xx_hal.o(.data..L_MergedGlobals)
    uwTickFreq                               0x20000004   Data           4  stm32g4xx_hal.o(.data..L_MergedGlobals)
    SystemCoreClock                          0x20000008   Data           4  system_stm32g4xx.o(.data.SystemCoreClock)
    vofaBuf                                  0x2000000c   Data          56  tim_task.o(.data.vofaBuf)
    __libspace_start                         0x20000048   Data          96  libspace.o(.bss)
    __temporary_stack_top$libspace           0x200000a8   Data           0  libspace.o(.bss)
    hdma_adc1                                0x200000b0   Data          96  adc.o(.bss..L_MergedGlobals)
    power_start_tick                         0x20000110   Data           2  tim_task.o(.bss..L_MergedGlobals)
    restart_flag                             0x20000114   Data           4  tim_task.o(.bss..L_MergedGlobals)
    can_disable_cnt                          0x20000118   Data           4  tim_task.o(.bss..L_MergedGlobals)
    can_disable_flag                         0x2000011c   Data           4  tim_task.o(.bss..L_MergedGlobals)
    Value                                    0x20000120   Data          44  tim_task.o(.bss..L_MergedGlobals)
    ploop                                    0x2000014c   Data          44  tim_task.o(.bss..L_MergedGlobals)
    last_can_tick                            0x20000178   Data           4  can.o(.bss..L_MergedGlobals)
    tx_data                                  0x2000017c   Data           8  can.o(.bss..L_MergedGlobals)
    rx_header                                0x20000184   Data          40  can.o(.bss..L_MergedGlobals)
    Cap_Com                                  0x200001ac   Data          52  can.o(.bss..L_MergedGlobals)
    vloop                                    0x200001e0   Data          44  tim_task.o(.bss..L_MergedGlobals.1)
    Control                                  0x2000020c   Data          56  tim_task.o(.bss..L_MergedGlobals.1)
    Sample                                   0x20000244   Data          82  tim_task.o(.bss.Sample)
    hadc1                                    0x20000298   Data         108  adc.o(.bss.hadc1)
    hadc2                                    0x20000304   Data         108  adc.o(.bss.hadc2)
    hadc3                                    0x20000370   Data         108  adc.o(.bss.hadc3)
    hadc4                                    0x200003dc   Data         108  adc.o(.bss.hadc4)
    hadc5                                    0x20000448   Data         108  adc.o(.bss.hadc5)
    hdma_adc2                                0x200004b4   Data          96  adc.o(.bss.hdma_adc2)
    hdma_adc3                                0x20000514   Data          96  adc.o(.bss.hdma_adc3)
    hdma_adc4                                0x20000574   Data          96  adc.o(.bss.hdma_adc4)
    hdma_adc5                                0x200005d4   Data          96  adc.o(.bss.hdma_adc5)
    hdma_usart1_rx                           0x20000634   Data          96  usart.o(.bss.hdma_usart1_rx)
    hdma_usart1_tx                           0x20000694   Data          96  usart.o(.bss.hdma_usart1_tx)
    hfdcan2                                  0x200006f4   Data         100  fdcan.o(.bss.hfdcan2)
    hhrtim1                                  0x20000758   Data         252  hrtim.o(.bss.hhrtim1)
    htim2                                    0x20000854   Data          76  tim.o(.bss.htim2)
    htim3                                    0x200008a0   Data          76  tim.o(.bss.htim3)
    htim4                                    0x200008ec   Data          76  tim.o(.bss.htim4)
    huart1                                   0x20000938   Data         148  usart.o(.bss.huart1)
    huart4                                   0x200009cc   Data         148  usart.o(.bss.huart4)
    uwTick                                   0x20000a60   Data           4  stm32g4xx_hal.o(.bss.uwTick)



==============================================================================

Memory Map of the image

  Image Entry point : 0x080001d9

  Load Region LR_IROM1 (Base: 0x08000000, Size: 0x000074d8, Max: 0x00080000, ABSOLUTE)

    Execution Region ER_IROM1 (Exec base: 0x08000000, Load base: 0x08000000, Size: 0x00007490, Max: 0x00080000, ABSOLUTE)

    Exec Addr    Load Addr    Size         Type   Attr      Idx    E Section Name        Object

    0x08000000   0x08000000   0x000001d8   Data   RO            3    RESET               startup_stm32g474xx.o
    0x080001d8   0x080001d8   0x00000008   Code   RO         1888  * !!!main             c_w.l(__main.o)
    0x080001e0   0x080001e0   0x0000005c   Code   RO         2088    !!!scatter          c_w.l(__scatter.o)
    0x0800023c   0x0800023c   0x0000001a   Code   RO         2092    !!handler_copy      c_w.l(__scatter_copy.o)
    0x08000256   0x08000256   0x00000002   PAD
    0x08000258   0x08000258   0x00000002   Code   RO         2089    !!handler_null      c_w.l(__scatter.o)
    0x0800025a   0x0800025a   0x00000002   PAD
    0x0800025c   0x0800025c   0x0000001c   Code   RO         2094    !!handler_zi        c_w.l(__scatter_zi.o)
    0x08000278   0x08000278   0x00000002   Code   RO         1950    .ARM.Collect$$libinit$$00000000  c_w.l(libinit.o)
    0x0800027a   0x0800027a   0x00000004   Code   RO         1962    .ARM.Collect$$libinit$$00000001  c_w.l(libinit2.o)
    0x0800027e   0x0800027e   0x00000000   Code   RO         1965    .ARM.Collect$$libinit$$00000004  c_w.l(libinit2.o)
    0x0800027e   0x0800027e   0x00000000   Code   RO         1967    .ARM.Collect$$libinit$$00000006  c_w.l(libinit2.o)
    0x0800027e   0x0800027e   0x00000000   Code   RO         1970    .ARM.Collect$$libinit$$0000000C  c_w.l(libinit2.o)
    0x0800027e   0x0800027e   0x00000000   Code   RO         1972    .ARM.Collect$$libinit$$0000000E  c_w.l(libinit2.o)
    0x0800027e   0x0800027e   0x00000000   Code   RO         1974    .ARM.Collect$$libinit$$00000010  c_w.l(libinit2.o)
    0x0800027e   0x0800027e   0x00000000   Code   RO         1977    .ARM.Collect$$libinit$$00000013  c_w.l(libinit2.o)
    0x0800027e   0x0800027e   0x00000000   Code   RO         1979    .ARM.Collect$$libinit$$00000015  c_w.l(libinit2.o)
    0x0800027e   0x0800027e   0x00000000   Code   RO         1981    .ARM.Collect$$libinit$$00000017  c_w.l(libinit2.o)
    0x0800027e   0x0800027e   0x00000000   Code   RO         1983    .ARM.Collect$$libinit$$00000019  c_w.l(libinit2.o)
    0x0800027e   0x0800027e   0x00000000   Code   RO         1985    .ARM.Collect$$libinit$$0000001B  c_w.l(libinit2.o)
    0x0800027e   0x0800027e   0x00000000   Code   RO         1987    .ARM.Collect$$libinit$$0000001D  c_w.l(libinit2.o)
    0x0800027e   0x0800027e   0x00000000   Code   RO         1989    .ARM.Collect$$libinit$$0000001F  c_w.l(libinit2.o)
    0x0800027e   0x0800027e   0x00000000   Code   RO         1991    .ARM.Collect$$libinit$$00000021  c_w.l(libinit2.o)
    0x0800027e   0x0800027e   0x00000000   Code   RO         1993    .ARM.Collect$$libinit$$00000023  c_w.l(libinit2.o)
    0x0800027e   0x0800027e   0x00000000   Code   RO         1995    .ARM.Collect$$libinit$$00000025  c_w.l(libinit2.o)
    0x0800027e   0x0800027e   0x00000000   Code   RO         1997    .ARM.Collect$$libinit$$00000027  c_w.l(libinit2.o)
    0x0800027e   0x0800027e   0x00000000   Code   RO         2001    .ARM.Collect$$libinit$$0000002E  c_w.l(libinit2.o)
    0x0800027e   0x0800027e   0x00000000   Code   RO         2003    .ARM.Collect$$libinit$$00000030  c_w.l(libinit2.o)
    0x0800027e   0x0800027e   0x00000000   Code   RO         2005    .ARM.Collect$$libinit$$00000032  c_w.l(libinit2.o)
    0x0800027e   0x0800027e   0x00000000   Code   RO         2007    .ARM.Collect$$libinit$$00000034  c_w.l(libinit2.o)
    0x0800027e   0x0800027e   0x00000002   Code   RO         2008    .ARM.Collect$$libinit$$00000035  c_w.l(libinit2.o)
    0x08000280   0x08000280   0x00000002   Code   RO         2043    .ARM.Collect$$libshutdown$$00000000  c_w.l(libshutdown.o)
    0x08000282   0x08000282   0x00000000   Code   RO         2071    .ARM.Collect$$libshutdown$$00000002  c_w.l(libshutdown2.o)
    0x08000282   0x08000282   0x00000000   Code   RO         2073    .ARM.Collect$$libshutdown$$00000004  c_w.l(libshutdown2.o)
    0x08000282   0x08000282   0x00000000   Code   RO         2076    .ARM.Collect$$libshutdown$$00000007  c_w.l(libshutdown2.o)
    0x08000282   0x08000282   0x00000000   Code   RO         2079    .ARM.Collect$$libshutdown$$0000000A  c_w.l(libshutdown2.o)
    0x08000282   0x08000282   0x00000000   Code   RO         2081    .ARM.Collect$$libshutdown$$0000000C  c_w.l(libshutdown2.o)
    0x08000282   0x08000282   0x00000000   Code   RO         2084    .ARM.Collect$$libshutdown$$0000000F  c_w.l(libshutdown2.o)
    0x08000282   0x08000282   0x00000002   Code   RO         2085    .ARM.Collect$$libshutdown$$00000010  c_w.l(libshutdown2.o)
    0x08000284   0x08000284   0x00000000   Code   RO         1906    .ARM.Collect$$rtentry$$00000000  c_w.l(__rtentry.o)
    0x08000284   0x08000284   0x00000000   Code   RO         1921    .ARM.Collect$$rtentry$$00000002  c_w.l(__rtentry2.o)
    0x08000284   0x08000284   0x00000006   Code   RO         1933    .ARM.Collect$$rtentry$$00000004  c_w.l(__rtentry4.o)
    0x0800028a   0x0800028a   0x00000000   Code   RO         1923    .ARM.Collect$$rtentry$$00000009  c_w.l(__rtentry2.o)
    0x0800028a   0x0800028a   0x00000004   Code   RO         1924    .ARM.Collect$$rtentry$$0000000A  c_w.l(__rtentry2.o)
    0x0800028e   0x0800028e   0x00000000   Code   RO         1926    .ARM.Collect$$rtentry$$0000000C  c_w.l(__rtentry2.o)
    0x0800028e   0x0800028e   0x00000008   Code   RO         1927    .ARM.Collect$$rtentry$$0000000D  c_w.l(__rtentry2.o)
    0x08000296   0x08000296   0x00000002   Code   RO         1954    .ARM.Collect$$rtexit$$00000000  c_w.l(rtexit.o)
    0x08000298   0x08000298   0x00000000   Code   RO         2014    .ARM.Collect$$rtexit$$00000002  c_w.l(rtexit2.o)
    0x08000298   0x08000298   0x00000004   Code   RO         2015    .ARM.Collect$$rtexit$$00000003  c_w.l(rtexit2.o)
    0x0800029c   0x0800029c   0x00000006   Code   RO         2016    .ARM.Collect$$rtexit$$00000004  c_w.l(rtexit2.o)
    0x080002a2   0x080002a2   0x00000002   PAD
    0x080002a4   0x080002a4   0x00000040   Code   RO            4    .text               startup_stm32g474xx.o
    0x080002e4   0x080002e4   0x000000f0   Code   RO         1882    .text               c_w.l(lludivv7m.o)
    0x080003d4   0x080003d4   0x0000004e   Code   RO         1884    .text               c_w.l(rt_memclr_w.o)
    0x08000422   0x08000422   0x00000006   Code   RO         1886    .text               c_w.l(heapauxi.o)
    0x08000428   0x08000428   0x0000004a   Code   RO         1937    .text               c_w.l(sys_stackheap_outer.o)
    0x08000472   0x08000472   0x00000012   Code   RO         1939    .text               c_w.l(exit.o)
    0x08000484   0x08000484   0x00000008   Code   RO         1951    .text               c_w.l(libspace.o)
    0x0800048c   0x0800048c   0x0000000c   Code   RO         2009    .text               c_w.l(sys_exit.o)
    0x08000498   0x08000498   0x00000002   Code   RO         2032    .text               c_w.l(use_no_semi.o)
    0x0800049a   0x0800049a   0x00000000   Code   RO         2034    .text               c_w.l(indicate_semi.o)
    0x0800049a   0x0800049a   0x00000002   PAD
    0x0800049c   0x0800049c   0x00000062   Code   RO          233    .text.ADC_DMAConvCplt  stm32g4xx_hal_adc.o
    0x080004fe   0x080004fe   0x00000002   PAD
    0x08000500   0x08000500   0x00000016   Code   RO          237    .text.ADC_DMAError  stm32g4xx_hal_adc.o
    0x08000516   0x08000516   0x00000002   PAD
    0x08000518   0x08000518   0x00000006   Code   RO          235    .text.ADC_DMAHalfConvCplt  stm32g4xx_hal_adc.o
    0x0800051e   0x0800051e   0x00000002   PAD
    0x08000520   0x08000520   0x0000007c   Code   RO          213    .text.ADC_Disable   stm32g4xx_hal_adc.o
    0x0800059c   0x0800059c   0x0000010e   Code   RO          219    .text.ADC_Enable    stm32g4xx_hal_adc.o
    0x080006aa   0x080006aa   0x00000002   PAD
    0x080006ac   0x080006ac   0x00000002   Code   RO          154    .text.BusFault_Handler  stm32g4xx_it.o
    0x080006ae   0x080006ae   0x00000002   PAD
    0x080006b0   0x080006b0   0x00000044   Code   RO         1870    .text.CAN_Send      can.o
    0x080006f4   0x080006f4   0x0000000c   Code   RO          166    .text.DMA1_Channel1_IRQHandler  stm32g4xx_it.o
    0x08000700   0x08000700   0x0000000c   Code   RO          168    .text.DMA1_Channel2_IRQHandler  stm32g4xx_it.o
    0x0800070c   0x0800070c   0x0000000c   Code   RO          170    .text.DMA1_Channel3_IRQHandler  stm32g4xx_it.o
    0x08000718   0x08000718   0x0000000c   Code   RO          172    .text.DMA1_Channel4_IRQHandler  stm32g4xx_it.o
    0x08000724   0x08000724   0x0000000c   Code   RO          174    .text.DMA1_Channel5_IRQHandler  stm32g4xx_it.o
    0x08000730   0x08000730   0x0000000c   Code   RO          184    .text.DMA2_Channel1_IRQHandler  stm32g4xx_it.o
    0x0800073c   0x0800073c   0x0000000c   Code   RO          186    .text.DMA2_Channel2_IRQHandler  stm32g4xx_it.o
    0x08000748   0x08000748   0x00000002   Code   RO          160    .text.DebugMon_Handler  stm32g4xx_it.o
    0x0800074a   0x0800074a   0x00000002   PAD
    0x0800074c   0x0800074c   0x00000048   Code   RO         1858    .text.Decoder       can.o
    0x08000794   0x08000794   0x00000050   Code   RO         1860    .text.Encoder       can.o
    0x080007e4   0x080007e4   0x0000000a   Code   RO           15    .text.Error_Handler  main.o
    0x080007ee   0x080007ee   0x00000002   PAD
    0x080007f0   0x080007f0   0x0000000c   Code   RO          188    .text.FDCAN2_IT0_IRQHandler  stm32g4xx_it.o
    0x080007fc   0x080007fc   0x0000000e   Code   RO         1864    .text.GetRxMsg      can.o
    0x0800080a   0x0800080a   0x00000002   PAD
    0x0800080c   0x0800080c   0x000000d4   Code   RO          273    .text.HAL_ADCEx_Calibration_Start  stm32g4xx_hal_adc_ex.o
    0x080008e0   0x080008e0   0x00000134   Code   RO          317    .text.HAL_ADCEx_MultiModeConfigChannel  stm32g4xx_hal_adc_ex.o
    0x08000a14   0x08000a14   0x000003b6   Code   RO          257    .text.HAL_ADC_ConfigChannel  stm32g4xx_hal_adc.o
    0x08000dca   0x08000dca   0x00000002   PAD
    0x08000dcc   0x08000dcc   0x00000002   Code   RO          249    .text.HAL_ADC_ConvCpltCallback  stm32g4xx_hal_adc.o
    0x08000dce   0x08000dce   0x00000002   PAD
    0x08000dd0   0x08000dd0   0x00000002   Code   RO          255    .text.HAL_ADC_ConvHalfCpltCallback  stm32g4xx_hal_adc.o
    0x08000dd2   0x08000dd2   0x00000002   PAD
    0x08000dd4   0x08000dd4   0x00000002   Code   RO          253    .text.HAL_ADC_ErrorCallback  stm32g4xx_hal_adc.o
    0x08000dd6   0x08000dd6   0x00000002   PAD
    0x08000dd8   0x08000dd8   0x00000256   Code   RO          205    .text.HAL_ADC_Init  stm32g4xx_hal_adc.o
    0x0800102e   0x0800102e   0x00000002   PAD
    0x08001030   0x08001030   0x0000033e   Code   RO           44    .text.HAL_ADC_MspInit  adc.o
    0x0800136e   0x0800136e   0x00000002   PAD
    0x08001370   0x08001370   0x0000012a   Code   RO          231    .text.HAL_ADC_Start_DMA  stm32g4xx_hal_adc.o
    0x0800149a   0x0800149a   0x00000002   PAD
    0x0800149c   0x0800149c   0x00000070   Code   RO          637    .text.HAL_DMA_Abort  stm32g4xx_hal_dma.o
    0x0800150c   0x0800150c   0x00000080   Code   RO          639    .text.HAL_DMA_Abort_IT  stm32g4xx_hal_dma.o
    0x0800158c   0x0800158c   0x000000aa   Code   RO          643    .text.HAL_DMA_IRQHandler  stm32g4xx_hal_dma.o
    0x08001636   0x08001636   0x00000002   PAD
    0x08001638   0x08001638   0x00000118   Code   RO          629    .text.HAL_DMA_Init  stm32g4xx_hal_dma.o
    0x08001750   0x08001750   0x000000e8   Code   RO          635    .text.HAL_DMA_Start_IT  stm32g4xx_hal_dma.o
    0x08001838   0x08001838   0x0000010c   Code   RO          939    .text.HAL_FDCAN_ActivateNotification  stm32g4xx_hal_fdcan.o
    0x08001944   0x08001944   0x000000b8   Code   RO          911    .text.HAL_FDCAN_AddMessageToTxFifoQ  stm32g4xx_hal_fdcan.o
    0x080019fc   0x080019fc   0x00000060   Code   RO          865    .text.HAL_FDCAN_ConfigFilter  stm32g4xx_hal_fdcan.o
    0x08001a5c   0x08001a5c   0x00000040   Code   RO          867    .text.HAL_FDCAN_ConfigGlobalFilter  stm32g4xx_hal_fdcan.o
    0x08001a9c   0x08001a9c   0x0000002c   Code   RO          937    .text.HAL_FDCAN_ConfigInterruptLines  stm32g4xx_hal_fdcan.o
    0x08001ac8   0x08001ac8   0x00000002   Code   RO          965    .text.HAL_FDCAN_ErrorCallback  stm32g4xx_hal_fdcan.o
    0x08001aca   0x08001aca   0x00000002   PAD
    0x08001acc   0x08001acc   0x0000008a   Code   RO         1868    .text.HAL_FDCAN_ErrorStatusCallback  can.o
    0x08001b56   0x08001b56   0x00000002   PAD
    0x08001b58   0x08001b58   0x00000046   Code   RO          923    .text.HAL_FDCAN_GetProtocolStatus  stm32g4xx_hal_fdcan.o
    0x08001b9e   0x08001b9e   0x00000002   PAD
    0x08001ba0   0x08001ba0   0x00000156   Code   RO          917    .text.HAL_FDCAN_GetRxMessage  stm32g4xx_hal_fdcan.o
    0x08001cf6   0x08001cf6   0x00000002   PAD
    0x08001cf8   0x08001cf8   0x00000002   Code   RO          945    .text.HAL_FDCAN_HighPriorityMessageCallback  stm32g4xx_hal_fdcan.o
    0x08001cfa   0x08001cfa   0x00000002   PAD
    0x08001cfc   0x08001cfc   0x0000017a   Code   RO          943    .text.HAL_FDCAN_IRQHandler  stm32g4xx_hal_fdcan.o
    0x08001e76   0x08001e76   0x00000002   PAD
    0x08001e78   0x08001e78   0x00000266   Code   RO          851    .text.HAL_FDCAN_Init  stm32g4xx_hal_fdcan.o
    0x080020de   0x080020de   0x00000002   PAD
    0x080020e0   0x080020e0   0x000000aa   Code   RO           77    .text.HAL_FDCAN_MspInit  fdcan.o
    0x0800218a   0x0800218a   0x00000002   PAD
    0x0800218c   0x0800218c   0x00000064   Code   RO         1866    .text.HAL_FDCAN_RxFifo0Callback  can.o
    0x080021f0   0x080021f0   0x00000002   Code   RO          953    .text.HAL_FDCAN_RxFifo1Callback  stm32g4xx_hal_fdcan.o
    0x080021f2   0x080021f2   0x00000002   PAD
    0x080021f4   0x080021f4   0x0000002c   Code   RO          909    .text.HAL_FDCAN_Start  stm32g4xx_hal_fdcan.o
    0x08002220   0x08002220   0x00000002   Code   RO          961    .text.HAL_FDCAN_TimeoutOccurredCallback  stm32g4xx_hal_fdcan.o
    0x08002222   0x08002222   0x00000002   PAD
    0x08002224   0x08002224   0x00000002   Code   RO          959    .text.HAL_FDCAN_TimestampWraparoundCallback  stm32g4xx_hal_fdcan.o
    0x08002226   0x08002226   0x00000002   PAD
    0x08002228   0x08002228   0x00000002   Code   RO          947    .text.HAL_FDCAN_TxBufferAbortCallback  stm32g4xx_hal_fdcan.o
    0x0800222a   0x0800222a   0x00000002   PAD
    0x0800222c   0x0800222c   0x00000002   Code   RO          957    .text.HAL_FDCAN_TxBufferCompleteCallback  stm32g4xx_hal_fdcan.o
    0x0800222e   0x0800222e   0x00000002   PAD
    0x08002230   0x08002230   0x00000002   Code   RO          949    .text.HAL_FDCAN_TxEventFifoCallback  stm32g4xx_hal_fdcan.o
    0x08002232   0x08002232   0x00000002   PAD
    0x08002234   0x08002234   0x00000002   Code   RO          955    .text.HAL_FDCAN_TxFifoEmptyCallback  stm32g4xx_hal_fdcan.o
    0x08002236   0x08002236   0x00000002   PAD
    0x08002238   0x08002238   0x000001b2   Code   RO          579    .text.HAL_GPIO_Init  stm32g4xx_hal_gpio.o
    0x080023ea   0x080023ea   0x00000002   PAD
    0x080023ec   0x080023ec   0x0000000c   Code   RO          348    .text.HAL_GetTick   stm32g4xx_hal.o
    0x080023f8   0x080023f8   0x00000154   Code   RO         1094    .text.HAL_HRTIM_ADCPostScalerConfig  stm32g4xx_hal_hrtim.o
    0x0800254c   0x0800254c   0x000002a0   Code   RO         1092    .text.HAL_HRTIM_ADCTriggerConfig  stm32g4xx_hal_hrtim.o
    0x080027ec   0x080027ec   0x00000054   Code   RO          988    .text.HAL_HRTIM_DLLCalibrationStart  stm32g4xx_hal_hrtim.o
    0x08002840   0x08002840   0x00000098   Code   RO         1114    .text.HAL_HRTIM_DeadTimeConfig  stm32g4xx_hal_hrtim.o
    0x080028d8   0x080028d8   0x000000ee   Code   RO          980    .text.HAL_HRTIM_Init  stm32g4xx_hal_hrtim.o
    0x080029c6   0x080029c6   0x00000002   PAD
    0x080029c8   0x080029c8   0x00000030   Code   RO           94    .text.HAL_HRTIM_MspInit  hrtim.o
    0x080029f8   0x080029f8   0x0000007a   Code   RO          992    .text.HAL_HRTIM_PollForDLLCalibration  stm32g4xx_hal_hrtim.o
    0x08002a72   0x08002a72   0x00000002   PAD
    0x08002a74   0x08002a74   0x00000074   Code   RO          994    .text.HAL_HRTIM_TimeBaseConfig  stm32g4xx_hal_hrtim.o
    0x08002ae8   0x08002ae8   0x000001cc   Code   RO         1120    .text.HAL_HRTIM_WaveformCompareConfig  stm32g4xx_hal_hrtim.o
    0x08002cb4   0x08002cb4   0x00000028   Code   RO         1132    .text.HAL_HRTIM_WaveformCountStart  stm32g4xx_hal_hrtim.o
    0x08002cdc   0x08002cdc   0x0000003a   Code   RO         1124    .text.HAL_HRTIM_WaveformOutputConfig  stm32g4xx_hal_hrtim.o
    0x08002d16   0x08002d16   0x00000002   PAD
    0x08002d18   0x08002d18   0x0000002c   Code   RO         1128    .text.HAL_HRTIM_WaveformOutputStart  stm32g4xx_hal_hrtim.o
    0x08002d44   0x08002d44   0x0000002c   Code   RO         1130    .text.HAL_HRTIM_WaveformOutputStop  stm32g4xx_hal_hrtim.o
    0x08002d70   0x08002d70   0x00000300   Code   RO         1098    .text.HAL_HRTIM_WaveformTimerConfig  stm32g4xx_hal_hrtim.o
    0x08003070   0x08003070   0x000000b8   Code   RO         1100    .text.HAL_HRTIM_WaveformTimerControl  stm32g4xx_hal_hrtim.o
    0x08003128   0x08003128   0x0000001a   Code   RO          346    .text.HAL_IncTick   stm32g4xx_hal.o
    0x08003142   0x08003142   0x00000002   PAD
    0x08003144   0x08003144   0x0000001e   Code   RO          336    .text.HAL_Init      stm32g4xx_hal.o
    0x08003162   0x08003162   0x00000002   PAD
    0x08003164   0x08003164   0x00000050   Code   RO          338    .text.HAL_InitTick  stm32g4xx_hal.o
    0x080031b4   0x080031b4   0x00000044   Code   RO          197    .text.HAL_MspInit   stm32g4xx_hal_msp.o
    0x080031f8   0x080031f8   0x00000022   Code   RO          805    .text.HAL_NVIC_EnableIRQ  stm32g4xx_hal_cortex.o
    0x0800321a   0x0800321a   0x00000002   PAD
    0x0800321c   0x0800321c   0x00000056   Code   RO          803    .text.HAL_NVIC_SetPriority  stm32g4xx_hal_cortex.o
    0x08003272   0x08003272   0x00000002   PAD
    0x08003274   0x08003274   0x00000020   Code   RO          801    .text.HAL_NVIC_SetPriorityGrouping  stm32g4xx_hal_cortex.o
    0x08003294   0x08003294   0x0000010e   Code   RO          721    .text.HAL_PWREx_ControlVoltageScaling  stm32g4xx_hal_pwr_ex.o
    0x080033a2   0x080033a2   0x00000002   PAD
    0x080033a4   0x080033a4   0x00000012   Code   RO          791    .text.HAL_PWREx_DisableUCPDDeadBattery  stm32g4xx_hal_pwr_ex.o
    0x080033b6   0x080033b6   0x00000002   PAD
    0x080033b8   0x080033b8   0x000002d6   Code   RO          460    .text.HAL_RCCEx_PeriphCLKConfig  stm32g4xx_hal_rcc_ex.o
    0x0800368e   0x0800368e   0x00000002   PAD
    0x08003690   0x08003690   0x00000304   Code   RO          426    .text.HAL_RCC_ClockConfig  stm32g4xx_hal_rcc.o
    0x08003994   0x08003994   0x0000002a   Code   RO          434    .text.HAL_RCC_GetPCLK1Freq  stm32g4xx_hal_rcc.o
    0x080039be   0x080039be   0x00000002   PAD
    0x080039c0   0x080039c0   0x0000002a   Code   RO          436    .text.HAL_RCC_GetPCLK2Freq  stm32g4xx_hal_rcc.o
    0x080039ea   0x080039ea   0x00000002   PAD
    0x080039ec   0x080039ec   0x00000082   Code   RO          428    .text.HAL_RCC_GetSysClockFreq  stm32g4xx_hal_rcc.o
    0x08003a6e   0x08003a6e   0x00000002   PAD
    0x08003a70   0x08003a70   0x000004ce   Code   RO          424    .text.HAL_RCC_OscConfig  stm32g4xx_hal_rcc.o
    0x08003f3e   0x08003f3e   0x00000002   PAD
    0x08003f40   0x08003f40   0x00000010   Code   RO          400    .text.HAL_SYSCFG_DisableVREFBUF  stm32g4xx_hal.o
    0x08003f50   0x08003f50   0x00000012   Code   RO          394    .text.HAL_SYSCFG_VREFBUF_HighImpedanceConfig  stm32g4xx_hal.o
    0x08003f62   0x08003f62   0x00000002   PAD
    0x08003f64   0x08003f64   0x0000002c   Code   RO          813    .text.HAL_SYSTICK_Config  stm32g4xx_hal_cortex.o
    0x08003f90   0x08003f90   0x00000002   Code   RO         1603    .text.HAL_TIMEx_Break2Callback  stm32g4xx_hal_tim_ex.o
    0x08003f92   0x08003f92   0x00000002   PAD
    0x08003f94   0x08003f94   0x00000002   Code   RO         1601    .text.HAL_TIMEx_BreakCallback  stm32g4xx_hal_tim_ex.o
    0x08003f96   0x08003f96   0x00000002   PAD
    0x08003f98   0x08003f98   0x00000002   Code   RO         1597    .text.HAL_TIMEx_CommutCallback  stm32g4xx_hal_tim_ex.o
    0x08003f9a   0x08003f9a   0x00000002   PAD
    0x08003f9c   0x08003f9c   0x00000002   Code   RO         1607    .text.HAL_TIMEx_DirectionChangeCallback  stm32g4xx_hal_tim_ex.o
    0x08003f9e   0x08003f9e   0x00000002   PAD
    0x08003fa0   0x08003fa0   0x00000002   Code   RO         1605    .text.HAL_TIMEx_EncoderIndexCallback  stm32g4xx_hal_tim_ex.o
    0x08003fa2   0x08003fa2   0x00000002   PAD
    0x08003fa4   0x08003fa4   0x00000002   Code   RO         1609    .text.HAL_TIMEx_IndexErrorCallback  stm32g4xx_hal_tim_ex.o
    0x08003fa6   0x08003fa6   0x00000002   PAD
    0x08003fa8   0x08003fa8   0x000000de   Code   RO         1547    .text.HAL_TIMEx_MasterConfigSynchronization  stm32g4xx_hal_tim_ex.o
    0x08004086   0x08004086   0x00000002   PAD
    0x08004088   0x08004088   0x00000002   Code   RO         1611    .text.HAL_TIMEx_TransitionErrorCallback  stm32g4xx_hal_tim_ex.o
    0x0800408a   0x0800408a   0x00000002   PAD
    0x0800408c   0x0800408c   0x00000062   Code   RO         1252    .text.HAL_TIM_Base_Init  stm32g4xx_hal_tim.o
    0x080040ee   0x080040ee   0x00000002   PAD
    0x080040f0   0x080040f0   0x0000009a   Code   RO          113    .text.HAL_TIM_Base_MspInit  tim.o
    0x0800418a   0x0800418a   0x00000002   PAD
    0x0800418c   0x0800418c   0x000000ba   Code   RO         1266    .text.HAL_TIM_Base_Start_IT  stm32g4xx_hal_tim.o
    0x08004246   0x08004246   0x00000002   PAD
    0x08004248   0x08004248   0x00000220   Code   RO         1432    .text.HAL_TIM_ConfigClockSource  stm32g4xx_hal_tim.o
    0x08004468   0x08004468   0x00000002   Code   RO         1388    .text.HAL_TIM_IC_CaptureCallback  stm32g4xx_hal_tim.o
    0x0800446a   0x0800446a   0x00000002   PAD
    0x0800446c   0x0800446c   0x000001cc   Code   RO         1386    .text.HAL_TIM_IRQHandler  stm32g4xx_hal_tim.o
    0x08004638   0x08004638   0x00000002   Code   RO         1390    .text.HAL_TIM_OC_DelayElapsedCallback  stm32g4xx_hal_tim.o
    0x0800463a   0x0800463a   0x00000002   PAD
    0x0800463c   0x0800463c   0x00000002   Code   RO         1392    .text.HAL_TIM_PWM_PulseFinishedCallback  stm32g4xx_hal_tim.o
    0x0800463e   0x0800463e   0x00000002   PAD
    0x08004640   0x08004640   0x000007d4   Code   RO         1826    .text.HAL_TIM_PeriodElapsedCallback  tim_task.o
    0x08004e14   0x08004e14   0x00000002   Code   RO         1396    .text.HAL_TIM_TriggerCallback  stm32g4xx_hal_tim.o
    0x08004e16   0x08004e16   0x00000002   PAD
    0x08004e18   0x08004e18   0x00000036   Code   RO         1788    .text.HAL_UARTEx_DisableFifoMode  stm32g4xx_hal_uart_ex.o
    0x08004e4e   0x08004e4e   0x00000002   PAD
    0x08004e50   0x08004e50   0x00000002   Code   RO         1716    .text.HAL_UARTEx_RxEventCallback  stm32g4xx_hal_uart.o
    0x08004e52   0x08004e52   0x00000002   PAD
    0x08004e54   0x08004e54   0x00000002   Code   RO         1774    .text.HAL_UARTEx_RxFifoFullCallback  stm32g4xx_hal_uart_ex.o
    0x08004e56   0x08004e56   0x00000002   PAD
    0x08004e58   0x08004e58   0x0000008c   Code   RO         1792    .text.HAL_UARTEx_SetRxFifoThreshold  stm32g4xx_hal_uart_ex.o
    0x08004ee4   0x08004ee4   0x0000008c   Code   RO         1790    .text.HAL_UARTEx_SetTxFifoThreshold  stm32g4xx_hal_uart_ex.o
    0x08004f70   0x08004f70   0x00000002   Code   RO         1776    .text.HAL_UARTEx_TxFifoEmptyCallback  stm32g4xx_hal_uart_ex.o
    0x08004f72   0x08004f72   0x00000002   PAD
    0x08004f74   0x08004f74   0x00000002   Code   RO         1772    .text.HAL_UARTEx_WakeupCallback  stm32g4xx_hal_uart_ex.o
    0x08004f76   0x08004f76   0x00000002   PAD
    0x08004f78   0x08004f78   0x00000002   Code   RO         1714    .text.HAL_UART_ErrorCallback  stm32g4xx_hal_uart.o
    0x08004f7a   0x08004f7a   0x00000002   PAD
    0x08004f7c   0x08004f7c   0x0000064e   Code   RO         1710    .text.HAL_UART_IRQHandler  stm32g4xx_hal_uart.o
    0x080055ca   0x080055ca   0x00000002   PAD
    0x080055cc   0x080055cc   0x00000064   Code   RO         1626    .text.HAL_UART_Init  stm32g4xx_hal_uart.o
    0x08005630   0x08005630   0x00000182   Code   RO          132    .text.HAL_UART_MspInit  usart.o
    0x080057b2   0x080057b2   0x00000002   PAD
    0x080057b4   0x080057b4   0x000000e8   Code   RO         1666    .text.HAL_UART_Transmit_DMA  stm32g4xx_hal_uart.o
    0x0800589c   0x0800589c   0x00000002   Code   RO         1718    .text.HAL_UART_TxCpltCallback  stm32g4xx_hal_uart.o
    0x0800589e   0x0800589e   0x00000002   PAD
    0x080058a0   0x080058a0   0x00000002   Code   RO         1720    .text.HAL_UART_TxHalfCpltCallback  stm32g4xx_hal_uart.o
    0x080058a2   0x080058a2   0x00000002   PAD
    0x080058a4   0x080058a4   0x000000ea   Code   RO         1016    .text.HRTIM_OutputConfig  stm32g4xx_hal_hrtim.o
    0x0800598e   0x0800598e   0x00000002   PAD
    0x08005990   0x08005990   0x00000002   Code   RO          150    .text.HardFault_Handler  stm32g4xx_it.o
    0x08005992   0x08005992   0x00000002   PAD
    0x08005994   0x08005994   0x000000c0   Code   RO           34    .text.MX_ADC1_Init  adc.o
    0x08005a54   0x08005a54   0x000000a4   Code   RO           36    .text.MX_ADC2_Init  adc.o
    0x08005af8   0x08005af8   0x000000c6   Code   RO           38    .text.MX_ADC3_Init  adc.o
    0x08005bbe   0x08005bbe   0x00000002   PAD
    0x08005bc0   0x08005bc0   0x000000a4   Code   RO           40    .text.MX_ADC4_Init  adc.o
    0x08005c64   0x08005c64   0x000000a4   Code   RO           42    .text.MX_ADC5_Init  adc.o
    0x08005d08   0x08005d08   0x000000b8   Code   RO           66    .text.MX_DMA_Init   dma.o
    0x08005dc0   0x08005dc0   0x00000058   Code   RO           75    .text.MX_FDCAN2_Init  fdcan.o
    0x08005e18   0x08005e18   0x00000056   Code   RO           26    .text.MX_GPIO_Init  gpio.o
    0x08005e6e   0x08005e6e   0x00000002   PAD
    0x08005e70   0x08005e70   0x000003c0   Code   RO           90    .text.MX_HRTIM1_Init  hrtim.o
    0x08006230   0x08006230   0x00000074   Code   RO          107    .text.MX_TIM2_Init  tim.o
    0x080062a4   0x080062a4   0x00000076   Code   RO          109    .text.MX_TIM3_Init  tim.o
    0x0800631a   0x0800631a   0x00000002   PAD
    0x0800631c   0x0800631c   0x00000076   Code   RO          111    .text.MX_TIM4_Init  tim.o
    0x08006392   0x08006392   0x00000002   PAD
    0x08006394   0x08006394   0x00000082   Code   RO          128    .text.MX_UART4_Init  usart.o
    0x08006416   0x08006416   0x00000002   PAD
    0x08006418   0x08006418   0x00000082   Code   RO          130    .text.MX_USART1_UART_Init  usart.o
    0x0800649a   0x0800649a   0x00000002   PAD
    0x0800649c   0x0800649c   0x00000002   Code   RO          152    .text.MemManage_Handler  stm32g4xx_it.o
    0x0800649e   0x0800649e   0x00000002   PAD
    0x080064a0   0x080064a0   0x00000002   Code   RO          148    .text.NMI_Handler   stm32g4xx_it.o
    0x080064a2   0x080064a2   0x00000002   PAD
    0x080064a4   0x080064a4   0x00000022   Code   RO         1840    .text.PI_init       tim_task.o
    0x080064c6   0x080064c6   0x00000002   PAD
    0x080064c8   0x080064c8   0x00000002   Code   RO          162    .text.PendSV_Handler  stm32g4xx_it.o
    0x080064ca   0x080064ca   0x00000002   PAD
    0x080064cc   0x080064cc   0x00000002   Code   RO          158    .text.SVC_Handler   stm32g4xx_it.o
    0x080064ce   0x080064ce   0x00000002   PAD
    0x080064d0   0x080064d0   0x00000046   Code   RO         1856    .text.SuperCapCommInit  can.o
    0x08006516   0x08006516   0x00000002   PAD
    0x08006518   0x08006518   0x00000004   Code   RO          164    .text.SysTick_Handler  stm32g4xx_it.o
    0x0800651c   0x0800651c   0x00000012   Code   RO         1811    .text.SystemInit    system_stm32g4xx.o
    0x0800652e   0x0800652e   0x00000002   PAD
    0x08006530   0x08006530   0x0000000c   Code   RO          176    .text.TIM2_IRQHandler  stm32g4xx_it.o
    0x0800653c   0x0800653c   0x0000000c   Code   RO          178    .text.TIM3_IRQHandler  stm32g4xx_it.o
    0x08006548   0x08006548   0x0000000c   Code   RO          180    .text.TIM4_IRQHandler  stm32g4xx_it.o
    0x08006554   0x08006554   0x00000152   Code   RO         1256    .text.TIM_Base_SetConfig  stm32g4xx_hal_tim.o
    0x080066a6   0x080066a6   0x00000002   PAD
    0x080066a8   0x080066a8   0x000000e6   Code   RO         1630    .text.UART_AdvFeatureConfig  stm32g4xx_hal_uart.o
    0x0800678e   0x0800678e   0x00000002   PAD
    0x08006790   0x08006790   0x0000016a   Code   RO         1634    .text.UART_CheckIdleState  stm32g4xx_hal_uart.o
    0x080068fa   0x080068fa   0x00000002   PAD
    0x080068fc   0x080068fc   0x0000000c   Code   RO         1712    .text.UART_DMAAbortOnError  stm32g4xx_hal_uart.o
    0x08006908   0x08006908   0x000001da   Code   RO         1672    .text.UART_DMAError  stm32g4xx_hal_uart.o
    0x08006ae2   0x08006ae2   0x00000002   PAD
    0x08006ae4   0x08006ae4   0x000000b0   Code   RO         1668    .text.UART_DMATransmitCplt  stm32g4xx_hal_uart.o
    0x08006b94   0x08006b94   0x00000006   Code   RO         1670    .text.UART_DMATxHalfCplt  stm32g4xx_hal_uart.o
    0x08006b9a   0x08006b9a   0x00000002   PAD
    0x08006b9c   0x08006b9c   0x000002b4   Code   RO         1632    .text.UART_SetConfig  stm32g4xx_hal_uart.o
    0x08006e50   0x08006e50   0x00000336   Code   RO         1648    .text.UART_WaitOnFlagUntilTimeout  stm32g4xx_hal_uart.o
    0x08007186   0x08007186   0x00000002   PAD
    0x08007188   0x08007188   0x0000000c   Code   RO          182    .text.USART1_IRQHandler  stm32g4xx_it.o
    0x08007194   0x08007194   0x0000000c   Code   RO         1862    .text.UpdateTxMsg   can.o
    0x080071a0   0x080071a0   0x00000002   Code   RO          156    .text.UsageFault_Handler  stm32g4xx_it.o
    0x080071a2   0x080071a2   0x00000002   PAD
    0x080071a4   0x080071a4   0x0000005a   Code   RO         1854    .text.can_filter_init  can.o
    0x080071fe   0x080071fe   0x00000002   PAD
    0x08007200   0x08007200   0x000001f4   Code   RO           11    .text.main          main.o
    0x080073f4   0x080073f4   0x0000001a   Code   RO         2026    x$fpl$fpinit        fz_wm.l(fpinit.o)
    0x0800740e   0x0800740e   0x00000010   Data   RO         1816    .rodata.AHBPrescTable  system_stm32g4xx.o
    0x0800741e   0x0800741e   0x00000008   Data   RO         1817    .rodata.APBPrescTable  system_stm32g4xx.o
    0x08007426   0x08007426   0x00000018   Data   RO         1760    .rodata.UARTPrescTable  stm32g4xx_hal_uart.o
    0x0800743e   0x0800743e   0x00000010   Data   RO          971    .rodata.cst16       stm32g4xx_hal_fdcan.o
    0x0800744e   0x0800744e   0x00000002   PAD
    0x08007450   0x08007450   0x00000010   Data   RO         1761    .rodata.cst16       stm32g4xx_hal_uart.o
    0x08007460   0x08007460   0x00000010   Data   RO         1802    .rodata.cst8        stm32g4xx_hal_uart_ex.o
    0x08007470   0x08007470   0x00000020   Data   RO         2087    Region$$Table       anon$$obj.o


    Execution Region RW_IRAM1 (Exec base: 0x20000000, Load base: 0x08007490, Size: 0x00001068, Max: 0x00020000, ABSOLUTE)

    Exec Addr    Load Addr    Size         Type   Attr      Idx    E Section Name        Object

    0x20000000   0x08007490   0x00000008   Data   RW          413    .data..L_MergedGlobals  stm32g4xx_hal.o
    0x20000008   0x08007498   0x00000004   Data   RW         1815    .data.SystemCoreClock  system_stm32g4xx.o
    0x2000000c   0x0800749c   0x00000038   Data   RW         1843    .data.vofaBuf       tim_task.o
    0x20000044   0x080074d4   0x00000004   PAD
    0x20000048        -       0x00000060   Zero   RW         1952    .bss                c_w.l(libspace.o)
    0x200000a8        -       0x00000068   Zero   RW           57    .bss..L_MergedGlobals  adc.o
    0x20000110        -       0x00000068   Zero   RW         1844    .bss..L_MergedGlobals  tim_task.o
    0x20000178        -       0x00000068   Zero   RW         1872    .bss..L_MergedGlobals  can.o
    0x200001e0        -       0x00000064   Zero   RW         1845    .bss..L_MergedGlobals.1  tim_task.o
    0x20000244        -       0x00000052   Zero   RW         1842    .bss.Sample         tim_task.o
    0x20000296   0x080074d4   0x00000002   PAD
    0x20000298        -       0x0000006c   Zero   RW           48    .bss.hadc1          adc.o
    0x20000304        -       0x0000006c   Zero   RW           49    .bss.hadc2          adc.o
    0x20000370        -       0x0000006c   Zero   RW           50    .bss.hadc3          adc.o
    0x200003dc        -       0x0000006c   Zero   RW           51    .bss.hadc4          adc.o
    0x20000448        -       0x0000006c   Zero   RW           52    .bss.hadc5          adc.o
    0x200004b4        -       0x00000060   Zero   RW           53    .bss.hdma_adc2      adc.o
    0x20000514        -       0x00000060   Zero   RW           54    .bss.hdma_adc3      adc.o
    0x20000574        -       0x00000060   Zero   RW           55    .bss.hdma_adc4      adc.o
    0x200005d4        -       0x00000060   Zero   RW           56    .bss.hdma_adc5      adc.o
    0x20000634        -       0x00000060   Zero   RW          138    .bss.hdma_usart1_rx  usart.o
    0x20000694        -       0x00000060   Zero   RW          139    .bss.hdma_usart1_tx  usart.o
    0x200006f4        -       0x00000064   Zero   RW           81    .bss.hfdcan2        fdcan.o
    0x20000758        -       0x000000fc   Zero   RW           98    .bss.hhrtim1        hrtim.o
    0x20000854        -       0x0000004c   Zero   RW          117    .bss.htim2          tim.o
    0x200008a0        -       0x0000004c   Zero   RW          118    .bss.htim3          tim.o
    0x200008ec        -       0x0000004c   Zero   RW          119    .bss.htim4          tim.o
    0x20000938        -       0x00000094   Zero   RW          137    .bss.huart1         usart.o
    0x200009cc        -       0x00000094   Zero   RW          136    .bss.huart4         usart.o
    0x20000a60        -       0x00000004   Zero   RW          412    .bss.uwTick         stm32g4xx_hal.o
    0x20000a64   0x080074d4   0x00000004   PAD
    0x20000a68        -       0x00000200   Zero   RW            2    HEAP                startup_stm32g474xx.o
    0x20000c68        -       0x00000400   Zero   RW            1    STACK               startup_stm32g474xx.o


==============================================================================

Image component sizes


      Code (inc. data)   RO Data    RW Data    ZI Data      Debug   Object Name

      1712         14          0          0       1028       9304   adc.o
       644          8          0          0        104       7315   can.o
       184          0          0          0          0       4151   dma.o
       258          0          0          0        100       8230   fdcan.o
        86          0          0          0          0       1622   gpio.o
      1008          0          0          0        252      10888   hrtim.o
       510         28          0          0          0       4204   main.o
        64         26        472          0       1536        840   startup_stm32g474xx.o
       182          0          0          8          4       9583   stm32g4xx_hal.o
      2372          0          0          0          0      28733   stm32g4xx_hal_adc.o
       520          0          0          0          0      24096   stm32g4xx_hal_adc_ex.o
       196          0          0          0          0      11073   stm32g4xx_hal_cortex.o
       922          0          0          0          0       9153   stm32g4xx_hal_dma.o
      2122          0         16          0          0      23486   stm32g4xx_hal_fdcan.o
       434          0          0          0          0       5237   stm32g4xx_hal_gpio.o
      3556        352          0          0          0      77821   stm32g4xx_hal_hrtim.o
        68          0          0          0          0       1746   stm32g4xx_hal_msp.o
       288          0          0          0          0       9271   stm32g4xx_hal_pwr_ex.o
      2216          0          0          0          0      10303   stm32g4xx_hal_rcc.o
       726          0          0          0          0      11396   stm32g4xx_hal_rcc_ex.o
      1634          0          0          0          0      63875   stm32g4xx_hal_tim.o
       236          0          0          0          0      30983   stm32g4xx_hal_tim_ex.o
      4728         48         40          0          0      42868   stm32g4xx_hal_uart.o
       340          0         16          0          0      11274   stm32g4xx_hal_uart_ex.o
       164          0          0          0          0       9777   stm32g4xx_it.o
        18          0         24          4          0       2768   system_stm32g4xx.o
       506          0          0          0        228       9575   tim.o
      2038         76          0         56        286      15713   tim_task.o
       646          0          0          0        488       9804   usart.o

    ----------------------------------------------------------------------
     28568        552        602         68       4036     465089   Object Totals
         0          0         32          0          0          0   (incl. Generated)
       190          0          2          0         10          0   (incl. Padding)

    ----------------------------------------------------------------------

      Code (inc. data)   RO Data    RW Data    ZI Data      Debug   Library Member Name

         8          0          0          0          0         68   __main.o
         0          0          0          0          0          0   __rtentry.o
        12          0          0          0          0          0   __rtentry2.o
         6          0          0          0          0          0   __rtentry4.o
        94          8          0          0          0          0   __scatter.o
        26          0          0          0          0          0   __scatter_copy.o
        28          0          0          0          0          0   __scatter_zi.o
        18          0          0          0          0         80   exit.o
         6          0          0          0          0        152   heapauxi.o
         0          0          0          0          0          0   indicate_semi.o
         2          0          0          0          0          0   libinit.o
         6          0          0          0          0          0   libinit2.o
         2          0          0          0          0          0   libshutdown.o
         2          0          0          0          0          0   libshutdown2.o
         8          4          0          0         96         68   libspace.o
       240          0          0          0          0        100   lludivv7m.o
        78          0          0          0          0         80   rt_memclr_w.o
         2          0          0          0          0          0   rtexit.o
        10          0          0          0          0          0   rtexit2.o
        12          4          0          0          0         68   sys_exit.o
        74          0          0          0          0         80   sys_stackheap_outer.o
         2          0          0          0          0         68   use_no_semi.o
        26          0          0          0          0        116   fpinit.o

    ----------------------------------------------------------------------
       670         16          0          0         96        880   Library Totals
         8          0          0          0          0          0   (incl. Padding)

    ----------------------------------------------------------------------

      Code (inc. data)   RO Data    RW Data    ZI Data      Debug   Library Name

       636         16          0          0         96        764   c_w.l
        26          0          0          0          0        116   fz_wm.l

    ----------------------------------------------------------------------
       670         16          0          0         96        880   Library Totals

    ----------------------------------------------------------------------

==============================================================================


      Code (inc. data)   RO Data    RW Data    ZI Data      Debug   

     29238        568        602         68       4132     465237   Grand Totals
     29238        568        602         68       4132     465237   ELF Image Totals
     29238        568        602         68          0          0   ROM Totals

==============================================================================

    Total RO  Size (Code + RO Data)                29840 (  29.14kB)
    Total RW  Size (RW Data + ZI Data)              4200 (   4.10kB)
    Total ROM Size (Code + RO Data + RW Data)      29908 (  29.21kB)

==============================================================================

