<html>
<body>
<pre>
<h1>µVision Build Log</h1>
<h2>Tool Versions:</h2>
IDE-Version: ¦ÌVision V5.43.1.0
Copyright (C) 2025 ARM Ltd and ARM Germany GmbH. All rights reserved.
License Information: Bee Grenn, ZJU, LIC=FYKYW-QLHF9-QDCKD-84S1C-HBEKZ-0XEW8
 
Tool Versions:
Toolchain:       MDK-ARM Plus  Version: 5.43.0.0
Toolchain Path:  D:\Keil_V6\ARM\ARMCLANG\Bin
C Compiler:      ArmClang.exe V6.24
Assembler:       Armasm.exe V6.24
Linker/Locator:  ArmLink.exe V6.24
Library Manager: ArmAr.exe V6.24
Hex Converter:   FromElf.exe V6.24
CPU DLL:         SARMCM3.DLL V5.43.0.0
Dialog DLL:      DCM.DLL V1.17.5.0
Target DLL:      Segger\JL2CM3.dll V2.99.45.0
Dialog DLL:      TCM.DLL V1.56.6.0
 
<h2>Project:</h2>
C:\Users\pc\Desktop\2026BuffCapBalance(1)\release\2026BuffCapBalance\MDK-ARM\SuperCap.uvprojx
Project File Date:  06/18/2026

<h2>Output:</h2>
*** Using Compiler 'V6.24', folder: 'D:\Keil_V6\ARM\ARMCLANG\Bin'
Rebuild target 'SuperCap'
compiling usart.c...
compiling stm32g4xx_it.c...
compiling gpio.c...
assembling startup_stm32g474xx.s...
compiling tim.c...
compiling fdcan.c...
compiling stm32g4xx_hal_adc_ex.c...
compiling dma.c...
compiling stm32g4xx_ll_adc.c...
compiling main.c...
compiling stm32g4xx_hal_adc.c...
compiling stm32g4xx_hal_msp.c...
compiling hrtim.c...
compiling adc.c...
compiling stm32g4xx_hal.c...
compiling stm32g4xx_hal_rcc.c...
compiling stm32g4xx_hal_rcc_ex.c...
compiling stm32g4xx_hal_flash_ramfunc.c...
compiling stm32g4xx_hal_flash.c...
compiling stm32g4xx_hal_flash_ex.c...
compiling stm32g4xx_hal_gpio.c...
compiling stm32g4xx_hal_exti.c...
compiling stm32g4xx_hal_dma_ex.c...
compiling stm32g4xx_hal_pwr.c...
compiling stm32g4xx_hal_dma.c...
compiling stm32g4xx_hal_pwr_ex.c...
compiling stm32g4xx_hal_cortex.c...
compiling stm32g4xx_hal_fdcan.c...
compiling system_stm32g4xx.c...
compiling stm32g4xx_hal_uart_ex.c...
compiling app_init.cpp...
compiling debug_vars.cpp...
compiling pid_controller.cpp...
compiling stm32g4xx_hal_tim_ex.c...
compiling debug_interface.cpp...
compiling super_cap_comm.cpp...
compiling adc_sampler.cpp...
compiling stm32g4xx_hal_hrtim.c...
compiling stm32g4xx_hal_uart.c...
compiling stm32g4xx_hal_tim.c...
compiling global_instances.cpp...
compiling buckboost.cpp...
compiling control_task.cpp...
linking...
Program Size: Code=34270 RO-data=602 RW-data=440 ZI-data=4152  
FromELF: creating hex file...
"SuperCap\SuperCap.axf" - 0 Error(s), 0 Warning(s).

<h2>Software Packages used:</h2>

Package Vendor: ARM
                https://www.keil.com/pack/ARM.CMSIS.6.2.0.pack
                ARM::CMSIS@6.2.0
                CMSIS (Common Microcontroller Software Interface Standard)
   * Component: CORE Version: 6.1.1

Package Vendor: Keil
                http://www.keil.com/pack/Keil.STM32G4xx_DFP.1.2.0.pack
                Keil::STM32G4xx_DFP@1.2.0
                STMicroelectronics STM32G4 Series Device Support, Drivers and Examples

<h2>Collection of Component include folders:</h2>
  ./RTE/_SuperCap
  D:/Keil_V6/Packs/ARM/CMSIS/6.2.0/CMSIS/Core/Include
  D:/Keil_V6/Packs/Keil/STM32G4xx_DFP/1.2.0/Drivers/CMSIS/Device/ST/STM32G4xx/Include

<h2>Collection of Component Files used:</h2>

   * Component: ARM::CMSIS:CORE@6.1.1
      Include file:  CMSIS/Core/Include/tz_context.h
Build Time Elapsed:  00:00:06
</pre>
</body>
</html>
