Component: Arm Compiler for Embedded 6.24 Tool: armlink [5f371500]

==============================================================================

Section Cross References

    startup_stm32g474xx.o(STACK) refers (Special) to heapauxi.o(.text) for __use_two_region_memory
    startup_stm32g474xx.o(HEAP) refers (Special) to heapauxi.o(.text) for __use_two_region_memory
    startup_stm32g474xx.o(RESET) refers (Special) to heapauxi.o(.text) for __use_two_region_memory
    startup_stm32g474xx.o(RESET) refers to startup_stm32g474xx.o(STACK) for __initial_sp
    startup_stm32g474xx.o(RESET) refers to startup_stm32g474xx.o(.text) for Reset_Handler
    startup_stm32g474xx.o(RESET) refers to stm32g4xx_it.o(.text.NMI_Handler) for NMI_Handler
    startup_stm32g474xx.o(RESET) refers to stm32g4xx_it.o(.text.HardFault_Handler) for HardFault_Handler
    startup_stm32g474xx.o(RESET) refers to stm32g4xx_it.o(.text.MemManage_Handler) for MemManage_Handler
    startup_stm32g474xx.o(RESET) refers to stm32g4xx_it.o(.text.BusFault_Handler) for BusFault_Handler
    startup_stm32g474xx.o(RESET) refers to stm32g4xx_it.o(.text.UsageFault_Handler) for UsageFault_Handler
    startup_stm32g474xx.o(RESET) refers to stm32g4xx_it.o(.text.SVC_Handler) for SVC_Handler
    startup_stm32g474xx.o(RESET) refers to stm32g4xx_it.o(.text.DebugMon_Handler) for DebugMon_Handler
    startup_stm32g474xx.o(RESET) refers to stm32g4xx_it.o(.text.PendSV_Handler) for PendSV_Handler
    startup_stm32g474xx.o(RESET) refers to stm32g4xx_it.o(.text.SysTick_Handler) for SysTick_Handler
    startup_stm32g474xx.o(RESET) refers to stm32g4xx_it.o(.text.DMA1_Channel1_IRQHandler) for DMA1_Channel1_IRQHandler
    startup_stm32g474xx.o(RESET) refers to stm32g4xx_it.o(.text.DMA1_Channel2_IRQHandler) for DMA1_Channel2_IRQHandler
    startup_stm32g474xx.o(RESET) refers to stm32g4xx_it.o(.text.DMA1_Channel3_IRQHandler) for DMA1_Channel3_IRQHandler
    startup_stm32g474xx.o(RESET) refers to stm32g4xx_it.o(.text.DMA1_Channel4_IRQHandler) for DMA1_Channel4_IRQHandler
    startup_stm32g474xx.o(RESET) refers to stm32g4xx_it.o(.text.DMA1_Channel5_IRQHandler) for DMA1_Channel5_IRQHandler
    startup_stm32g474xx.o(RESET) refers to stm32g4xx_it.o(.text.TIM2_IRQHandler) for TIM2_IRQHandler
    startup_stm32g474xx.o(RESET) refers to stm32g4xx_it.o(.text.TIM3_IRQHandler) for TIM3_IRQHandler
    startup_stm32g474xx.o(RESET) refers to stm32g4xx_it.o(.text.TIM4_IRQHandler) for TIM4_IRQHandler
    startup_stm32g474xx.o(RESET) refers to stm32g4xx_it.o(.text.USART1_IRQHandler) for USART1_IRQHandler
    startup_stm32g474xx.o(RESET) refers to stm32g4xx_it.o(.text.DMA2_Channel1_IRQHandler) for DMA2_Channel1_IRQHandler
    startup_stm32g474xx.o(RESET) refers to stm32g4xx_it.o(.text.DMA2_Channel2_IRQHandler) for DMA2_Channel2_IRQHandler
    startup_stm32g474xx.o(RESET) refers to stm32g4xx_it.o(.text.FDCAN2_IT0_IRQHandler) for FDCAN2_IT0_IRQHandler
    startup_stm32g474xx.o(.text) refers (Special) to heapauxi.o(.text) for __use_two_region_memory
    startup_stm32g474xx.o(.text) refers to system_stm32g4xx.o(.text.SystemInit) for SystemInit
    startup_stm32g474xx.o(.text) refers to __main.o(!!!main) for __main
    startup_stm32g474xx.o(.text) refers to startup_stm32g474xx.o(HEAP) for Heap_Mem
    startup_stm32g474xx.o(.text) refers to startup_stm32g474xx.o(STACK) for Stack_Mem
    main.o(.text.main) refers to stm32g4xx_hal.o(.text.HAL_Init) for HAL_Init
    main.o(.text.main) refers to stm32g4xx_hal_pwr_ex.o(.text.HAL_PWREx_ControlVoltageScaling) for HAL_PWREx_ControlVoltageScaling
    main.o(.text.main) refers to stm32g4xx_hal_rcc.o(.text.HAL_RCC_OscConfig) for HAL_RCC_OscConfig
    main.o(.text.main) refers to stm32g4xx_hal_rcc.o(.text.HAL_RCC_ClockConfig) for HAL_RCC_ClockConfig
    main.o(.text.main) refers to gpio.o(.text.MX_GPIO_Init) for MX_GPIO_Init
    main.o(.text.main) refers to dma.o(.text.MX_DMA_Init) for MX_DMA_Init
    main.o(.text.main) refers to adc.o(.text.MX_ADC1_Init) for MX_ADC1_Init
    main.o(.text.main) refers to adc.o(.text.MX_ADC2_Init) for MX_ADC2_Init
    main.o(.text.main) refers to adc.o(.text.MX_ADC3_Init) for MX_ADC3_Init
    main.o(.text.main) refers to adc.o(.text.MX_ADC4_Init) for MX_ADC4_Init
    main.o(.text.main) refers to adc.o(.text.MX_ADC5_Init) for MX_ADC5_Init
    main.o(.text.main) refers to fdcan.o(.text.MX_FDCAN2_Init) for MX_FDCAN2_Init
    main.o(.text.main) refers to hrtim.o(.text.MX_HRTIM1_Init) for MX_HRTIM1_Init
    main.o(.text.main) refers to usart.o(.text.MX_UART4_Init) for MX_UART4_Init
    main.o(.text.main) refers to usart.o(.text.MX_USART1_UART_Init) for MX_USART1_UART_Init
    main.o(.text.main) refers to tim.o(.text.MX_TIM2_Init) for MX_TIM2_Init
    main.o(.text.main) refers to tim.o(.text.MX_TIM3_Init) for MX_TIM3_Init
    main.o(.text.main) refers to tim.o(.text.MX_TIM4_Init) for MX_TIM4_Init
    main.o(.text.main) refers to app_init.o(.text.super_cap_app_init) for super_cap_app_init
[...]
    ADC3_IRQHandler                          0x080002df   Thumb Code     0  startup_stm32g474xx.o(.text)
    ADC4_IRQHandler                          0x080002df   Thumb Code     0  startup_stm32g474xx.o(.text)
    ADC5_IRQHandler                          0x080002df   Thumb Code     0  startup_stm32g474xx.o(.text)
    COMP1_2_3_IRQHandler                     0x080002df   Thumb Code     0  startup_stm32g474xx.o(.text)
    COMP4_5_6_IRQHandler                     0x080002df   Thumb Code     0  startup_stm32g474xx.o(.text)
    COMP7_IRQHandler                         0x080002df   Thumb Code     0  startup_stm32g474xx.o(.text)
    CORDIC_IRQHandler                        0x080002df   Thumb Code     0  startup_stm32g474xx.o(.text)
    CRS_IRQHandler                           0x080002df   Thumb Code     0  startup_stm32g474xx.o(.text)
    DMA1_Channel6_IRQHandler                 0x080002df   Thumb Code     0  startup_stm32g474xx.o(.text)
    DMA1_Channel7_IRQHandler                 0x080002df   Thumb Code     0  startup_stm32g474xx.o(.text)
    DMA1_Channel8_IRQHandler                 0x080002df   Thumb Code     0  startup_stm32g474xx.o(.text)
    DMA2_Channel3_IRQHandler                 0x080002df   Thumb Code     0  startup_stm32g474xx.o(.text)
    DMA2_Channel4_IRQHandler                 0x080002df   Thumb Code     0  startup_stm32g474xx.o(.text)
    DMA2_Channel5_IRQHandler                 0x080002df   Thumb Code     0  startup_stm32g474xx.o(.text)
    DMA2_Channel6_IRQHandler                 0x080002df   Thumb Code     0  startup_stm32g474xx.o(.text)
    DMA2_Channel7_IRQHandler                 0x080002df   Thumb Code     0  startup_stm32g474xx.o(.text)
    DMA2_Channel8_IRQHandler                 0x080002df   Thumb Code     0  startup_stm32g474xx.o(.text)
    DMAMUX_OVR_IRQHandler                    0x080002df   Thumb Code     0  startup_stm32g474xx.o(.text)
    EXTI0_IRQHandler                         0x080002df   Thumb Code     0  startup_stm32g474xx.o(.text)
    EXTI15_10_IRQHandler                     0x080002df   Thumb Code     0  startup_stm32g474xx.o(.text)
    EXTI1_IRQHandler                         0x080002df   Thumb Code     0  startup_stm32g474xx.o(.text)
    EXTI2_IRQHandler                         0x080002df   Thumb Code     0  startup_stm32g474xx.o(.text)
    EXTI3_IRQHandler                         0x080002df   Thumb Code     0  startup_stm32g474xx.o(.text)
    EXTI4_IRQHandler                         0x080002df   Thumb Code     0  startup_stm32g474xx.o(.text)
    EXTI9_5_IRQHandler                       0x080002df   Thumb Code     0  startup_stm32g474xx.o(.text)
    FDCAN1_IT0_IRQHandler                    0x080002df   Thumb Code     0  startup_stm32g474xx.o(.text)
    FDCAN1_IT1_IRQHandler                    0x080002df   Thumb Code     0  startup_stm32g474xx.o(.text)
    FDCAN2_IT1_IRQHandler                    0x080002df   Thumb Code     0  startup_stm32g474xx.o(.text)
    FDCAN3_IT0_IRQHandler                    0x080002df   Thumb Code     0  startup_stm32g474xx.o(.text)
    FDCAN3_IT1_IRQHandler                    0x080002df   Thumb Code     0  startup_stm32g474xx.o(.text)
    FLASH_IRQHandler                         0x080002df   Thumb Code     0  startup_stm32g474xx.o(.text)
    FMAC_IRQHandler                          0x080002df   Thumb Code     0  startup_stm32g474xx.o(.text)
    FMC_IRQHandler                           0x080002df   Thumb Code     0  startup_stm32g474xx.o(.text)
    FPU_IRQHandler                           0x080002df   Thumb Code     0  startup_stm32g474xx.o(.text)
    HRTIM1_FLT_IRQHandler                    0x080002df   Thumb Code     0  startup_stm32g474xx.o(.text)
    HRTIM1_Master_IRQHandler                 0x080002df   Thumb Code     0  startup_stm32g474xx.o(.text)
    HRTIM1_TIMA_IRQHandler                   0x080002df   Thumb Code     0  startup_stm32g474xx.o(.text)
    HRTIM1_TIMB_IRQHandler                   0x080002df   Thumb Code     0  startup_stm32g474xx.o(.text)
    HRTIM1_TIMC_IRQHandler                   0x080002df   Thumb Code     0  startup_stm32g474xx.o(.text)
    HRTIM1_TIMD_IRQHandler                   0x080002df   Thumb Code     0  startup_stm32g474xx.o(.text)
    HRTIM1_TIME_IRQHandler                   0x080002df   Thumb Code     0  startup_stm32g474xx.o(.text)
    HRTIM1_TIMF_IRQHandler                   0x080002df   Thumb Code     0  startup_stm32g474xx.o(.text)
    I2C1_ER_IRQHandler                       0x080002df   Thumb Code     0  startup_stm32g474xx.o(.text)
    I2C1_EV_IRQHandler                       0x080002df   Thumb Code     0  startup_stm32g474xx.o(.text)
    I2C2_ER_IRQHandler                       0x080002df   Thumb Code     0  startup_stm32g474xx.o(.text)
    I2C2_EV_IRQHandler                       0x080002df   Thumb Code     0  startup_stm32g474xx.o(.text)
    I2C3_ER_IRQHandler                       0x080002df   Thumb Code     0  startup_stm32g474xx.o(.text)
    I2C3_EV_IRQHandler                       0x080002df   Thumb Code     0  startup_stm32g474xx.o(.text)
    I2C4_ER_IRQHandler                       0x080002df   Thumb Code     0  startup_stm32g474xx.o(.text)
    I2C4_EV_IRQHandler                       0x080002df   Thumb Code     0  startup_stm32g474xx.o(.text)
    LPTIM1_IRQHandler                        0x080002df   Thumb Code     0  startup_stm32g474xx.o(.text)
    LPUART1_IRQHandler                       0x080002df   Thumb Code     0  startup_stm32g474xx.o(.text)
    PVD_PVM_IRQHandler                       0x080002df   Thumb Code     0  startup_stm32g474xx.o(.text)
    QUADSPI_IRQHandler                       0x080002df   Thumb Code     0  startup_stm32g474xx.o(.text)
    RCC_IRQHandler                           0x080002df   Thumb Code     0  startup_stm32g474xx.o(.text)
    RNG_IRQHandler                           0x080002df   Thumb Code     0  startup_stm32g474xx.o(.text)
    RTC_Alarm_IRQHandler                     0x080002df   Thumb Code     0  startup_stm32g474xx.o(.text)
    RTC_TAMP_LSECSS_IRQHandler               0x080002df   Thumb Code     0  startup_stm32g474xx.o(.text)
    RTC_WKUP_IRQHandler                      0x080002df   Thumb Code     0  startup_stm32g474xx.o(.text)
    SAI1_IRQHandler                          0x080002df   Thumb Code     0  startup_stm32g474xx.o(.text)
    SPI1_IRQHandler                          0x080002df   Thumb Code     0  startup_stm32g474xx.o(.text)
    SPI2_IRQHandler                          0x080002df   Thumb Code     0  startup_stm32g474xx.o(.text)
    SPI3_IRQHandler                          0x080002df   Thumb Code     0  startup_stm32g474xx.o(.text)
    SPI4_IRQHandler                          0x080002df   Thumb Code     0  startup_stm32g474xx.o(.text)
    TIM1_BRK_TIM15_IRQHandler                0x080002df   Thumb Code     0  startup_stm32g474xx.o(.text)
    TIM1_CC_IRQHandler                       0x080002df   Thumb Code     0  startup_stm32g474xx.o(.text)
    TIM1_TRG_COM_TIM17_IRQHandler            0x080002df   Thumb Code     0  startup_stm32g474xx.o(.text)
    TIM1_UP_TIM16_IRQHandler                 0x080002df   Thumb Code     0  startup_stm32g474xx.o(.text)
    TIM20_BRK_IRQHandler                     0x080002df   Thumb Code     0  startup_stm32g474xx.o(.text)
    TIM20_CC_IRQHandler                      0x080002df   Thumb Code     0  startup_stm32g474xx.o(.text)
    TIM20_TRG_COM_IRQHandler                 0x080002df   Thumb Code     0  startup_stm32g474xx.o(.text)
    TIM20_UP_IRQHandler                      0x080002df   Thumb Code     0  startup_stm32g474xx.o(.text)
    TIM5_IRQHandler                          0x080002df   Thumb Code     0  startup_stm32g474xx.o(.text)
    TIM6_DAC_IRQHandler                      0x080002df   Thumb Code     0  startup_stm32g474xx.o(.text)
    TIM7_DAC_IRQHandler                      0x080002df   Thumb Code     0  startup_stm32g474xx.o(.text)
    TIM8_BRK_IRQHandler                      0x080002df   Thumb Code     0  startup_stm32g474xx.o(.text)
    TIM8_CC_IRQHandler                       0x080002df   Thumb Code     0  startup_stm32g474xx.o(.text)
    TIM8_TRG_COM_IRQHandler                  0x080002df   Thumb Code     0  startup_stm32g474xx.o(.text)
    TIM8_UP_IRQHandler                       0x080002df   Thumb Code     0  startup_stm32g474xx.o(.text)
    UART4_IRQHandler                         0x080002df   Thumb Code     0  startup_stm32g474xx.o(.text)
    UART5_IRQHandler                         0x080002df   Thumb Code     0  startup_stm32g474xx.o(.text)
    UCPD1_IRQHandler                         0x080002df   Thumb Code     0  startup_stm32g474xx.o(.text)
    USART2_IRQHandler                        0x080002df   Thumb Code     0  startup_stm32g474xx.o(.text)
    USART3_IRQHandler                        0x080002df   Thumb Code     0  startup_stm32g474xx.o(.text)
    USBWakeUp_IRQHandler                     0x080002df   Thumb Code     0  startup_stm32g474xx.o(.text)
    USB_HP_IRQHandler                        0x080002df   Thumb Code     0  startup_stm32g474xx.o(.text)
    USB_LP_IRQHandler                        0x080002df   Thumb Code     0  startup_stm32g474xx.o(.text)
    WWDG_IRQHandler                          0x080002df   Thumb Code     0  startup_stm32g474xx.o(.text)
    __user_initial_stackheap                 0x080002e1   Thumb Code     0  startup_stm32g474xx.o(.text)
    __aeabi_uldivmod                         0x08000305   Thumb Code     0  lludivv7m.o(.text)
    _ll_udiv                                 0x08000305   Thumb Code   240  lludivv7m.o(.text)
    __aeabi_memclr4                          0x080003f5   Thumb Code     0  rt_memclr_w.o(.text)
    __aeabi_memclr8                          0x080003f5   Thumb Code     0  rt_memclr_w.o(.text)
    __rt_memclr_w                            0x080003f5   Thumb Code     0  rt_memclr_w.o(.text)
    _memset_w                                0x080003f9   Thumb Code    74  rt_memclr_w.o(.text)
    __use_two_region_memory                  0x08000443   Thumb Code     2  heapauxi.o(.text)
    __rt_heap_escrow$2region                 0x08000445   Thumb Code     2  heapauxi.o(.text)
    __rt_heap_expand$2region                 0x08000447   Thumb Code     2  heapauxi.o(.text)
    __user_setup_stackheap                   0x08000449   Thumb Code    74  sys_stackheap_outer.o(.text)
    exit                                     0x08000493   Thumb Code    18  exit.o(.text)
    __user_libspace                          0x080004a5   Thumb Code     8  libspace.o(.text)
    __user_perproc_libspace                  0x080004a5   Thumb Code     0  libspace.o(.text)
    __user_perthread_libspace                0x080004a5   Thumb Code     0  libspace.o(.text)
    _sys_exit                                0x080004ad   Thumb Code     8  sys_exit.o(.text)
    __I$use$semihosting                      0x080004b9   Thumb Code     0  use_no_semi.o(.text)
    __use_no_semihosting_swi                 0x080004b9   Thumb Code     2  use_no_semi.o(.text)
    __semihosting_library_function           0x080004bb   Thumb Code     0  indicate_semi.o(.text)
    ADC_DMAConvCplt                          0x080004bd   Thumb Code    98  stm32g4xx_hal_adc.o(.text.ADC_DMAConvCplt)
    ADC_DMAError                             0x08000521   Thumb Code    22  stm32g4xx_hal_adc.o(.text.ADC_DMAError)
    ADC_DMAHalfConvCplt                      0x08000539   Thumb Code     6  stm32g4xx_hal_adc.o(.text.ADC_DMAHalfConvCplt)
    ADC_Disable                              0x08000541   Thumb Code   124  stm32g4xx_hal_adc.o(.text.ADC_Disable)
    ADC_Enable                               0x080005bd   Thumb Code   270  stm32g4xx_hal_adc.o(.text.ADC_Enable)
    BusFault_Handler                         0x080006cd   Thumb Code     2  stm32g4xx_it.o(.text.BusFault_Handler)
    DMA1_Channel1_IRQHandler                 0x080006d1   Thumb Code    12  stm32g4xx_it.o(.text.DMA1_Channel1_IRQHandler)
    DMA1_Channel2_IRQHandler                 0x080006dd   Thumb Code    12  stm32g4xx_it.o(.text.DMA1_Channel2_IRQHandler)
    DMA1_Channel3_IRQHandler                 0x080006e9   Thumb Code    12  stm32g4xx_it.o(.text.DMA1_Channel3_IRQHandler)
    DMA1_Channel4_IRQHandler                 0x080006f5   Thumb Code    12  stm32g4xx_it.o(.text.DMA1_Channel4_IRQHandler)
    DMA1_Channel5_IRQHandler                 0x08000701   Thumb Code    12  stm32g4xx_it.o(.text.DMA1_Channel5_IRQHandler)
    DMA2_Channel1_IRQHandler                 0x0800070d   Thumb Code    12  stm32g4xx_it.o(.text.DMA2_Channel1_IRQHandler)
    DMA2_Channel2_IRQHandler                 0x08000719   Thumb Code    12  stm32g4xx_it.o(.text.DMA2_Channel2_IRQHandler)
    DebugMon_Handler                         0x08000725   Thumb Code     2  stm32g4xx_it.o(.text.DebugMon_Handler)
    Error_Handler                            0x08000729   Thumb Code    10  main.o(.text.Error_Handler)
    FDCAN2_IT0_IRQHandler                    0x08000735   Thumb Code    12  stm32g4xx_it.o(.text.FDCAN2_IT0_IRQHandler)
    HAL_ADCEx_Calibration_Start              0x08000741   Thumb Code   212  stm32g4xx_hal_adc_ex.o(.text.HAL_ADCEx_Calibration_Start)
    HAL_ADCEx_MultiModeConfigChannel         0x08000815   Thumb Code   308  stm32g4xx_hal_adc_ex.o(.text.HAL_ADCEx_MultiModeConfigChannel)
    HAL_ADC_ConfigChannel                    0x08000949   Thumb Code   950  stm32g4xx_hal_adc.o(.text.HAL_ADC_ConfigChannel)
    HAL_ADC_ConvCpltCallback                 0x08000d01   Thumb Code     2  stm32g4xx_hal_adc.o(.text.HAL_ADC_ConvCpltCallback)
    HAL_ADC_ConvHalfCpltCallback             0x08000d05   Thumb Code     2  stm32g4xx_hal_adc.o(.text.HAL_ADC_ConvHalfCpltCallback)
    HAL_ADC_ErrorCallback                    0x08000d09   Thumb Code     2  stm32g4xx_hal_adc.o(.text.HAL_ADC_ErrorCallback)
    HAL_ADC_Init                             0x08000d0d   Thumb Code   598  stm32g4xx_hal_adc.o(.text.HAL_ADC_Init)
    HAL_ADC_MspInit                          0x08000f65   Thumb Code   830  adc.o(.text.HAL_ADC_MspInit)
    HAL_ADC_Start_DMA                        0x080012a5   Thumb Code   298  stm32g4xx_hal_adc.o(.text.HAL_ADC_Start_DMA)
    HAL_DMA_Abort                            0x080013d1   Thumb Code   112  stm32g4xx_hal_dma.o(.text.HAL_DMA_Abort)
    HAL_DMA_Abort_IT                         0x08001441   Thumb Code   128  stm32g4xx_hal_dma.o(.text.HAL_DMA_Abort_IT)
    HAL_DMA_IRQHandler                       0x080014c1   Thumb Code   170  stm32g4xx_hal_dma.o(.text.HAL_DMA_IRQHandler)
    HAL_DMA_Init                             0x0800156d   Thumb Code   280  stm32g4xx_hal_dma.o(.text.HAL_DMA_Init)
    HAL_DMA_Start_IT                         0x08001685   Thumb Code   232  stm32g4xx_hal_dma.o(.text.HAL_DMA_Start_IT)
    HAL_FDCAN_ActivateNotification           0x0800176d   Thumb Code   268  stm32g4xx_hal_fdcan.o(.text.HAL_FDCAN_ActivateNotification)
    HAL_FDCAN_AddMessageToTxFifoQ            0x08001879   Thumb Code   184  stm32g4xx_hal_fdcan.o(.text.HAL_FDCAN_AddMessageToTxFifoQ)
    HAL_FDCAN_ConfigFilter                   0x08001931   Thumb Code    96  stm32g4xx_hal_fdcan.o(.text.HAL_FDCAN_ConfigFilter)
    HAL_FDCAN_ConfigGlobalFilter             0x08001991   Thumb Code    64  stm32g4xx_hal_fdcan.o(.text.HAL_FDCAN_ConfigGlobalFilter)
    HAL_FDCAN_ConfigInterruptLines           0x080019d1   Thumb Code    44  stm32g4xx_hal_fdcan.o(.text.HAL_FDCAN_ConfigInterruptLines)
    HAL_FDCAN_ErrorCallback                  0x080019fd   Thumb Code     2  stm32g4xx_hal_fdcan.o(.text.HAL_FDCAN_ErrorCallback)
    HAL_FDCAN_ErrorStatusCallback            0x08001a01   Thumb Code     4  super_cap_comm.o(.text.HAL_FDCAN_ErrorStatusCallback)
    HAL_FDCAN_GetProtocolStatus              0x08001a05   Thumb Code    70  stm32g4xx_hal_fdcan.o(.text.HAL_FDCAN_GetProtocolStatus)
    HAL_FDCAN_GetRxMessage                   0x08001a4d   Thumb Code   342  stm32g4xx_hal_fdcan.o(.text.HAL_FDCAN_GetRxMessage)
    HAL_FDCAN_HighPriorityMessageCallback    0x08001ba5   Thumb Code     2  stm32g4xx_hal_fdcan.o(.text.HAL_FDCAN_HighPriorityMessageCallback)
    HAL_FDCAN_IRQHandler                     0x08001ba9   Thumb Code   378  stm32g4xx_hal_fdcan.o(.text.HAL_FDCAN_IRQHandler)
    HAL_FDCAN_Init                           0x08001d25   Thumb Code   614  stm32g4xx_hal_fdcan.o(.text.HAL_FDCAN_Init)
    HAL_FDCAN_MspInit                        0x08001f8d   Thumb Code   170  fdcan.o(.text.HAL_FDCAN_MspInit)
    HAL_FDCAN_RxFifo0Callback                0x08002039   Thumb Code    84  super_cap_comm.o(.text.HAL_FDCAN_RxFifo0Callback)
    HAL_FDCAN_RxFifo1Callback                0x0800208d   Thumb Code     2  stm32g4xx_hal_fdcan.o(.text.HAL_FDCAN_RxFifo1Callback)
    HAL_FDCAN_Start                          0x08002091   Thumb Code    44  stm32g4xx_hal_fdcan.o(.text.HAL_FDCAN_Start)
    HAL_FDCAN_TimeoutOccurredCallback        0x080020bd   Thumb Code     2  stm32g4xx_hal_fdcan.o(.text.HAL_FDCAN_TimeoutOccurredCallback)
    HAL_FDCAN_TimestampWraparoundCallback    0x080020c1   Thumb Code     2  stm32g4xx_hal_fdcan.o(.text.HAL_FDCAN_TimestampWraparoundCallback)
    HAL_FDCAN_TxBufferAbortCallback          0x080020c5   Thumb Code     2  stm32g4xx_hal_fdcan.o(.text.HAL_FDCAN_TxBufferAbortCallback)
    HAL_FDCAN_TxBufferCompleteCallback       0x080020c9   Thumb Code     2  stm32g4xx_hal_fdcan.o(.text.HAL_FDCAN_TxBufferCompleteCallback)
    HAL_FDCAN_TxEventFifoCallback            0x080020cd   Thumb Code     2  stm32g4xx_hal_fdcan.o(.text.HAL_FDCAN_TxEventFifoCallback)
    HAL_FDCAN_TxFifoEmptyCallback            0x080020d1   Thumb Code     2  stm32g4xx_hal_fdcan.o(.text.HAL_FDCAN_TxFifoEmptyCallback)
    HAL_GPIO_Init                            0x080020d5   Thumb Code   434  stm32g4xx_hal_gpio.o(.text.HAL_GPIO_Init)
    HAL_GetTick                              0x08002289   Thumb Code    12  stm32g4xx_hal.o(.text.HAL_GetTick)
    HAL_HRTIM_ADCPostScalerConfig            0x08002295   Thumb Code   340  stm32g4xx_hal_hrtim.o(.text.HAL_HRTIM_ADCPostScalerConfig)
    HAL_HRTIM_ADCTriggerConfig               0x080023e9   Thumb Code   672  stm32g4xx_hal_hrtim.o(.text.HAL_HRTIM_ADCTriggerConfig)
    HAL_HRTIM_DLLCalibrationStart            0x08002689   Thumb Code    84  stm32g4xx_hal_hrtim.o(.text.HAL_HRTIM_DLLCalibrationStart)
    HAL_HRTIM_DeadTimeConfig                 0x080026dd   Thumb Code   152  stm32g4xx_hal_hrtim.o(.text.HAL_HRTIM_DeadTimeConfig)
    HAL_HRTIM_Init                           0x08002775   Thumb Code   238  stm32g4xx_hal_hrtim.o(.text.HAL_HRTIM_Init)
    HAL_HRTIM_MspInit                        0x08002865   Thumb Code    48  hrtim.o(.text.HAL_HRTIM_MspInit)
    HAL_HRTIM_PollForDLLCalibration          0x08002895   Thumb Code   122  stm32g4xx_hal_hrtim.o(.text.HAL_HRTIM_PollForDLLCalibration)
    HAL_HRTIM_TimeBaseConfig                 0x08002911   Thumb Code   116  stm32g4xx_hal_hrtim.o(.text.HAL_HRTIM_TimeBaseConfig)
    HAL_HRTIM_WaveformCompareConfig          0x08002985   Thumb Code   460  stm32g4xx_hal_hrtim.o(.text.HAL_HRTIM_WaveformCompareConfig)
    HAL_HRTIM_WaveformCountStart             0x08002b51   Thumb Code    40  stm32g4xx_hal_hrtim.o(.text.HAL_HRTIM_WaveformCountStart)
    HAL_HRTIM_WaveformOutputConfig           0x08002b79   Thumb Code    58  stm32g4xx_hal_hrtim.o(.text.HAL_HRTIM_WaveformOutputConfig)
    HAL_HRTIM_WaveformOutputStart            0x08002bb5   Thumb Code    44  stm32g4xx_hal_hrtim.o(.text.HAL_HRTIM_WaveformOutputStart)
    HAL_HRTIM_WaveformOutputStop             0x08002be1   Thumb Code    44  stm32g4xx_hal_hrtim.o(.text.HAL_HRTIM_WaveformOutputStop)
    HAL_HRTIM_WaveformTimerConfig            0x08002c0d   Thumb Code   720  stm32g4xx_hal_hrtim.o(.text.HAL_HRTIM_WaveformTimerConfig)
    HAL_HRTIM_WaveformTimerControl           0x08002f0d   Thumb Code   156  stm32g4xx_hal_hrtim.o(.text.HAL_HRTIM_WaveformTimerControl)
    HAL_IncTick                              0x08002fc5   Thumb Code    26  stm32g4xx_hal.o(.text.HAL_IncTick)
    HAL_Init                                 0x08002fe1   Thumb Code    30  stm32g4xx_hal.o(.text.HAL_Init)
    HAL_InitTick                             0x08003001   Thumb Code    80  stm32g4xx_hal.o(.text.HAL_InitTick)
    HAL_MspInit                              0x08003051   Thumb Code    68  stm32g4xx_hal_msp.o(.text.HAL_MspInit)
    HAL_NVIC_EnableIRQ                       0x08003095   Thumb Code    34  stm32g4xx_hal_cortex.o(.text.HAL_NVIC_EnableIRQ)
    HAL_NVIC_SetPriority                     0x080030b9   Thumb Code    86  stm32g4xx_hal_cortex.o(.text.HAL_NVIC_SetPriority)
    HAL_NVIC_SetPriorityGrouping             0x08003111   Thumb Code    32  stm32g4xx_hal_cortex.o(.text.HAL_NVIC_SetPriorityGrouping)
    HAL_PWREx_ControlVoltageScaling          0x08003131   Thumb Code   270  stm32g4xx_hal_pwr_ex.o(.text.HAL_PWREx_ControlVoltageScaling)
    HAL_PWREx_DisableUCPDDeadBattery         0x08003241   Thumb Code    18  stm32g4xx_hal_pwr_ex.o(.text.HAL_PWREx_DisableUCPDDeadBattery)
    HAL_RCCEx_PeriphCLKConfig                0x08003255   Thumb Code   726  stm32g4xx_hal_rcc_ex.o(.text.HAL_RCCEx_PeriphCLKConfig)
    HAL_RCC_ClockConfig                      0x0800352d   Thumb Code   772  stm32g4xx_hal_rcc.o(.text.HAL_RCC_ClockConfig)
    HAL_RCC_GetPCLK1Freq                     0x08003831   Thumb Code    42  stm32g4xx_hal_rcc.o(.text.HAL_RCC_GetPCLK1Freq)
    HAL_RCC_GetPCLK2Freq                     0x0800385d   Thumb Code    42  stm32g4xx_hal_rcc.o(.text.HAL_RCC_GetPCLK2Freq)
    HAL_RCC_GetSysClockFreq                  0x08003889   Thumb Code   130  stm32g4xx_hal_rcc.o(.text.HAL_RCC_GetSysClockFreq)
    HAL_RCC_OscConfig                        0x0800390d   Thumb Code  1230  stm32g4xx_hal_rcc.o(.text.HAL_RCC_OscConfig)
    HAL_SYSCFG_DisableVREFBUF                0x08003ddd   Thumb Code    16  stm32g4xx_hal.o(.text.HAL_SYSCFG_DisableVREFBUF)
    HAL_SYSCFG_VREFBUF_HighImpedanceConfig   0x08003ded   Thumb Code    18  stm32g4xx_hal.o(.text.HAL_SYSCFG_VREFBUF_HighImpedanceConfig)
    HAL_SYSTICK_Config                       0x08003e01   Thumb Code    44  stm32g4xx_hal_cortex.o(.text.HAL_SYSTICK_Config)
    HAL_TIMEx_Break2Callback                 0x08003e2d   Thumb Code     2  stm32g4xx_hal_tim_ex.o(.text.HAL_TIMEx_Break2Callback)
    HAL_TIMEx_BreakCallback                  0x08003e31   Thumb Code     2  stm32g4xx_hal_tim_ex.o(.text.HAL_TIMEx_BreakCallback)
    HAL_TIMEx_CommutCallback                 0x08003e35   Thumb Code     2  stm32g4xx_hal_tim_ex.o(.text.HAL_TIMEx_CommutCallback)
    HAL_TIMEx_DirectionChangeCallback        0x08003e39   Thumb Code     2  stm32g4xx_hal_tim_ex.o(.text.HAL_TIMEx_DirectionChangeCallback)
    HAL_TIMEx_EncoderIndexCallback           0x08003e3d   Thumb Code     2  stm32g4xx_hal_tim_ex.o(.text.HAL_TIMEx_EncoderIndexCallback)
    HAL_TIMEx_IndexErrorCallback             0x08003e41   Thumb Code     2  stm32g4xx_hal_tim_ex.o(.text.HAL_TIMEx_IndexErrorCallback)
    HAL_TIMEx_MasterConfigSynchronization    0x08003e45   Thumb Code   222  stm32g4xx_hal_tim_ex.o(.text.HAL_TIMEx_MasterConfigSynchronization)
    HAL_TIMEx_TransitionErrorCallback        0x08003f25   Thumb Code     2  stm32g4xx_hal_tim_ex.o(.text.HAL_TIMEx_TransitionErrorCallback)
    HAL_TIM_Base_Init                        0x08003f29   Thumb Code    98  stm32g4xx_hal_tim.o(.text.HAL_TIM_Base_Init)
    HAL_TIM_Base_MspInit                     0x08003f8d   Thumb Code   154  tim.o(.text.HAL_TIM_Base_MspInit)
    HAL_TIM_Base_Start_IT                    0x08004029   Thumb Code   186  stm32g4xx_hal_tim.o(.text.HAL_TIM_Base_Start_IT)
    HAL_TIM_ConfigClockSource                0x080040e5   Thumb Code   544  stm32g4xx_hal_tim.o(.text.HAL_TIM_ConfigClockSource)
    HAL_TIM_IC_CaptureCallback               0x08004305   Thumb Code     2  stm32g4xx_hal_tim.o(.text.HAL_TIM_IC_CaptureCallback)
    HAL_TIM_IRQHandler                       0x08004309   Thumb Code   460  stm32g4xx_hal_tim.o(.text.HAL_TIM_IRQHandler)
    HAL_TIM_OC_DelayElapsedCallback          0x080044d5   Thumb Code     2  stm32g4xx_hal_tim.o(.text.HAL_TIM_OC_DelayElapsedCallback)
    HAL_TIM_PWM_PulseFinishedCallback        0x080044d9   Thumb Code     2  stm32g4xx_hal_tim.o(.text.HAL_TIM_PWM_PulseFinishedCallback)
    HAL_TIM_PeriodElapsedCallback            0x080044dd   Thumb Code   192  control_task.o(.text.HAL_TIM_PeriodElapsedCallback)
    HAL_TIM_TriggerCallback                  0x080045ad   Thumb Code     2  stm32g4xx_hal_tim.o(.text.HAL_TIM_TriggerCallback)
    HAL_UARTEx_DisableFifoMode               0x080045b1   Thumb Code    54  stm32g4xx_hal_uart_ex.o(.text.HAL_UARTEx_DisableFifoMode)
    HAL_UARTEx_RxEventCallback               0x080045e9   Thumb Code     2  stm32g4xx_hal_uart.o(.text.HAL_UARTEx_RxEventCallback)
    HAL_UARTEx_RxFifoFullCallback            0x080045ed   Thumb Code     2  stm32g4xx_hal_uart_ex.o(.text.HAL_UARTEx_RxFifoFullCallback)
    HAL_UARTEx_SetRxFifoThreshold            0x080045f1   Thumb Code   140  stm32g4xx_hal_uart_ex.o(.text.HAL_UARTEx_SetRxFifoThreshold)
    HAL_UARTEx_SetTxFifoThreshold            0x0800467d   Thumb Code   140  stm32g4xx_hal_uart_ex.o(.text.HAL_UARTEx_SetTxFifoThreshold)
    HAL_UARTEx_TxFifoEmptyCallback           0x08004709   Thumb Code     2  stm32g4xx_hal_uart_ex.o(.text.HAL_UARTEx_TxFifoEmptyCallback)
    HAL_UARTEx_WakeupCallback                0x0800470d   Thumb Code     2  stm32g4xx_hal_uart_ex.o(.text.HAL_UARTEx_WakeupCallback)
    HAL_UART_ErrorCallback                   0x08004711   Thumb Code     2  stm32g4xx_hal_uart.o(.text.HAL_UART_ErrorCallback)
    HAL_UART_IRQHandler                      0x08004715   Thumb Code  1614  stm32g4xx_hal_uart.o(.text.HAL_UART_IRQHandler)
    HAL_UART_Init                            0x08004d65   Thumb Code   100  stm32g4xx_hal_uart.o(.text.HAL_UART_Init)
    HAL_UART_MspInit                         0x08004dc9   Thumb Code   386  usart.o(.text.HAL_UART_MspInit)
    HAL_UART_Transmit_DMA                    0x08004f4d   Thumb Code   232  stm32g4xx_hal_uart.o(.text.HAL_UART_Transmit_DMA)
    HAL_UART_TxCpltCallback                  0x08005035   Thumb Code     2  stm32g4xx_hal_uart.o(.text.HAL_UART_TxCpltCallback)
    HAL_UART_TxHalfCpltCallback              0x08005039   Thumb Code     2  stm32g4xx_hal_uart.o(.text.HAL_UART_TxHalfCpltCallback)
    HardFault_Handler                        0x08005129   Thumb Code     2  stm32g4xx_it.o(.text.HardFault_Handler)
    MX_ADC1_Init                             0x0800512d   Thumb Code   192  adc.o(.text.MX_ADC1_Init)
    MX_ADC2_Init                             0x080051ed   Thumb Code   164  adc.o(.text.MX_ADC2_Init)
    MX_ADC3_Init                             0x08005291   Thumb Code   198  adc.o(.text.MX_ADC3_Init)
    MX_ADC4_Init                             0x08005359   Thumb Code   164  adc.o(.text.MX_ADC4_Init)
    MX_ADC5_Init                             0x080053fd   Thumb Code   164  adc.o(.text.MX_ADC5_Init)
    MX_DMA_Init                              0x080054a1   Thumb Code   184  dma.o(.text.MX_DMA_Init)
    MX_FDCAN2_Init                           0x08005559   Thumb Code    88  fdcan.o(.text.MX_FDCAN2_Init)
    MX_GPIO_Init                             0x080055b1   Thumb Code    86  gpio.o(.text.MX_GPIO_Init)
    MX_HRTIM1_Init                           0x08005609   Thumb Code   960  hrtim.o(.text.MX_HRTIM1_Init)
    MX_TIM2_Init                             0x080059c9   Thumb Code   116  tim.o(.text.MX_TIM2_Init)
    MX_TIM3_Init                             0x08005a3d   Thumb Code   118  tim.o(.text.MX_TIM3_Init)
    MX_TIM4_Init                             0x08005ab5   Thumb Code   118  tim.o(.text.MX_TIM4_Init)
    MX_UART4_Init                            0x08005b2d   Thumb Code   130  usart.o(.text.MX_UART4_Init)
    MX_USART1_UART_Init                      0x08005bb1   Thumb Code   130  usart.o(.text.MX_USART1_UART_Init)
    MemManage_Handler                        0x08005c35   Thumb Code     2  stm32g4xx_it.o(.text.MemManage_Handler)
    NMI_Handler                              0x08005c39   Thumb Code     2  stm32g4xx_it.o(.text.NMI_Handler)
    PendSV_Handler                           0x08005c3d   Thumb Code     2  stm32g4xx_it.o(.text.PendSV_Handler)
    SVC_Handler                              0x08005c41   Thumb Code     2  stm32g4xx_it.o(.text.SVC_Handler)
    SysTick_Handler                          0x08005c45   Thumb Code     4  stm32g4xx_it.o(.text.SysTick_Handler)
    SystemInit                               0x08005c49   Thumb Code    18  system_stm32g4xx.o(.text.SystemInit)
    TIM2_IRQHandler                          0x08005c5d   Thumb Code    12  stm32g4xx_it.o(.text.TIM2_IRQHandler)
    TIM3_IRQHandler                          0x08005c69   Thumb Code    12  stm32g4xx_it.o(.text.TIM3_IRQHandler)
    TIM4_IRQHandler                          0x08005c75   Thumb Code    12  stm32g4xx_it.o(.text.TIM4_IRQHandler)
    TIM_Base_SetConfig                       0x08005c81   Thumb Code   338  stm32g4xx_hal_tim.o(.text.TIM_Base_SetConfig)
    UART_AdvFeatureConfig                    0x08005dd5   Thumb Code   230  stm32g4xx_hal_uart.o(.text.UART_AdvFeatureConfig)
    UART_CheckIdleState                      0x08005ebd   Thumb Code   362  stm32g4xx_hal_uart.o(.text.UART_CheckIdleState)
    UART_SetConfig                           0x080062c9   Thumb Code   676  stm32g4xx_hal_uart.o(.text.UART_SetConfig)
    UART_WaitOnFlagUntilTimeout              0x0800657d   Thumb Code   822  stm32g4xx_hal_uart.o(.text.UART_WaitOnFlagUntilTimeout)
    USART1_IRQHandler                        0x080068b5   Thumb Code    12  stm32g4xx_it.o(.text.USART1_IRQHandler)
    UsageFault_Handler                       0x080068c1   Thumb Code     2  stm32g4xx_it.o(.text.UsageFault_Handler)
    supercap::AdcSampler::applyComplementaryFilter(bool) 0x080068c5   Thumb Code   112  adc_sampler.o(.text._ZN8supercap10AdcSampler24applyComplementaryFilterEb)
    supercap::AdcSampler::update()           0x08006941   Thumb Code   348  adc_sampler.o(.text._ZN8supercap10AdcSampler6updateEv)
    supercap::AdcSampler::startDMA()         0x08006aad   Thumb Code   152  adc_sampler.o(.text._ZN8supercap10AdcSampler8startDMAEv)
    supercap::AdcSampler::calibrate(unsigned short) 0x08006b49   Thumb Code   392  adc_sampler.o(.text._ZN8supercap10AdcSampler9calibrateEt)
    supercap::ControlTask::checkProtection() 0x08006d71   Thumb Code   384  control_task.o(.text._ZN8supercap11ControlTask15checkProtectionEv)
    supercap::ControlTask::computeControlLoop() 0x08006ef9   Thumb Code  1344  control_task.o(.text._ZN8supercap11ControlTask18computeControlLoopEv)
    supercap::ControlTask::init()            0x0800746d   Thumb Code   228  control_task.o(.text._ZN8supercap11ControlTask4initEv)
    supercap::ControlTask::onTim2()          0x08007575   Thumb Code   244  control_task.o(.text._ZN8supercap11ControlTask6onTim2Ev)
    supercap::ControlTask::debugSync()       0x08007675   Thumb Code   864  control_task.o(.text._ZN8supercap11ControlTask9debugSyncEv)
    supercap::SuperCapComm::errorStatusCallback(FDCAN_HandleTypeDef*, unsigned int) 0x080079d5   Thumb Code   148  super_cap_comm.o(.text._ZN8supercap12SuperCapComm19errorStatusCallbackEP19FDCAN_HandleTypeDefj)
    supercap::SuperCapComm::init()           0x08007a69   Thumb Code   104  super_cap_comm.o(.text._ZN8supercap12SuperCapComm4initEv)
    supercap::SuperCapComm::send()           0x08007ad1   Thumb Code   252  super_cap_comm.o(.text._ZN8supercap12SuperCapComm4sendEv)
    supercap::PIDController::init(float, float, float, float, float, float) 0x08007bd5   Thumb Code    34  pid_controller.o(.text._ZN8supercap13PIDController4initEffffff)
    supercap::PIDController::reset()         0x08007bf9   Thumb Code    14  pid_controller.o(.text._ZN8supercap13PIDController5resetEv)
    supercap::PIDController::compute(float, float) 0x08007c09   Thumb Code   126  pid_controller.o(.text._ZN8supercap13PIDController7computeEff)
    supercap::DebugInterface::send()         0x08007c89   Thumb Code    16  debug_interface.o(.text._ZN8supercap14DebugInterface4sendEv)
    supercap::DebugInterface::update(supercap::AdcSampler const&, supercap::ControlTask const&, supercap::SuperCapComm const&) 0x08007c99   Thumb Code   136  debug_interface.o(.text._ZN8supercap14DebugInterface6updateERKNS_10AdcSamplerERKNS_11ControlTaskERKNS_12SuperCapCommE)
    supercap::BuckBoostConverter::update(float) 0x08007d25   Thumb Code   304  buckboost.o(.text._ZN8supercap18BuckBoostConverter6updateEf)
    main                                     0x08007e69   Thumb Code   166  main.o(.text.main)
    super_cap_app_init                       0x08007f11   Thumb Code    12  app_init.o(.text.super_cap_app_init)
    __aeabi_d2f                              0x08007f1d   Thumb Code     0  d2f.o(x$fpl$d2f)
    _d2f                                     0x08007f1d   Thumb Code    98  d2f.o(x$fpl$d2f)
    __aeabi_dadd                             0x08007f81   Thumb Code     0  daddsub_clz.o(x$fpl$dadd)
    _dadd                                    0x08007f81   Thumb Code   332  daddsub_clz.o(x$fpl$dadd)
    __aeabi_dmul                             0x080080d1   Thumb Code     0  dmul.o(x$fpl$dmul)
    _dmul                                    0x080080d1   Thumb Code   332  dmul.o(x$fpl$dmul)
    __fpl_dnaninf                            0x08008225   Thumb Code   156  dnaninf.o(x$fpl$dnaninf)
    __fpl_dretinf                            0x080082c1   Thumb Code    12  dretinf.o(x$fpl$dretinf)
    __aeabi_dsub                             0x080082cd   Thumb Code     0  daddsub_clz.o(x$fpl$dsub)
    _dsub                                    0x080082cd   Thumb Code   472  daddsub_clz.o(x$fpl$dsub)
    __aeabi_f2d                              0x080084a9   Thumb Code     0  f2d.o(x$fpl$f2d)
    _f2d                                     0x080084a9   Thumb Code    86  f2d.o(x$fpl$f2d)
    __fpl_fnaninf                            0x080084ff   Thumb Code   140  fnaninf.o(x$fpl$fnaninf)
    _fp_init                                 0x0800858b   Thumb Code    26  fpinit.o(x$fpl$fpinit)
    __fplib_config_fpu_vfp                   0x080085a3   Thumb Code     0  fpinit.o(x$fpl$fpinit)
    __fplib_config_pureend_doubles           0x080085a3   Thumb Code     0  fpinit.o(x$fpl$fpinit)
    __fpl_fretinf                            0x080085a5   Thumb Code    10  fretinf.o(x$fpl$fretinf)
    AHBPrescTable                            0x080085ae   Data          16  system_stm32g4xx.o(.rodata.AHBPrescTable)
    __I$use$fp                               0x080085ae   Number         0  usenofp.o(x$fpl$usenofp)
    APBPrescTable                            0x080085be   Data           8  system_stm32g4xx.o(.rodata.APBPrescTable)
    UARTPrescTable                           0x080085c6   Data          24  stm32g4xx_hal_uart.o(.rodata.UARTPrescTable)
    Region$$Table$$Base                      0x08008610   Number         0  anon$$obj.o(Region$$Table)
    Region$$Table$$Limit                     0x08008630   Number         0  anon$$obj.o(Region$$Table)
    uwTickPrio                               0x20000000   Data           4  stm32g4xx_hal.o(.data..L_MergedGlobals)
    uwTickFreq                               0x20000004   Data           4  stm32g4xx_hal.o(.data..L_MergedGlobals)
    SystemCoreClock                          0x20000008   Data           4  system_stm32g4xx.o(.data.SystemCoreClock)
    supercap::g_control_task                 0x2000000c   Data         376  global_instances.o(.data._ZN8supercap14g_control_taskE)
    __libspace_start                         0x20000188   Data          96  libspace.o(.bss)
    __temporary_stack_top$libspace           0x200001e8   Data           0  libspace.o(.bss)
    hdma_adc1                                0x200001f0   Data          96  adc.o(.bss..L_MergedGlobals)
    supercap::g_super_cap_comm               0x20000250   Data          28  global_instances.o(.bss._ZN8supercap16g_super_cap_commE)
    g_dbg_battery_power                      0x2000029c   Data           4  debug_vars.o(.bss.g_dbg_battery_power)
    g_dbg_boost_duty                         0x200002a0   Data           4  debug_vars.o(.bss.g_dbg_boost_duty)
    g_dbg_buck_duty                          0x200002a4   Data           4  debug_vars.o(.bss.g_dbg_buck_duty)
    g_dbg_bus_power_target                   0x200002a8   Data           4  debug_vars.o(.bss.g_dbg_bus_power_target)
    g_dbg_busvloop_err                       0x200002ac   Data           8  debug_vars.o(.bss.g_dbg_busvloop_err)
    g_dbg_busvloop_iout                      0x200002b4   Data           4  debug_vars.o(.bss.g_dbg_busvloop_iout)
    g_dbg_busvloop_ki                        0x200002b8   Data           4  debug_vars.o(.bss.g_dbg_busvloop_ki)
    g_dbg_busvloop_kp                        0x200002bc   Data           4  debug_vars.o(.bss.g_dbg_busvloop_kp)
    g_dbg_busvloop_out                       0x200002c0   Data           4  debug_vars.o(.bss.g_dbg_busvloop_out)
    g_dbg_busvloop_pout                      0x200002c4   Data           4  debug_vars.o(.bss.g_dbg_busvloop_pout)
    g_dbg_can_disable_cnt                    0x200002c8   Data           4  debug_vars.o(.bss.g_dbg_can_disable_cnt)
    g_dbg_can_disable_flag                   0x200002cc   Data           1  debug_vars.o(.bss.g_dbg_can_disable_flag)
    g_dbg_can_div_cnt                        0x200002ce   Data           2  debug_vars.o(.bss.g_dbg_can_div_cnt)
    g_dbg_can_last_tick                      0x200002d0   Data           4  debug_vars.o(.bss.g_dbg_can_last_tick)
    g_dbg_cap_v_max                          0x200002d4   Data           4  debug_vars.o(.bss.g_dbg_cap_v_max)
    g_dbg_ccap                               0x200002d8   Data           4  debug_vars.o(.bss.g_dbg_ccap)
    g_dbg_cin                                0x200002dc   Data           4  debug_vars.o(.bss.g_dbg_cin)
    g_dbg_cloop_ref                          0x200002e0   Data           4  debug_vars.o(.bss.g_dbg_cloop_ref)
    g_dbg_cout                               0x200002e4   Data           4  debug_vars.o(.bss.g_dbg_cout)
    g_dbg_ffd_ratio                          0x200002e8   Data           4  debug_vars.o(.bss.g_dbg_ffd_ratio)
    g_dbg_ploop_err                          0x200002ec   Data           8  debug_vars.o(.bss.g_dbg_ploop_err)
    g_dbg_ploop_iout                         0x200002f4   Data           4  debug_vars.o(.bss.g_dbg_ploop_iout)
    g_dbg_ploop_ki                           0x200002f8   Data           4  debug_vars.o(.bss.g_dbg_ploop_ki)
    g_dbg_ploop_kp                           0x200002fc   Data           4  debug_vars.o(.bss.g_dbg_ploop_kp)
    g_dbg_ploop_out                          0x20000300   Data           4  debug_vars.o(.bss.g_dbg_ploop_out)
    g_dbg_ploop_pout                         0x20000304   Data           4  debug_vars.o(.bss.g_dbg_ploop_pout)
    g_dbg_ploop_ref                          0x20000308   Data           4  debug_vars.o(.bss.g_dbg_ploop_ref)
    g_dbg_power_set                          0x2000030c   Data           4  debug_vars.o(.bss.g_dbg_power_set)
    g_dbg_power_start_tick                   0x20000310   Data           2  debug_vars.o(.bss.g_dbg_power_start_tick)
    g_dbg_raw_ccap                           0x20000312   Data          16  debug_vars.o(.bss.g_dbg_raw_ccap)
    g_dbg_raw_cin                            0x20000322   Data          16  debug_vars.o(.bss.g_dbg_raw_cin)
    g_dbg_raw_cout                           0x20000332   Data          16  debug_vars.o(.bss.g_dbg_raw_cout)
    g_dbg_raw_vcap                           0x20000342   Data          16  debug_vars.o(.bss.g_dbg_raw_vcap)
    g_dbg_raw_vin                            0x20000352   Data          16  debug_vars.o(.bss.g_dbg_raw_vin)
    g_dbg_restart_flag                       0x20000362   Data           1  debug_vars.o(.bss.g_dbg_restart_flag)
    g_dbg_startup_charging                   0x20000363   Data           1  debug_vars.o(.bss.g_dbg_startup_charging)
    g_dbg_state                              0x20000364   Data           1  debug_vars.o(.bss.g_dbg_state)
    g_dbg_vcap                               0x20000368   Data           4  debug_vars.o(.bss.g_dbg_vcap)
    g_dbg_vcap_last                          0x2000036c   Data           4  debug_vars.o(.bss.g_dbg_vcap_last)
    g_dbg_vcap_reg_target                    0x20000370   Data           4  debug_vars.o(.bss.g_dbg_vcap_reg_target)
    g_dbg_vin                                0x20000374   Data           4  debug_vars.o(.bss.g_dbg_vin)
    g_dbg_vin_last                           0x20000378   Data           4  debug_vars.o(.bss.g_dbg_vin_last)
    g_dbg_vloop_err                          0x2000037c   Data           8  debug_vars.o(.bss.g_dbg_vloop_err)
    g_dbg_vloop_iout                         0x20000384   Data           4  debug_vars.o(.bss.g_dbg_vloop_iout)
    g_dbg_vloop_ki                           0x20000388   Data           4  debug_vars.o(.bss.g_dbg_vloop_ki)
    g_dbg_vloop_kp                           0x2000038c   Data           4  debug_vars.o(.bss.g_dbg_vloop_kp)
    g_dbg_vloop_out                          0x20000390   Data           4  debug_vars.o(.bss.g_dbg_vloop_out)
    g_dbg_vloop_pout                         0x20000394   Data           4  debug_vars.o(.bss.g_dbg_vloop_pout)
    g_dbg_vloop_ref                          0x20000398   Data           4  debug_vars.o(.bss.g_dbg_vloop_ref)
    g_dbg_volt_ratio                         0x2000039c   Data           4  debug_vars.o(.bss.g_dbg_volt_ratio)
    g_dbg_vout                               0x200003a0   Data           4  debug_vars.o(.bss.g_dbg_vout)
    g_dbg_work_tick                          0x200003a4   Data           4  debug_vars.o(.bss.g_dbg_work_tick)
    hadc1                                    0x200003a8   Data         108  adc.o(.bss.hadc1)
    hadc2                                    0x20000414   Data         108  adc.o(.bss.hadc2)
    hadc3                                    0x20000480   Data         108  adc.o(.bss.hadc3)
    hadc4                                    0x200004ec   Data         108  adc.o(.bss.hadc4)
    hadc5                                    0x20000558   Data         108  adc.o(.bss.hadc5)
    hdma_adc2                                0x200005c4   Data          96  adc.o(.bss.hdma_adc2)
    hdma_adc3                                0x20000624   Data          96  adc.o(.bss.hdma_adc3)
    hdma_adc4                                0x20000684   Data          96  adc.o(.bss.hdma_adc4)
    hdma_adc5                                0x200006e4   Data          96  adc.o(.bss.hdma_adc5)
    hdma_usart1_rx                           0x20000744   Data          96  usart.o(.bss.hdma_usart1_rx)
    hdma_usart1_tx                           0x200007a4   Data          96  usart.o(.bss.hdma_usart1_tx)
    hfdcan2                                  0x20000804   Data         100  fdcan.o(.bss.hfdcan2)
    hhrtim1                                  0x20000868   Data         252  hrtim.o(.bss.hhrtim1)
    htim2                                    0x20000964   Data          76  tim.o(.bss.htim2)
    htim3                                    0x200009b0   Data          76  tim.o(.bss.htim3)
    htim4                                    0x200009fc   Data          76  tim.o(.bss.htim4)
    huart1                                   0x20000a48   Data         148  usart.o(.bss.huart1)
    huart4                                   0x20000adc   Data         148  usart.o(.bss.huart4)
    uwTick                                   0x20000b70   Data           4  stm32g4xx_hal.o(.bss.uwTick)



==============================================================================

Memory Map of the image

  Image Entry point : 0x080001d9

  Load Region LR_IROM1 (Base: 0x08000000, Size: 0x000087b8, Max: 0x00080000, ABSOLUTE, COMPRESSED[0x00008648])

    Execution Region ER_IROM1 (Exec base: 0x08000000, Load base: 0x08000000, Size: 0x00008630, Max: 0x00080000, ABSOLUTE)

    Exec Addr    Load Addr    Size         Type   Attr      Idx    E Section Name        Object

    0x08000000   0x08000000   0x000001d8   Data   RO            3    RESET               startup_stm32g474xx.o
    0x080001d8   0x080001d8   0x00000008   Code   RO         2026  * !!!main             c_w.l(__main.o)
    0x080001e0   0x080001e0   0x0000005c   Code   RO         2228    !!!scatter          c_w.l(__scatter.o)
    0x0800023c   0x0800023c   0x0000003a   Code   RO         2226    !!dczerorl          c_w.l(__dczerorl.o)
    0x08000276   0x08000276   0x00000002   PAD
    0x08000278   0x08000278   0x00000002   Code   RO         2229    !!handler_null      c_w.l(__scatter.o)
    0x0800027a   0x0800027a   0x00000002   PAD
    0x0800027c   0x0800027c   0x0000001c   Code   RO         2232    !!handler_zi        c_w.l(__scatter_zi.o)
    0x08000298   0x08000298   0x00000002   Code   RO         2088    .ARM.Collect$$libinit$$00000000  c_w.l(libinit.o)
    0x0800029a   0x0800029a   0x00000004   Code   RO         2100    .ARM.Collect$$libinit$$00000001  c_w.l(libinit2.o)
    0x0800029e   0x0800029e   0x00000000   Code   RO         2103    .ARM.Collect$$libinit$$00000004  c_w.l(libinit2.o)
    0x0800029e   0x0800029e   0x00000000   Code   RO         2105    .ARM.Collect$$libinit$$00000006  c_w.l(libinit2.o)
    0x0800029e   0x0800029e   0x00000000   Code   RO         2108    .ARM.Collect$$libinit$$0000000C  c_w.l(libinit2.o)
    0x0800029e   0x0800029e   0x00000000   Code   RO         2110    .ARM.Collect$$libinit$$0000000E  c_w.l(libinit2.o)
    0x0800029e   0x0800029e   0x00000000   Code   RO         2112    .ARM.Collect$$libinit$$00000010  c_w.l(libinit2.o)
    0x0800029e   0x0800029e   0x00000000   Code   RO         2115    .ARM.Collect$$libinit$$00000013  c_w.l(libinit2.o)
    0x0800029e   0x0800029e   0x00000000   Code   RO         2117    .ARM.Collect$$libinit$$00000015  c_w.l(libinit2.o)
    0x0800029e   0x0800029e   0x00000000   Code   RO         2119    .ARM.Collect$$libinit$$00000017  c_w.l(libinit2.o)
    0x0800029e   0x0800029e   0x00000000   Code   RO         2121    .ARM.Collect$$libinit$$00000019  c_w.l(libinit2.o)
    0x0800029e   0x0800029e   0x00000000   Code   RO         2123    .ARM.Collect$$libinit$$0000001B  c_w.l(libinit2.o)
    0x0800029e   0x0800029e   0x00000000   Code   RO         2125    .ARM.Collect$$libinit$$0000001D  c_w.l(libinit2.o)
    0x0800029e   0x0800029e   0x00000000   Code   RO         2127    .ARM.Collect$$libinit$$0000001F  c_w.l(libinit2.o)
    0x0800029e   0x0800029e   0x00000000   Code   RO         2129    .ARM.Collect$$libinit$$00000021  c_w.l(libinit2.o)
    0x0800029e   0x0800029e   0x00000000   Code   RO         2131    .ARM.Collect$$libinit$$00000023  c_w.l(libinit2.o)
    0x0800029e   0x0800029e   0x00000000   Code   RO         2133    .ARM.Collect$$libinit$$00000025  c_w.l(libinit2.o)
    0x0800029e   0x0800029e   0x00000000   Code   RO         2135    .ARM.Collect$$libinit$$00000027  c_w.l(libinit2.o)
    0x0800029e   0x0800029e   0x00000000   Code   RO         2139    .ARM.Collect$$libinit$$0000002E  c_w.l(libinit2.o)
    0x0800029e   0x0800029e   0x00000000   Code   RO         2141    .ARM.Collect$$libinit$$00000030  c_w.l(libinit2.o)
    0x0800029e   0x0800029e   0x00000000   Code   RO         2143    .ARM.Collect$$libinit$$00000032  c_w.l(libinit2.o)
    0x0800029e   0x0800029e   0x00000000   Code   RO         2145    .ARM.Collect$$libinit$$00000034  c_w.l(libinit2.o)
    0x0800029e   0x0800029e   0x00000002   Code   RO         2146    .ARM.Collect$$libinit$$00000035  c_w.l(libinit2.o)
    0x080002a0   0x080002a0   0x00000002   Code   RO         2181    .ARM.Collect$$libshutdown$$00000000  c_w.l(libshutdown.o)
    0x080002a2   0x080002a2   0x00000000   Code   RO         2209    .ARM.Collect$$libshutdown$$00000002  c_w.l(libshutdown2.o)
    0x080002a2   0x080002a2   0x00000000   Code   RO         2211    .ARM.Collect$$libshutdown$$00000004  c_w.l(libshutdown2.o)
    0x080002a2   0x080002a2   0x00000000   Code   RO         2214    .ARM.Collect$$libshutdown$$00000007  c_w.l(libshutdown2.o)
    0x080002a2   0x080002a2   0x00000000   Code   RO         2217    .ARM.Collect$$libshutdown$$0000000A  c_w.l(libshutdown2.o)
    0x080002a2   0x080002a2   0x00000000   Code   RO         2219    .ARM.Collect$$libshutdown$$0000000C  c_w.l(libshutdown2.o)
    0x080002a2   0x080002a2   0x00000000   Code   RO         2222    .ARM.Collect$$libshutdown$$0000000F  c_w.l(libshutdown2.o)
    0x080002a2   0x080002a2   0x00000002   Code   RO         2223    .ARM.Collect$$libshutdown$$00000010  c_w.l(libshutdown2.o)
    0x080002a4   0x080002a4   0x00000000   Code   RO         2044    .ARM.Collect$$rtentry$$00000000  c_w.l(__rtentry.o)
    0x080002a4   0x080002a4   0x00000000   Code   RO         2059    .ARM.Collect$$rtentry$$00000002  c_w.l(__rtentry2.o)
    0x080002a4   0x080002a4   0x00000006   Code   RO         2071    .ARM.Collect$$rtentry$$00000004  c_w.l(__rtentry4.o)
    0x080002aa   0x080002aa   0x00000000   Code   RO         2061    .ARM.Collect$$rtentry$$00000009  c_w.l(__rtentry2.o)
    0x080002aa   0x080002aa   0x00000004   Code   RO         2062    .ARM.Collect$$rtentry$$0000000A  c_w.l(__rtentry2.o)
    0x080002ae   0x080002ae   0x00000000   Code   RO         2064    .ARM.Collect$$rtentry$$0000000C  c_w.l(__rtentry2.o)
    0x080002ae   0x080002ae   0x00000008   Code   RO         2065    .ARM.Collect$$rtentry$$0000000D  c_w.l(__rtentry2.o)
    0x080002b6   0x080002b6   0x00000002   Code   RO         2092    .ARM.Collect$$rtexit$$00000000  c_w.l(rtexit.o)
    0x080002b8   0x080002b8   0x00000000   Code   RO         2152    .ARM.Collect$$rtexit$$00000002  c_w.l(rtexit2.o)
    0x080002b8   0x080002b8   0x00000004   Code   RO         2153    .ARM.Collect$$rtexit$$00000003  c_w.l(rtexit2.o)
    0x080002bc   0x080002bc   0x00000006   Code   RO         2154    .ARM.Collect$$rtexit$$00000004  c_w.l(rtexit2.o)
    0x080002c2   0x080002c2   0x00000002   PAD
    0x080002c4   0x080002c4   0x00000040   Code   RO            4    .text               startup_stm32g474xx.o
    0x08000304   0x08000304   0x000000f0   Code   RO         2020    .text               c_w.l(lludivv7m.o)
    0x080003f4   0x080003f4   0x0000004e   Code   RO         2022    .text               c_w.l(rt_memclr_w.o)
    0x08000442   0x08000442   0x00000006   Code   RO         2024    .text               c_w.l(heapauxi.o)
    0x08000448   0x08000448   0x0000004a   Code   RO         2075    .text               c_w.l(sys_stackheap_outer.o)
    0x08000492   0x08000492   0x00000012   Code   RO         2077    .text               c_w.l(exit.o)
    0x080004a4   0x080004a4   0x00000008   Code   RO         2089    .text               c_w.l(libspace.o)
    0x080004ac   0x080004ac   0x0000000c   Code   RO         2147    .text               c_w.l(sys_exit.o)
    0x080004b8   0x080004b8   0x00000002   Code   RO         2170    .text               c_w.l(use_no_semi.o)
    0x080004ba   0x080004ba   0x00000000   Code   RO         2172    .text               c_w.l(indicate_semi.o)
    0x080004ba   0x080004ba   0x00000002   PAD
    0x080004bc   0x080004bc   0x00000062   Code   RO          233    .text.ADC_DMAConvCplt  stm32g4xx_hal_adc.o
    0x0800051e   0x0800051e   0x00000002   PAD
    0x08000520   0x08000520   0x00000016   Code   RO          237    .text.ADC_DMAError  stm32g4xx_hal_adc.o
    0x08000536   0x08000536   0x00000002   PAD
    0x08000538   0x08000538   0x00000006   Code   RO          235    .text.ADC_DMAHalfConvCplt  stm32g4xx_hal_adc.o
    0x0800053e   0x0800053e   0x00000002   PAD
    0x08000540   0x08000540   0x0000007c   Code   RO          213    .text.ADC_Disable   stm32g4xx_hal_adc.o
    0x080005bc   0x080005bc   0x0000010e   Code   RO          219    .text.ADC_Enable    stm32g4xx_hal_adc.o
    0x080006ca   0x080006ca   0x00000002   PAD
    0x080006cc   0x080006cc   0x00000002   Code   RO          154    .text.BusFault_Handler  stm32g4xx_it.o
    0x080006ce   0x080006ce   0x00000002   PAD
    0x080006d0   0x080006d0   0x0000000c   Code   RO          166    .text.DMA1_Channel1_IRQHandler  stm32g4xx_it.o
    0x080006dc   0x080006dc   0x0000000c   Code   RO          168    .text.DMA1_Channel2_IRQHandler  stm32g4xx_it.o
    0x080006e8   0x080006e8   0x0000000c   Code   RO          170    .text.DMA1_Channel3_IRQHandler  stm32g4xx_it.o
    0x080006f4   0x080006f4   0x0000000c   Code   RO          172    .text.DMA1_Channel4_IRQHandler  stm32g4xx_it.o
    0x08000700   0x08000700   0x0000000c   Code   RO          174    .text.DMA1_Channel5_IRQHandler  stm32g4xx_it.o
    0x0800070c   0x0800070c   0x0000000c   Code   RO          184    .text.DMA2_Channel1_IRQHandler  stm32g4xx_it.o
    0x08000718   0x08000718   0x0000000c   Code   RO          186    .text.DMA2_Channel2_IRQHandler  stm32g4xx_it.o
    0x08000724   0x08000724   0x00000002   Code   RO          160    .text.DebugMon_Handler  stm32g4xx_it.o
    0x08000726   0x08000726   0x00000002   PAD
    0x08000728   0x08000728   0x0000000a   Code   RO           15    .text.Error_Handler  main.o
    0x08000732   0x08000732   0x00000002   PAD
    0x08000734   0x08000734   0x0000000c   Code   RO          188    .text.FDCAN2_IT0_IRQHandler  stm32g4xx_it.o
    0x08000740   0x08000740   0x000000d4   Code   RO          273    .text.HAL_ADCEx_Calibration_Start  stm32g4xx_hal_adc_ex.o
    0x08000814   0x08000814   0x00000134   Code   RO          317    .text.HAL_ADCEx_MultiModeConfigChannel  stm32g4xx_hal_adc_ex.o
    0x08000948   0x08000948   0x000003b6   Code   RO          257    .text.HAL_ADC_ConfigChannel  stm32g4xx_hal_adc.o
    0x08000cfe   0x08000cfe   0x00000002   PAD
    0x08000d00   0x08000d00   0x00000002   Code   RO          249    .text.HAL_ADC_ConvCpltCallback  stm32g4xx_hal_adc.o
    0x08000d02   0x08000d02   0x00000002   PAD
    0x08000d04   0x08000d04   0x00000002   Code   RO          255    .text.HAL_ADC_ConvHalfCpltCallback  stm32g4xx_hal_adc.o
    0x08000d06   0x08000d06   0x00000002   PAD
    0x08000d08   0x08000d08   0x00000002   Code   RO          253    .text.HAL_ADC_ErrorCallback  stm32g4xx_hal_adc.o
    0x08000d0a   0x08000d0a   0x00000002   PAD
    0x08000d0c   0x08000d0c   0x00000256   Code   RO          205    .text.HAL_ADC_Init  stm32g4xx_hal_adc.o
    0x08000f62   0x08000f62   0x00000002   PAD
    0x08000f64   0x08000f64   0x0000033e   Code   RO           44    .text.HAL_ADC_MspInit  adc.o
    0x080012a2   0x080012a2   0x00000002   PAD
    0x080012a4   0x080012a4   0x0000012a   Code   RO          231    .text.HAL_ADC_Start_DMA  stm32g4xx_hal_adc.o
    0x080013ce   0x080013ce   0x00000002   PAD
    0x080013d0   0x080013d0   0x00000070   Code   RO          637    .text.HAL_DMA_Abort  stm32g4xx_hal_dma.o
    0x08001440   0x08001440   0x00000080   Code   RO          639    .text.HAL_DMA_Abort_IT  stm32g4xx_hal_dma.o
    0x080014c0   0x080014c0   0x000000aa   Code   RO          643    .text.HAL_DMA_IRQHandler  stm32g4xx_hal_dma.o
    0x0800156a   0x0800156a   0x00000002   PAD
    0x0800156c   0x0800156c   0x00000118   Code   RO          629    .text.HAL_DMA_Init  stm32g4xx_hal_dma.o
    0x08001684   0x08001684   0x000000e8   Code   RO          635    .text.HAL_DMA_Start_IT  stm32g4xx_hal_dma.o
    0x0800176c   0x0800176c   0x0000010c   Code   RO          939    .text.HAL_FDCAN_ActivateNotification  stm32g4xx_hal_fdcan.o
    0x08001878   0x08001878   0x000000b8   Code   RO          911    .text.HAL_FDCAN_AddMessageToTxFifoQ  stm32g4xx_hal_fdcan.o
    0x08001930   0x08001930   0x00000060   Code   RO          865    .text.HAL_FDCAN_ConfigFilter  stm32g4xx_hal_fdcan.o
    0x08001990   0x08001990   0x00000040   Code   RO          867    .text.HAL_FDCAN_ConfigGlobalFilter  stm32g4xx_hal_fdcan.o
    0x080019d0   0x080019d0   0x0000002c   Code   RO          937    .text.HAL_FDCAN_ConfigInterruptLines  stm32g4xx_hal_fdcan.o
    0x080019fc   0x080019fc   0x00000002   Code   RO          965    .text.HAL_FDCAN_ErrorCallback  stm32g4xx_hal_fdcan.o
    0x080019fe   0x080019fe   0x00000002   PAD
    0x08001a00   0x08001a00   0x00000004   Code   RO         1897    .text.HAL_FDCAN_ErrorStatusCallback  super_cap_comm.o
    0x08001a04   0x08001a04   0x00000046   Code   RO          923    .text.HAL_FDCAN_GetProtocolStatus  stm32g4xx_hal_fdcan.o
    0x08001a4a   0x08001a4a   0x00000002   PAD
    0x08001a4c   0x08001a4c   0x00000156   Code   RO          917    .text.HAL_FDCAN_GetRxMessage  stm32g4xx_hal_fdcan.o
    0x08001ba2   0x08001ba2   0x00000002   PAD
    0x08001ba4   0x08001ba4   0x00000002   Code   RO          945    .text.HAL_FDCAN_HighPriorityMessageCallback  stm32g4xx_hal_fdcan.o
    0x08001ba6   0x08001ba6   0x00000002   PAD
    0x08001ba8   0x08001ba8   0x0000017a   Code   RO          943    .text.HAL_FDCAN_IRQHandler  stm32g4xx_hal_fdcan.o
    0x08001d22   0x08001d22   0x00000002   PAD
    0x08001d24   0x08001d24   0x00000266   Code   RO          851    .text.HAL_FDCAN_Init  stm32g4xx_hal_fdcan.o
    0x08001f8a   0x08001f8a   0x00000002   PAD
    0x08001f8c   0x08001f8c   0x000000aa   Code   RO           77    .text.HAL_FDCAN_MspInit  fdcan.o
    0x08002036   0x08002036   0x00000002   PAD
    0x08002038   0x08002038   0x00000054   Code   RO         1895    .text.HAL_FDCAN_RxFifo0Callback  super_cap_comm.o
    0x0800208c   0x0800208c   0x00000002   Code   RO          953    .text.HAL_FDCAN_RxFifo1Callback  stm32g4xx_hal_fdcan.o
    0x0800208e   0x0800208e   0x00000002   PAD
    0x08002090   0x08002090   0x0000002c   Code   RO          909    .text.HAL_FDCAN_Start  stm32g4xx_hal_fdcan.o
    0x080020bc   0x080020bc   0x00000002   Code   RO          961    .text.HAL_FDCAN_TimeoutOccurredCallback  stm32g4xx_hal_fdcan.o
    0x080020be   0x080020be   0x00000002   PAD
    0x080020c0   0x080020c0   0x00000002   Code   RO          959    .text.HAL_FDCAN_TimestampWraparoundCallback  stm32g4xx_hal_fdcan.o
    0x080020c2   0x080020c2   0x00000002   PAD
    0x080020c4   0x080020c4   0x00000002   Code   RO          947    .text.HAL_FDCAN_TxBufferAbortCallback  stm32g4xx_hal_fdcan.o
    0x080020c6   0x080020c6   0x00000002   PAD
    0x080020c8   0x080020c8   0x00000002   Code   RO          957    .text.HAL_FDCAN_TxBufferCompleteCallback  stm32g4xx_hal_fdcan.o
    0x080020ca   0x080020ca   0x00000002   PAD
    0x080020cc   0x080020cc   0x00000002   Code   RO          949    .text.HAL_FDCAN_TxEventFifoCallback  stm32g4xx_hal_fdcan.o
    0x080020ce   0x080020ce   0x00000002   PAD
    0x080020d0   0x080020d0   0x00000002   Code   RO          955    .text.HAL_FDCAN_TxFifoEmptyCallback  stm32g4xx_hal_fdcan.o
    0x080020d2   0x080020d2   0x00000002   PAD
    0x080020d4   0x080020d4   0x000001b2   Code   RO          579    .text.HAL_GPIO_Init  stm32g4xx_hal_gpio.o
    0x08002286   0x08002286   0x00000002   PAD
    0x08002288   0x08002288   0x0000000c   Code   RO          348    .text.HAL_GetTick   stm32g4xx_hal.o
    0x08002294   0x08002294   0x00000154   Code   RO         1094    .text.HAL_HRTIM_ADCPostScalerConfig  stm32g4xx_hal_hrtim.o
    0x080023e8   0x080023e8   0x000002a0   Code   RO         1092    .text.HAL_HRTIM_ADCTriggerConfig  stm32g4xx_hal_hrtim.o
    0x08002688   0x08002688   0x00000054   Code   RO          988    .text.HAL_HRTIM_DLLCalibrationStart  stm32g4xx_hal_hrtim.o
    0x080026dc   0x080026dc   0x00000098   Code   RO         1114    .text.HAL_HRTIM_DeadTimeConfig  stm32g4xx_hal_hrtim.o
    0x08002774   0x08002774   0x000000ee   Code   RO          980    .text.HAL_HRTIM_Init  stm32g4xx_hal_hrtim.o
    0x08002862   0x08002862   0x00000002   PAD
    0x08002864   0x08002864   0x00000030   Code   RO           94    .text.HAL_HRTIM_MspInit  hrtim.o
    0x08002894   0x08002894   0x0000007a   Code   RO          992    .text.HAL_HRTIM_PollForDLLCalibration  stm32g4xx_hal_hrtim.o
    0x0800290e   0x0800290e   0x00000002   PAD
    0x08002910   0x08002910   0x00000074   Code   RO          994    .text.HAL_HRTIM_TimeBaseConfig  stm32g4xx_hal_hrtim.o
    0x08002984   0x08002984   0x000001cc   Code   RO         1120    .text.HAL_HRTIM_WaveformCompareConfig  stm32g4xx_hal_hrtim.o
    0x08002b50   0x08002b50   0x00000028   Code   RO         1132    .text.HAL_HRTIM_WaveformCountStart  stm32g4xx_hal_hrtim.o
    0x08002b78   0x08002b78   0x0000003a   Code   RO         1124    .text.HAL_HRTIM_WaveformOutputConfig  stm32g4xx_hal_hrtim.o
    0x08002bb2   0x08002bb2   0x00000002   PAD
    0x08002bb4   0x08002bb4   0x0000002c   Code   RO         1128    .text.HAL_HRTIM_WaveformOutputStart  stm32g4xx_hal_hrtim.o
    0x08002be0   0x08002be0   0x0000002c   Code   RO         1130    .text.HAL_HRTIM_WaveformOutputStop  stm32g4xx_hal_hrtim.o
    0x08002c0c   0x08002c0c   0x00000300   Code   RO         1098    .text.HAL_HRTIM_WaveformTimerConfig  stm32g4xx_hal_hrtim.o
    0x08002f0c   0x08002f0c   0x000000b8   Code   RO         1100    .text.HAL_HRTIM_WaveformTimerControl  stm32g4xx_hal_hrtim.o
    0x08002fc4   0x08002fc4   0x0000001a   Code   RO          346    .text.HAL_IncTick   stm32g4xx_hal.o
    0x08002fde   0x08002fde   0x00000002   PAD
    0x08002fe0   0x08002fe0   0x0000001e   Code   RO          336    .text.HAL_Init      stm32g4xx_hal.o
    0x08002ffe   0x08002ffe   0x00000002   PAD
    0x08003000   0x08003000   0x00000050   Code   RO          338    .text.HAL_InitTick  stm32g4xx_hal.o
    0x08003050   0x08003050   0x00000044   Code   RO          197    .text.HAL_MspInit   stm32g4xx_hal_msp.o
    0x08003094   0x08003094   0x00000022   Code   RO          805    .text.HAL_NVIC_EnableIRQ  stm32g4xx_hal_cortex.o
    0x080030b6   0x080030b6   0x00000002   PAD
    0x080030b8   0x080030b8   0x00000056   Code   RO          803    .text.HAL_NVIC_SetPriority  stm32g4xx_hal_cortex.o
    0x0800310e   0x0800310e   0x00000002   PAD
    0x08003110   0x08003110   0x00000020   Code   RO          801    .text.HAL_NVIC_SetPriorityGrouping  stm32g4xx_hal_cortex.o
    0x08003130   0x08003130   0x0000010e   Code   RO          721    .text.HAL_PWREx_ControlVoltageScaling  stm32g4xx_hal_pwr_ex.o
    0x0800323e   0x0800323e   0x00000002   PAD
    0x08003240   0x08003240   0x00000012   Code   RO          791    .text.HAL_PWREx_DisableUCPDDeadBattery  stm32g4xx_hal_pwr_ex.o
    0x08003252   0x08003252   0x00000002   PAD
    0x08003254   0x08003254   0x000002d6   Code   RO          460    .text.HAL_RCCEx_PeriphCLKConfig  stm32g4xx_hal_rcc_ex.o
    0x0800352a   0x0800352a   0x00000002   PAD
    0x0800352c   0x0800352c   0x00000304   Code   RO          426    .text.HAL_RCC_ClockConfig  stm32g4xx_hal_rcc.o
    0x08003830   0x08003830   0x0000002a   Code   RO          434    .text.HAL_RCC_GetPCLK1Freq  stm32g4xx_hal_rcc.o
    0x0800385a   0x0800385a   0x00000002   PAD
    0x0800385c   0x0800385c   0x0000002a   Code   RO          436    .text.HAL_RCC_GetPCLK2Freq  stm32g4xx_hal_rcc.o
    0x08003886   0x08003886   0x00000002   PAD
    0x08003888   0x08003888   0x00000082   Code   RO          428    .text.HAL_RCC_GetSysClockFreq  stm32g4xx_hal_rcc.o
    0x0800390a   0x0800390a   0x00000002   PAD
    0x0800390c   0x0800390c   0x000004ce   Code   RO          424    .text.HAL_RCC_OscConfig  stm32g4xx_hal_rcc.o
    0x08003dda   0x08003dda   0x00000002   PAD
    0x08003ddc   0x08003ddc   0x00000010   Code   RO          400    .text.HAL_SYSCFG_DisableVREFBUF  stm32g4xx_hal.o
    0x08003dec   0x08003dec   0x00000012   Code   RO          394    .text.HAL_SYSCFG_VREFBUF_HighImpedanceConfig  stm32g4xx_hal.o
    0x08003dfe   0x08003dfe   0x00000002   PAD
    0x08003e00   0x08003e00   0x0000002c   Code   RO          813    .text.HAL_SYSTICK_Config  stm32g4xx_hal_cortex.o
    0x08003e2c   0x08003e2c   0x00000002   Code   RO         1603    .text.HAL_TIMEx_Break2Callback  stm32g4xx_hal_tim_ex.o
    0x08003e2e   0x08003e2e   0x00000002   PAD
    0x08003e30   0x08003e30   0x00000002   Code   RO         1601    .text.HAL_TIMEx_BreakCallback  stm32g4xx_hal_tim_ex.o
    0x08003e32   0x08003e32   0x00000002   PAD
    0x08003e34   0x08003e34   0x00000002   Code   RO         1597    .text.HAL_TIMEx_CommutCallback  stm32g4xx_hal_tim_ex.o
    0x08003e36   0x08003e36   0x00000002   PAD
    0x08003e38   0x08003e38   0x00000002   Code   RO         1607    .text.HAL_TIMEx_DirectionChangeCallback  stm32g4xx_hal_tim_ex.o
    0x08003e3a   0x08003e3a   0x00000002   PAD
    0x08003e3c   0x08003e3c   0x00000002   Code   RO         1605    .text.HAL_TIMEx_EncoderIndexCallback  stm32g4xx_hal_tim_ex.o
    0x08003e3e   0x08003e3e   0x00000002   PAD
    0x08003e40   0x08003e40   0x00000002   Code   RO         1609    .text.HAL_TIMEx_IndexErrorCallback  stm32g4xx_hal_tim_ex.o
    0x08003e42   0x08003e42   0x00000002   PAD
    0x08003e44   0x08003e44   0x000000de   Code   RO         1547    .text.HAL_TIMEx_MasterConfigSynchronization  stm32g4xx_hal_tim_ex.o
    0x08003f22   0x08003f22   0x00000002   PAD
    0x08003f24   0x08003f24   0x00000002   Code   RO         1611    .text.HAL_TIMEx_TransitionErrorCallback  stm32g4xx_hal_tim_ex.o
    0x08003f26   0x08003f26   0x00000002   PAD
    0x08003f28   0x08003f28   0x00000062   Code   RO         1252    .text.HAL_TIM_Base_Init  stm32g4xx_hal_tim.o
    0x08003f8a   0x08003f8a   0x00000002   PAD
    0x08003f8c   0x08003f8c   0x0000009a   Code   RO          113    .text.HAL_TIM_Base_MspInit  tim.o
    0x08004026   0x08004026   0x00000002   PAD
    0x08004028   0x08004028   0x000000ba   Code   RO         1266    .text.HAL_TIM_Base_Start_IT  stm32g4xx_hal_tim.o
    0x080040e2   0x080040e2   0x00000002   PAD
    0x080040e4   0x080040e4   0x00000220   Code   RO         1432    .text.HAL_TIM_ConfigClockSource  stm32g4xx_hal_tim.o
    0x08004304   0x08004304   0x00000002   Code   RO         1388    .text.HAL_TIM_IC_CaptureCallback  stm32g4xx_hal_tim.o
    0x08004306   0x08004306   0x00000002   PAD
    0x08004308   0x08004308   0x000001cc   Code   RO         1386    .text.HAL_TIM_IRQHandler  stm32g4xx_hal_tim.o
    0x080044d4   0x080044d4   0x00000002   Code   RO         1390    .text.HAL_TIM_OC_DelayElapsedCallback  stm32g4xx_hal_tim.o
    0x080044d6   0x080044d6   0x00000002   PAD
    0x080044d8   0x080044d8   0x00000002   Code   RO         1392    .text.HAL_TIM_PWM_PulseFinishedCallback  stm32g4xx_hal_tim.o
    0x080044da   0x080044da   0x00000002   PAD
    0x080044dc   0x080044dc   0x000000d0   Code   RO         2000    .text.HAL_TIM_PeriodElapsedCallback  control_task.o
    0x080045ac   0x080045ac   0x00000002   Code   RO         1396    .text.HAL_TIM_TriggerCallback  stm32g4xx_hal_tim.o
    0x080045ae   0x080045ae   0x00000002   PAD
    0x080045b0   0x080045b0   0x00000036   Code   RO         1788    .text.HAL_UARTEx_DisableFifoMode  stm32g4xx_hal_uart_ex.o
    0x080045e6   0x080045e6   0x00000002   PAD
    0x080045e8   0x080045e8   0x00000002   Code   RO         1716    .text.HAL_UARTEx_RxEventCallback  stm32g4xx_hal_uart.o
    0x080045ea   0x080045ea   0x00000002   PAD
    0x080045ec   0x080045ec   0x00000002   Code   RO         1774    .text.HAL_UARTEx_RxFifoFullCallback  stm32g4xx_hal_uart_ex.o
    0x080045ee   0x080045ee   0x00000002   PAD
    0x080045f0   0x080045f0   0x0000008c   Code   RO         1792    .text.HAL_UARTEx_SetRxFifoThreshold  stm32g4xx_hal_uart_ex.o
    0x0800467c   0x0800467c   0x0000008c   Code   RO         1790    .text.HAL_UARTEx_SetTxFifoThreshold  stm32g4xx_hal_uart_ex.o
    0x08004708   0x08004708   0x00000002   Code   RO         1776    .text.HAL_UARTEx_TxFifoEmptyCallback  stm32g4xx_hal_uart_ex.o
    0x0800470a   0x0800470a   0x00000002   PAD
    0x0800470c   0x0800470c   0x00000002   Code   RO         1772    .text.HAL_UARTEx_WakeupCallback  stm32g4xx_hal_uart_ex.o
    0x0800470e   0x0800470e   0x00000002   PAD
    0x08004710   0x08004710   0x00000002   Code   RO         1714    .text.HAL_UART_ErrorCallback  stm32g4xx_hal_uart.o
    0x08004712   0x08004712   0x00000002   PAD
    0x08004714   0x08004714   0x0000064e   Code   RO         1710    .text.HAL_UART_IRQHandler  stm32g4xx_hal_uart.o
    0x08004d62   0x08004d62   0x00000002   PAD
    0x08004d64   0x08004d64   0x00000064   Code   RO         1626    .text.HAL_UART_Init  stm32g4xx_hal_uart.o
    0x08004dc8   0x08004dc8   0x00000182   Code   RO          132    .text.HAL_UART_MspInit  usart.o
    0x08004f4a   0x08004f4a   0x00000002   PAD
    0x08004f4c   0x08004f4c   0x000000e8   Code   RO         1666    .text.HAL_UART_Transmit_DMA  stm32g4xx_hal_uart.o
    0x08005034   0x08005034   0x00000002   Code   RO         1718    .text.HAL_UART_TxCpltCallback  stm32g4xx_hal_uart.o
    0x08005036   0x08005036   0x00000002   PAD
    0x08005038   0x08005038   0x00000002   Code   RO         1720    .text.HAL_UART_TxHalfCpltCallback  stm32g4xx_hal_uart.o
    0x0800503a   0x0800503a   0x00000002   PAD
    0x0800503c   0x0800503c   0x000000ea   Code   RO         1016    .text.HRTIM_OutputConfig  stm32g4xx_hal_hrtim.o
    0x08005126   0x08005126   0x00000002   PAD
    0x08005128   0x08005128   0x00000002   Code   RO          150    .text.HardFault_Handler  stm32g4xx_it.o
    0x0800512a   0x0800512a   0x00000002   PAD
    0x0800512c   0x0800512c   0x000000c0   Code   RO           34    .text.MX_ADC1_Init  adc.o
    0x080051ec   0x080051ec   0x000000a4   Code   RO           36    .text.MX_ADC2_Init  adc.o
    0x08005290   0x08005290   0x000000c6   Code   RO           38    .text.MX_ADC3_Init  adc.o
    0x08005356   0x08005356   0x00000002   PAD
    0x08005358   0x08005358   0x000000a4   Code   RO           40    .text.MX_ADC4_Init  adc.o
    0x080053fc   0x080053fc   0x000000a4   Code   RO           42    .text.MX_ADC5_Init  adc.o
    0x080054a0   0x080054a0   0x000000b8   Code   RO           66    .text.MX_DMA_Init   dma.o
    0x08005558   0x08005558   0x00000058   Code   RO           75    .text.MX_FDCAN2_Init  fdcan.o
    0x080055b0   0x080055b0   0x00000056   Code   RO           26    .text.MX_GPIO_Init  gpio.o
    0x08005606   0x08005606   0x00000002   PAD
    0x08005608   0x08005608   0x000003c0   Code   RO           90    .text.MX_HRTIM1_Init  hrtim.o
    0x080059c8   0x080059c8   0x00000074   Code   RO          107    .text.MX_TIM2_Init  tim.o
    0x08005a3c   0x08005a3c   0x00000076   Code   RO          109    .text.MX_TIM3_Init  tim.o
    0x08005ab2   0x08005ab2   0x00000002   PAD
    0x08005ab4   0x08005ab4   0x00000076   Code   RO          111    .text.MX_TIM4_Init  tim.o
    0x08005b2a   0x08005b2a   0x00000002   PAD
    0x08005b2c   0x08005b2c   0x00000082   Code   RO          128    .text.MX_UART4_Init  usart.o
    0x08005bae   0x08005bae   0x00000002   PAD
    0x08005bb0   0x08005bb0   0x00000082   Code   RO          130    .text.MX_USART1_UART_Init  usart.o
    0x08005c32   0x08005c32   0x00000002   PAD
    0x08005c34   0x08005c34   0x00000002   Code   RO          152    .text.MemManage_Handler  stm32g4xx_it.o
    0x08005c36   0x08005c36   0x00000002   PAD
    0x08005c38   0x08005c38   0x00000002   Code   RO          148    .text.NMI_Handler   stm32g4xx_it.o
    0x08005c3a   0x08005c3a   0x00000002   PAD
    0x08005c3c   0x08005c3c   0x00000002   Code   RO          162    .text.PendSV_Handler  stm32g4xx_it.o
    0x08005c3e   0x08005c3e   0x00000002   PAD
    0x08005c40   0x08005c40   0x00000002   Code   RO          158    .text.SVC_Handler   stm32g4xx_it.o
    0x08005c42   0x08005c42   0x00000002   PAD
    0x08005c44   0x08005c44   0x00000004   Code   RO          164    .text.SysTick_Handler  stm32g4xx_it.o
    0x08005c48   0x08005c48   0x00000012   Code   RO         1811    .text.SystemInit    system_stm32g4xx.o
    0x08005c5a   0x08005c5a   0x00000002   PAD
    0x08005c5c   0x08005c5c   0x0000000c   Code   RO          176    .text.TIM2_IRQHandler  stm32g4xx_it.o
    0x08005c68   0x08005c68   0x0000000c   Code   RO          178    .text.TIM3_IRQHandler  stm32g4xx_it.o
    0x08005c74   0x08005c74   0x0000000c   Code   RO          180    .text.TIM4_IRQHandler  stm32g4xx_it.o
    0x08005c80   0x08005c80   0x00000152   Code   RO         1256    .text.TIM_Base_SetConfig  stm32g4xx_hal_tim.o
    0x08005dd2   0x08005dd2   0x00000002   PAD
    0x08005dd4   0x08005dd4   0x000000e6   Code   RO         1630    .text.UART_AdvFeatureConfig  stm32g4xx_hal_uart.o
    0x08005eba   0x08005eba   0x00000002   PAD
    0x08005ebc   0x08005ebc   0x0000016a   Code   RO         1634    .text.UART_CheckIdleState  stm32g4xx_hal_uart.o
    0x08006026   0x08006026   0x00000002   PAD
    0x08006028   0x08006028   0x0000000c   Code   RO         1712    .text.UART_DMAAbortOnError  stm32g4xx_hal_uart.o
    0x08006034   0x08006034   0x000001da   Code   RO         1672    .text.UART_DMAError  stm32g4xx_hal_uart.o
    0x0800620e   0x0800620e   0x00000002   PAD
    0x08006210   0x08006210   0x000000b0   Code   RO         1668    .text.UART_DMATransmitCplt  stm32g4xx_hal_uart.o
    0x080062c0   0x080062c0   0x00000006   Code   RO         1670    .text.UART_DMATxHalfCplt  stm32g4xx_hal_uart.o
    0x080062c6   0x080062c6   0x00000002   PAD
    0x080062c8   0x080062c8   0x000002b4   Code   RO         1632    .text.UART_SetConfig  stm32g4xx_hal_uart.o
    0x0800657c   0x0800657c   0x00000336   Code   RO         1648    .text.UART_WaitOnFlagUntilTimeout  stm32g4xx_hal_uart.o
    0x080068b2   0x080068b2   0x00000002   PAD
    0x080068b4   0x080068b4   0x0000000c   Code   RO          182    .text.USART1_IRQHandler  stm32g4xx_it.o
    0x080068c0   0x080068c0   0x00000002   Code   RO          156    .text.UsageFault_Handler  stm32g4xx_it.o
    0x080068c2   0x080068c2   0x00000002   PAD
    0x080068c4   0x080068c4   0x0000007c   Code   RO         1856    .text._ZN8supercap10AdcSampler24applyComplementaryFilterEb  adc_sampler.o
    0x08006940   0x08006940   0x0000016c   Code   RO         1852    .text._ZN8supercap10AdcSampler6updateEv  adc_sampler.o
    0x08006aac   0x08006aac   0x00000098   Code   RO         1850    .text._ZN8supercap10AdcSampler8startDMAEv  adc_sampler.o
    0x08006b44   0x08006b44   0x00000004   PAD
    0x08006b48   0x08006b48   0x00000228   Code   RO         1858    .text._ZN8supercap10AdcSampler9calibrateEt  adc_sampler.o
    0x08006d70   0x08006d70   0x00000188   Code   RO         1998    .text._ZN8supercap11ControlTask15checkProtectionEv  control_task.o
    0x08006ef8   0x08006ef8   0x00000574   Code   RO         1992    .text._ZN8supercap11ControlTask18computeControlLoopEv  control_task.o
    0x0800746c   0x0800746c   0x00000108   Code   RO         1978    .text._ZN8supercap11ControlTask4initEv  control_task.o
    0x08007574   0x08007574   0x00000100   Code   RO         1982    .text._ZN8supercap11ControlTask6onTim2Ev  control_task.o
    0x08007674   0x08007674   0x00000360   Code   RO         1996    .text._ZN8supercap11ControlTask9debugSyncEv  control_task.o
    0x080079d4   0x080079d4   0x00000094   Code   RO         1893    .text._ZN8supercap12SuperCapComm19errorStatusCallbackEP19FDCAN_HandleTypeDefj  super_cap_comm.o
    0x08007a68   0x08007a68   0x00000068   Code   RO         1877    .text._ZN8supercap12SuperCapComm4initEv  super_cap_comm.o
    0x08007ad0   0x08007ad0   0x00000104   Code   RO         1889    .text._ZN8supercap12SuperCapComm4sendEv  super_cap_comm.o
    0x08007bd4   0x08007bd4   0x00000022   Code   RO         1838    .text._ZN8supercap13PIDController4initEffffff  pid_controller.o
    0x08007bf6   0x08007bf6   0x00000002   PAD
    0x08007bf8   0x08007bf8   0x0000000e   Code   RO         1836    .text._ZN8supercap13PIDController5resetEv  pid_controller.o
    0x08007c06   0x08007c06   0x00000002   PAD
    0x08007c08   0x08007c08   0x0000007e   Code   RO         1840    .text._ZN8supercap13PIDController7computeEff  pid_controller.o
    0x08007c86   0x08007c86   0x00000002   PAD
    0x08007c88   0x08007c88   0x00000010   Code   RO         1911    .text._ZN8supercap14DebugInterface4sendEv  debug_interface.o
    0x08007c98   0x08007c98   0x0000008c   Code   RO         1909    .text._ZN8supercap14DebugInterface6updateERKNS_10AdcSamplerERKNS_11ControlTaskERKNS_12SuperCapCommE  debug_interface.o
    0x08007d24   0x08007d24   0x00000144   Code   RO         2010    .text._ZN8supercap18BuckBoostConverter6updateEf  buckboost.o
    0x08007e68   0x08007e68   0x000000a6   Code   RO           11    .text.main          main.o
    0x08007f0e   0x08007f0e   0x00000002   PAD
    0x08007f10   0x08007f10   0x0000000c   Code   RO         1826    .text.super_cap_app_init  app_init.o
    0x08007f1c   0x08007f1c   0x00000062   Code   RO         2028    x$fpl$d2f           fz_wm.l(d2f.o)
    0x08007f7e   0x08007f7e   0x00000002   PAD
    0x08007f80   0x08007f80   0x00000150   Code   RO         2030    x$fpl$dadd          fz_wm.l(daddsub_clz.o)
    0x080080d0   0x080080d0   0x00000154   Code   RO         2040    x$fpl$dmul          fz_wm.l(dmul.o)
    0x08008224   0x08008224   0x0000009c   Code   RO         2049    x$fpl$dnaninf       fz_wm.l(dnaninf.o)
    0x080082c0   0x080082c0   0x0000000c   Code   RO         2051    x$fpl$dretinf       fz_wm.l(dretinf.o)
    0x080082cc   0x080082cc   0x000001dc   Code   RO         2032    x$fpl$dsub          fz_wm.l(daddsub_clz.o)
    0x080084a8   0x080084a8   0x00000056   Code   RO         2042    x$fpl$f2d           fz_wm.l(f2d.o)
    0x080084fe   0x080084fe   0x0000008c   Code   RO         2053    x$fpl$fnaninf       fz_wm.l(fnaninf.o)
    0x0800858a   0x0800858a   0x0000001a   Code   RO         2164    x$fpl$fpinit        fz_wm.l(fpinit.o)
    0x080085a4   0x080085a4   0x0000000a   Code   RO         2055    x$fpl$fretinf       fz_wm.l(fretinf.o)
    0x080085ae   0x080085ae   0x00000000   Code   RO         2057    x$fpl$usenofp       fz_wm.l(usenofp.o)
    0x080085ae   0x080085ae   0x00000010   Data   RO         1816    .rodata.AHBPrescTable  system_stm32g4xx.o
    0x080085be   0x080085be   0x00000008   Data   RO         1817    .rodata.APBPrescTable  system_stm32g4xx.o
    0x080085c6   0x080085c6   0x00000018   Data   RO         1760    .rodata.UARTPrescTable  stm32g4xx_hal_uart.o
    0x080085de   0x080085de   0x00000010   Data   RO          971    .rodata.cst16       stm32g4xx_hal_fdcan.o
    0x080085ee   0x080085ee   0x00000002   PAD
    0x080085f0   0x080085f0   0x00000010   Data   RO         1761    .rodata.cst16       stm32g4xx_hal_uart.o
    0x08008600   0x08008600   0x00000010   Data   RO         1802    .rodata.cst8        stm32g4xx_hal_uart_ex.o
    0x08008610   0x08008610   0x00000020   Data   RO         2225    Region$$Table       anon$$obj.o


    Execution Region RW_IRAM1 (Exec base: 0x20000000, Load base: 0x08008630, Size: 0x00001178, Max: 0x00020000, ABSOLUTE, COMPRESSED[0x00000018])

    Exec Addr    Load Addr    Size         Type   Attr      Idx    E Section Name        Object

    0x20000000   COMPRESSED   0x00000008   Data   RW          413    .data..L_MergedGlobals  stm32g4xx_hal.o
    0x20000008   COMPRESSED   0x00000004   Data   RW         1815    .data.SystemCoreClock  system_stm32g4xx.o
    0x2000000c   COMPRESSED   0x00000178   Data   RW         1871    .data._ZN8supercap14g_control_taskE  global_instances.o
    0x20000184   COMPRESSED   0x00000004   PAD
    0x20000188        -       0x00000060   Zero   RW         2090    .bss                c_w.l(libspace.o)
    0x200001e8        -       0x00000068   Zero   RW           57    .bss..L_MergedGlobals  adc.o
    0x20000250        -       0x0000001c   Zero   RW         1870    .bss._ZN8supercap16g_super_cap_commE  global_instances.o
    0x2000026c        -       0x00000008   Zero   RW         1899    .bss._ZN8supercapL7tx_dataE  super_cap_comm.o
    0x20000274        -       0x00000028   Zero   RW         1900    .bss._ZN8supercapL9rx_headerE  super_cap_comm.o
    0x2000029c        -       0x00000004   Zero   RW         1971    .bss.g_dbg_battery_power  debug_vars.o
    0x200002a0        -       0x00000004   Zero   RW         1970    .bss.g_dbg_boost_duty  debug_vars.o
    0x200002a4        -       0x00000004   Zero   RW         1969    .bss.g_dbg_buck_duty  debug_vars.o
    0x200002a8        -       0x00000004   Zero   RW         1935    .bss.g_dbg_bus_power_target  debug_vars.o
    0x200002ac        -       0x00000008   Zero   RW         1968    .bss.g_dbg_busvloop_err  debug_vars.o
    0x200002b4        -       0x00000004   Zero   RW         1966    .bss.g_dbg_busvloop_iout  debug_vars.o
    0x200002b8        -       0x00000004   Zero   RW         1964    .bss.g_dbg_busvloop_ki  debug_vars.o
    0x200002bc        -       0x00000004   Zero   RW         1963    .bss.g_dbg_busvloop_kp  debug_vars.o
    0x200002c0        -       0x00000004   Zero   RW         1967    .bss.g_dbg_busvloop_out  debug_vars.o
    0x200002c4        -       0x00000004   Zero   RW         1965    .bss.g_dbg_busvloop_pout  debug_vars.o
    0x200002c8        -       0x00000004   Zero   RW         1943    .bss.g_dbg_can_disable_cnt  debug_vars.o
    0x200002cc        -       0x00000001   Zero   RW         1944    .bss.g_dbg_can_disable_flag  debug_vars.o
    0x200002cd   COMPRESSED   0x00000001   PAD
    0x200002ce        -       0x00000002   Zero   RW         1946    .bss.g_dbg_can_div_cnt  debug_vars.o
    0x200002d0        -       0x00000004   Zero   RW         1972    .bss.g_dbg_can_last_tick  debug_vars.o
    0x200002d4        -       0x00000004   Zero   RW         1937    .bss.g_dbg_cap_v_max  debug_vars.o
    0x200002d8        -       0x00000004   Zero   RW         1925    .bss.g_dbg_ccap     debug_vars.o
    0x200002dc        -       0x00000004   Zero   RW         1922    .bss.g_dbg_cin      debug_vars.o
    0x200002e0        -       0x00000004   Zero   RW         1941    .bss.g_dbg_cloop_ref  debug_vars.o
    0x200002e4        -       0x00000004   Zero   RW         1923    .bss.g_dbg_cout     debug_vars.o
    0x200002e8        -       0x00000004   Zero   RW         1947    .bss.g_dbg_ffd_ratio  debug_vars.o
    0x200002ec        -       0x00000008   Zero   RW         1962    .bss.g_dbg_ploop_err  debug_vars.o
    0x200002f4        -       0x00000004   Zero   RW         1960    .bss.g_dbg_ploop_iout  debug_vars.o
    0x200002f8        -       0x00000004   Zero   RW         1958    .bss.g_dbg_ploop_ki  debug_vars.o
    0x200002fc        -       0x00000004   Zero   RW         1957    .bss.g_dbg_ploop_kp  debug_vars.o
    0x20000300        -       0x00000004   Zero   RW         1961    .bss.g_dbg_ploop_out  debug_vars.o
    0x20000304        -       0x00000004   Zero   RW         1959    .bss.g_dbg_ploop_pout  debug_vars.o
    0x20000308        -       0x00000004   Zero   RW         1939    .bss.g_dbg_ploop_ref  debug_vars.o
    0x2000030c        -       0x00000004   Zero   RW         1936    .bss.g_dbg_power_set  debug_vars.o
    0x20000310        -       0x00000002   Zero   RW         1945    .bss.g_dbg_power_start_tick  debug_vars.o
    0x20000312        -       0x00000010   Zero   RW         1933    .bss.g_dbg_raw_ccap  debug_vars.o
    0x20000322        -       0x00000010   Zero   RW         1930    .bss.g_dbg_raw_cin  debug_vars.o
    0x20000332        -       0x00000010   Zero   RW         1931    .bss.g_dbg_raw_cout  debug_vars.o
    0x20000342        -       0x00000010   Zero   RW         1932    .bss.g_dbg_raw_vcap  debug_vars.o
    0x20000352        -       0x00000010   Zero   RW         1929    .bss.g_dbg_raw_vin  debug_vars.o
    0x20000362        -       0x00000001   Zero   RW         1942    .bss.g_dbg_restart_flag  debug_vars.o
    0x20000363        -       0x00000001   Zero   RW         1948    .bss.g_dbg_startup_charging  debug_vars.o
    0x20000364        -       0x00000001   Zero   RW         1934    .bss.g_dbg_state    debug_vars.o
    0x20000365   COMPRESSED   0x00000003   PAD
    0x20000368        -       0x00000004   Zero   RW         1924    .bss.g_dbg_vcap     debug_vars.o
    0x2000036c        -       0x00000004   Zero   RW         1928    .bss.g_dbg_vcap_last  debug_vars.o
    0x20000370        -       0x00000004   Zero   RW         1949    .bss.g_dbg_vcap_reg_target  debug_vars.o
    0x20000374        -       0x00000004   Zero   RW         1921    .bss.g_dbg_vin      debug_vars.o
    0x20000378        -       0x00000004   Zero   RW         1927    .bss.g_dbg_vin_last  debug_vars.o
    0x2000037c        -       0x00000008   Zero   RW         1956    .bss.g_dbg_vloop_err  debug_vars.o
    0x20000384        -       0x00000004   Zero   RW         1954    .bss.g_dbg_vloop_iout  debug_vars.o
    0x20000388        -       0x00000004   Zero   RW         1952    .bss.g_dbg_vloop_ki  debug_vars.o
    0x2000038c        -       0x00000004   Zero   RW         1951    .bss.g_dbg_vloop_kp  debug_vars.o
    0x20000390        -       0x00000004   Zero   RW         1955    .bss.g_dbg_vloop_out  debug_vars.o
    0x20000394        -       0x00000004   Zero   RW         1953    .bss.g_dbg_vloop_pout  debug_vars.o
    0x20000398        -       0x00000004   Zero   RW         1940    .bss.g_dbg_vloop_ref  debug_vars.o
    0x2000039c        -       0x00000004   Zero   RW         1938    .bss.g_dbg_volt_ratio  debug_vars.o
    0x200003a0        -       0x00000004   Zero   RW         1926    .bss.g_dbg_vout     debug_vars.o
    0x200003a4        -       0x00000004   Zero   RW         1950    .bss.g_dbg_work_tick  debug_vars.o
    0x200003a8        -       0x0000006c   Zero   RW           48    .bss.hadc1          adc.o
    0x20000414        -       0x0000006c   Zero   RW           49    .bss.hadc2          adc.o
    0x20000480        -       0x0000006c   Zero   RW           50    .bss.hadc3          adc.o
    0x200004ec        -       0x0000006c   Zero   RW           51    .bss.hadc4          adc.o
    0x20000558        -       0x0000006c   Zero   RW           52    .bss.hadc5          adc.o
    0x200005c4        -       0x00000060   Zero   RW           53    .bss.hdma_adc2      adc.o
    0x20000624        -       0x00000060   Zero   RW           54    .bss.hdma_adc3      adc.o
    0x20000684        -       0x00000060   Zero   RW           55    .bss.hdma_adc4      adc.o
    0x200006e4        -       0x00000060   Zero   RW           56    .bss.hdma_adc5      adc.o
    0x20000744        -       0x00000060   Zero   RW          138    .bss.hdma_usart1_rx  usart.o
    0x200007a4        -       0x00000060   Zero   RW          139    .bss.hdma_usart1_tx  usart.o
    0x20000804        -       0x00000064   Zero   RW           81    .bss.hfdcan2        fdcan.o
    0x20000868        -       0x000000fc   Zero   RW           98    .bss.hhrtim1        hrtim.o
    0x20000964        -       0x0000004c   Zero   RW          117    .bss.htim2          tim.o
    0x200009b0        -       0x0000004c   Zero   RW          118    .bss.htim3          tim.o
    0x200009fc        -       0x0000004c   Zero   RW          119    .bss.htim4          tim.o
    0x20000a48        -       0x00000094   Zero   RW          137    .bss.huart1         usart.o
    0x20000adc        -       0x00000094   Zero   RW          136    .bss.huart4         usart.o
    0x20000b70        -       0x00000004   Zero   RW          412    .bss.uwTick         stm32g4xx_hal.o
    0x20000b74   COMPRESSED   0x00000004   PAD
    0x20000b78        -       0x00000200   Zero   RW            2    HEAP                startup_stm32g474xx.o
    0x20000d78        -       0x00000400   Zero   RW            1    STACK               startup_stm32g474xx.o


==============================================================================

Image component sizes


      Code (inc. data)   RO Data    RW Data    ZI Data      Debug   Object Name

      1712         14          0          0       1028       9323   adc.o
      1192        188          0          0          0       9452   adc_sampler.o
        12          0          0          0          0       1596   app_init.o
       324         20          0          0          0       4570   buckboost.o
      3380        138          0          0          0      29281   control_task.o
       156          4          0          0          0      11698   debug_interface.o
         0          0          0          0        264       3216   debug_vars.o
       184          0          0          0          0       4170   dma.o
       258          0          0          0        100       8249   fdcan.o
         0          0          0        376         28      10274   global_instances.o
        86          0          0          0          0       1641   gpio.o
      1008          0          0          0        252      10907   hrtim.o
       176          0          0          0          0       3037   main.o
       174          0          0          0          0       3340   pid_controller.o
        64         26        472          0       1536        860   startup_stm32g474xx.o
       182          0          0          8          4       9602   stm32g4xx_hal.o
      2372          0          0          0          0      28752   stm32g4xx_hal_adc.o
       520          0          0          0          0      24115   stm32g4xx_hal_adc_ex.o
       196          0          0          0          0      11092   stm32g4xx_hal_cortex.o
       922          0          0          0          0       9172   stm32g4xx_hal_dma.o
      2122          0         16          0          0      23505   stm32g4xx_hal_fdcan.o
       434          0          0          0          0       5256   stm32g4xx_hal_gpio.o
      3556        352          0          0          0      77840   stm32g4xx_hal_hrtim.o
        68          0          0          0          0       1765   stm32g4xx_hal_msp.o
       288          0          0          0          0       9290   stm32g4xx_hal_pwr_ex.o
      2216          0          0          0          0      10322   stm32g4xx_hal_rcc.o
       726          0          0          0          0      11415   stm32g4xx_hal_rcc_ex.o
      1634          0          0          0          0      63894   stm32g4xx_hal_tim.o
       236          0          0          0          0      31002   stm32g4xx_hal_tim_ex.o
      4728         48         40          0          0      42887   stm32g4xx_hal_uart.o
       340          0         16          0          0      11293   stm32g4xx_hal_uart_ex.o
       164          0          0          0          0       9796   stm32g4xx_it.o
       600          8          0          0         48       8921   super_cap_comm.o
        18          0         24          4          0       2787   system_stm32g4xx.o
       506          0          0          0        228       9594   tim.o
       646          0          0          0        488       9823   usart.o

    ----------------------------------------------------------------------
     31392        798        602        388       3988     523737   Object Totals
         0          0         32          0          0          0   (incl. Generated)
       192          0          2          0         12          0   (incl. Padding)

    ----------------------------------------------------------------------

      Code (inc. data)   RO Data    RW Data    ZI Data      Debug   Library Member Name

        58          0          0          0          0          0   __dczerorl.o
         8          0          0          0          0         68   __main.o
         0          0          0          0          0          0   __rtentry.o
        12          0          0          0          0          0   __rtentry2.o
         6          0          0          0          0          0   __rtentry4.o
        94          8          0          0          0          0   __scatter.o
        28          0          0          0          0          0   __scatter_zi.o
        18          0          0          0          0         80   exit.o
         6          0          0          0          0        152   heapauxi.o
         0          0          0          0          0          0   indicate_semi.o
         2          0          0          0          0          0   libinit.o
         6          0          0          0          0          0   libinit2.o
         2          0          0          0          0          0   libshutdown.o
         2          0          0          0          0          0   libshutdown2.o
         8          4          0          0         96         68   libspace.o
       240          0          0          0          0        100   lludivv7m.o
        78          0          0          0          0         80   rt_memclr_w.o
         2          0          0          0          0          0   rtexit.o
        10          0          0          0          0          0   rtexit2.o
        12          4          0          0          0         68   sys_exit.o
        74          0          0          0          0         80   sys_stackheap_outer.o
         2          0          0          0          0         68   use_no_semi.o
        98          4          0          0          0        140   d2f.o
       812         16          0          0          0        392   daddsub_clz.o
       340         12          0          0          0        152   dmul.o
       156          4          0          0          0        140   dnaninf.o
        12          0          0          0          0        116   dretinf.o
        86          4          0          0          0        132   f2d.o
       140          4          0          0          0        132   fnaninf.o
        26          0          0          0          0        116   fpinit.o
        10          0          0          0          0        116   fretinf.o
         0          0          0          0          0          0   usenofp.o

    ----------------------------------------------------------------------
      2358         60          0          0         96       2200   Library Totals
        10          0          0          0          0          0   (incl. Padding)

    ----------------------------------------------------------------------

      Code (inc. data)   RO Data    RW Data    ZI Data      Debug   Library Name

       668         16          0          0         96        764   c_w.l
      1680         44          0          0          0       1436   fz_wm.l

    ----------------------------------------------------------------------
      2358         60          0          0         96       2200   Library Totals

    ----------------------------------------------------------------------

==============================================================================


      Code (inc. data)   RO Data    RW Data    ZI Data      Debug   

     33750        858        602        388       4084     524205   Grand Totals
     33750        858        602         24       4084     524205   ELF Image Totals (compressed)
     33750        858        602         24          0          0   ROM Totals

==============================================================================

    Total RO  Size (Code + RO Data)                34352 (  33.55kB)
    Total RW  Size (RW Data + ZI Data)              4472 (   4.37kB)
    Total ROM Size (Code + RO Data + RW Data)      34376 (  33.57kB)

==============================================================================

